Archive member included to satisfy reference by file (symbol)

/usr/lib/gcc/arm-none-eabi/9.2.1/../../../arm-none-eabi/lib/thumb/v6-m/nofp/libstdc++_nano.a(atexit_arm.o)
                              build/main.o (__aeabi_atexit)
/usr/lib/gcc/arm-none-eabi/9.2.1/../../../arm-none-eabi/lib/thumb/v6-m/nofp/libc_nano.a(lib_a-atexit.o)
                              /usr/lib/gcc/arm-none-eabi/9.2.1/../../../arm-none-eabi/lib/thumb/v6-m/nofp/crt0.o (atexit)
/usr/lib/gcc/arm-none-eabi/9.2.1/../../../arm-none-eabi/lib/thumb/v6-m/nofp/libc_nano.a(lib_a-cxa_atexit.o)
                              /usr/lib/gcc/arm-none-eabi/9.2.1/../../../arm-none-eabi/lib/thumb/v6-m/nofp/libstdc++_nano.a(atexit_arm.o) (__cxa_atexit)
/usr/lib/gcc/arm-none-eabi/9.2.1/../../../arm-none-eabi/lib/thumb/v6-m/nofp/libc_nano.a(lib_a-exit.o)
                              /usr/lib/gcc/arm-none-eabi/9.2.1/../../../arm-none-eabi/lib/thumb/v6-m/nofp/crt0.o (exit)
/usr/lib/gcc/arm-none-eabi/9.2.1/../../../arm-none-eabi/lib/thumb/v6-m/nofp/libc_nano.a(lib_a-fini.o)
                              /usr/lib/gcc/arm-none-eabi/9.2.1/../../../arm-none-eabi/lib/thumb/v6-m/nofp/crt0.o (__libc_fini_array)
/usr/lib/gcc/arm-none-eabi/9.2.1/../../../arm-none-eabi/lib/thumb/v6-m/nofp/libc_nano.a(lib_a-impure.o)
                              /usr/lib/gcc/arm-none-eabi/9.2.1/../../../arm-none-eabi/lib/thumb/v6-m/nofp/libc_nano.a(lib_a-exit.o) (_global_impure_ptr)
/usr/lib/gcc/arm-none-eabi/9.2.1/../../../arm-none-eabi/lib/thumb/v6-m/nofp/libc_nano.a(lib_a-init.o)
                              /usr/lib/gcc/arm-none-eabi/9.2.1/../../../arm-none-eabi/lib/thumb/v6-m/nofp/crt0.o (__libc_init_array)
/usr/lib/gcc/arm-none-eabi/9.2.1/../../../arm-none-eabi/lib/thumb/v6-m/nofp/libc_nano.a(lib_a-memcpy-stub.o)
                              build/main.o (memcpy)
/usr/lib/gcc/arm-none-eabi/9.2.1/../../../arm-none-eabi/lib/thumb/v6-m/nofp/libc_nano.a(lib_a-memset.o)
                              /usr/lib/gcc/arm-none-eabi/9.2.1/../../../arm-none-eabi/lib/thumb/v6-m/nofp/crt0.o (memset)
/usr/lib/gcc/arm-none-eabi/9.2.1/../../../arm-none-eabi/lib/thumb/v6-m/nofp/libc_nano.a(lib_a-on_exit_args.o)
                              /usr/lib/gcc/arm-none-eabi/9.2.1/../../../arm-none-eabi/lib/thumb/v6-m/nofp/libc_nano.a(lib_a-cxa_atexit.o) (__on_exit_args)
/usr/lib/gcc/arm-none-eabi/9.2.1/../../../arm-none-eabi/lib/thumb/v6-m/nofp/libc_nano.a(lib_a-__atexit.o)
                              /usr/lib/gcc/arm-none-eabi/9.2.1/../../../arm-none-eabi/lib/thumb/v6-m/nofp/libc_nano.a(lib_a-atexit.o) (__register_exitproc)
/usr/lib/gcc/arm-none-eabi/9.2.1/../../../arm-none-eabi/lib/thumb/v6-m/nofp/libc_nano.a(lib_a-__call_atexit.o)
                              /usr/lib/gcc/arm-none-eabi/9.2.1/../../../arm-none-eabi/lib/thumb/v6-m/nofp/libc_nano.a(lib_a-__atexit.o) (__call_exitprocs)
/usr/lib/gcc/arm-none-eabi/9.2.1/thumb/v6-m/nofp/libgcc.a(_thumb1_case_uqi.o)
                              build/main.o (__gnu_thumb1_case_uqi)
/usr/lib/gcc/arm-none-eabi/9.2.1/thumb/v6-m/nofp/libgcc.a(_udivsi3.o)
                              build/main.o (__aeabi_uidiv)
/usr/lib/gcc/arm-none-eabi/9.2.1/thumb/v6-m/nofp/libgcc.a(_divsi3.o)
                              build/main.o (__aeabi_idiv)
/usr/lib/gcc/arm-none-eabi/9.2.1/thumb/v6-m/nofp/libgcc.a(_dvmd_tls.o)
                              /usr/lib/gcc/arm-none-eabi/9.2.1/thumb/v6-m/nofp/libgcc.a(_udivsi3.o) (__aeabi_idiv0)
/usr/lib/gcc/arm-none-eabi/9.2.1/../../../arm-none-eabi/lib/thumb/v6-m/nofp/libnosys.a(_exit.o)
                              /usr/lib/gcc/arm-none-eabi/9.2.1/../../../arm-none-eabi/lib/thumb/v6-m/nofp/libc_nano.a(lib_a-exit.o) (_exit)

Discarded input sections

 .text          0x0000000000000000        0x0 /usr/lib/gcc/arm-none-eabi/9.2.1/thumb/v6-m/nofp/crti.o
 .data          0x0000000000000000        0x0 /usr/lib/gcc/arm-none-eabi/9.2.1/thumb/v6-m/nofp/crti.o
 .bss           0x0000000000000000        0x0 /usr/lib/gcc/arm-none-eabi/9.2.1/thumb/v6-m/nofp/crti.o
 .text          0x0000000000000000       0x74 /usr/lib/gcc/arm-none-eabi/9.2.1/../../../arm-none-eabi/lib/thumb/v6-m/nofp/crt0.o
 .data          0x0000000000000000        0x0 /usr/lib/gcc/arm-none-eabi/9.2.1/../../../arm-none-eabi/lib/thumb/v6-m/nofp/crt0.o
 .bss           0x0000000000000000        0x0 /usr/lib/gcc/arm-none-eabi/9.2.1/../../../arm-none-eabi/lib/thumb/v6-m/nofp/crt0.o
 .ARM.extab     0x0000000000000000        0x0 /usr/lib/gcc/arm-none-eabi/9.2.1/../../../arm-none-eabi/lib/thumb/v6-m/nofp/crt0.o
 .ARM.exidx     0x0000000000000000       0x10 /usr/lib/gcc/arm-none-eabi/9.2.1/../../../arm-none-eabi/lib/thumb/v6-m/nofp/crt0.o
 .debug_line    0x0000000000000000       0x8c /usr/lib/gcc/arm-none-eabi/9.2.1/../../../arm-none-eabi/lib/thumb/v6-m/nofp/crt0.o
 .debug_info    0x0000000000000000       0x26 /usr/lib/gcc/arm-none-eabi/9.2.1/../../../arm-none-eabi/lib/thumb/v6-m/nofp/crt0.o
 .debug_abbrev  0x0000000000000000       0x14 /usr/lib/gcc/arm-none-eabi/9.2.1/../../../arm-none-eabi/lib/thumb/v6-m/nofp/crt0.o
 .debug_aranges
                0x0000000000000000       0x20 /usr/lib/gcc/arm-none-eabi/9.2.1/../../../arm-none-eabi/lib/thumb/v6-m/nofp/crt0.o
 .debug_str     0x0000000000000000       0x94 /usr/lib/gcc/arm-none-eabi/9.2.1/../../../arm-none-eabi/lib/thumb/v6-m/nofp/crt0.o
 .ARM.attributes
                0x0000000000000000       0x1b /usr/lib/gcc/arm-none-eabi/9.2.1/../../../arm-none-eabi/lib/thumb/v6-m/nofp/crt0.o
 .group         0x0000000000000000        0x8 build/main.o
 .group         0x0000000000000000        0xc build/main.o
 .group         0x0000000000000000        0x8 build/main.o
 .group         0x0000000000000000        0x8 build/main.o
 .group         0x0000000000000000        0x8 build/main.o
 .group         0x0000000000000000        0xc build/main.o
 .group         0x0000000000000000        0xc build/main.o
 .group         0x0000000000000000        0xc build/main.o
 .group         0x0000000000000000        0x8 build/main.o
 .group         0x0000000000000000        0xc build/main.o
 .group         0x0000000000000000        0x8 build/main.o
 .group         0x0000000000000000        0xc build/main.o
 .group         0x0000000000000000        0xc build/main.o
 .group         0x0000000000000000        0xc build/main.o
 .group         0x0000000000000000        0xc build/main.o
 .group         0x0000000000000000        0x8 build/main.o
 .group         0x0000000000000000        0x8 build/main.o
 .group         0x0000000000000000        0xc build/main.o
 .group         0x0000000000000000        0x8 build/main.o
 .group         0x0000000000000000        0xc build/main.o
 .group         0x0000000000000000        0xc build/main.o
 .group         0x0000000000000000        0xc build/main.o
 .group         0x0000000000000000        0xc build/main.o
 .group         0x0000000000000000        0x8 build/main.o
 .group         0x0000000000000000        0xc build/main.o
 .group         0x0000000000000000        0xc build/main.o
 .group         0x0000000000000000        0xc build/main.o
 .group         0x0000000000000000        0xc build/main.o
 .group         0x0000000000000000        0x8 build/main.o
 .group         0x0000000000000000        0x8 build/main.o
 .group         0x0000000000000000        0x8 build/main.o
 .group         0x0000000000000000        0x8 build/main.o
 .group         0x0000000000000000        0x8 build/main.o
 .group         0x0000000000000000        0x8 build/main.o
 .group         0x0000000000000000        0x8 build/main.o
 .group         0x0000000000000000        0x8 build/main.o
 .group         0x0000000000000000        0x8 build/main.o
 .group         0x0000000000000000        0x8 build/main.o
 .group         0x0000000000000000        0x8 build/main.o
 .group         0x0000000000000000        0x8 build/main.o
 .group         0x0000000000000000        0x8 build/main.o
 .group         0x0000000000000000        0x8 build/main.o
 .group         0x0000000000000000        0x8 build/main.o
 .group         0x0000000000000000        0x8 build/main.o
 .group         0x0000000000000000        0x8 build/main.o
 .group         0x0000000000000000        0x8 build/main.o
 .group         0x0000000000000000        0x8 build/main.o
 .group         0x0000000000000000        0x8 build/main.o
 .group         0x0000000000000000        0x8 build/main.o
 .group         0x0000000000000000        0x8 build/main.o
 .text          0x0000000000000000        0x0 build/main.o
 .data          0x0000000000000000        0x0 build/main.o
 .bss           0x0000000000000000        0x0 build/main.o
 .text._ZN3mcu3DMA21clear_interrupt_flagsENS0_7ChannelE
                0x0000000000000000        0xe build/main.o
 .text._ZN3mcu3TIM14compare_enableENS0_7ChannelE
                0x0000000000000000       0x32 build/main.o
 .text._ZN3mcu3TIM15compare_disableENS0_7ChannelE
                0x0000000000000000       0x38 build/main.o
 .text._ZN3mcu3TIM16interrupt_enableENS0_7ChannelE
                0x0000000000000000       0x2c build/main.o
 .text._ZN3mcu3TIM10is_compareENS0_7ChannelE
                0x0000000000000000       0x2e build/main.o
 .text._ZN3mcu3TIM11set_compareENS0_7ChannelEm
                0x0000000000000000       0x20 build/main.o
 .text._ZN3mcu4EXTI11set_triggerENS0_4EdgeEib
                0x0000000000000000       0x38 build/main.o
 .text._ZN3mcu4EXTI14toggle_triggerENS0_4EdgeEi
                0x0000000000000000       0x22 build/main.o
 .text._ZN3mcu4EXTI21clear_interrupt_flagsEi
                0x0000000000000000       0x34 build/main.o
 .text._ZN5Timer4doneEv
                0x0000000000000000        0xe build/main.o
 .text._ZN5Timer7isCountEv
                0x0000000000000000        0x4 build/main.o
 .text._ZN5Timer10timePassedEv
                0x0000000000000000        0x4 build/main.o
 .text._ZN5Timer8timeLeftEv
                0x0000000000000000        0x8 build/main.o
 .text._ZN5Timer9isGreaterEm
                0x0000000000000000        0xa build/main.o
 .text._ZN5Timer4stopEv
                0x0000000000000000        0xc build/main.o
 .text._ZN5Timer5pauseEv
                0x0000000000000000        0x8 build/main.o
 .text._ZN5Timer5startEm
                0x0000000000000000        0xa build/main.o
 .text._ZN5Timer5startEv
                0x0000000000000000        0x8 build/main.o
 .text          0x0000000000000000       0x14 build/startup_stm32f030x6.o
 .data          0x0000000000000000        0x0 build/startup_stm32f030x6.o
 .bss           0x0000000000000000        0x0 build/startup_stm32f030x6.o
 .text          0x0000000000000000        0x0 /usr/lib/gcc/arm-none-eabi/9.2.1/../../../arm-none-eabi/lib/thumb/v6-m/nofp/libstdc++_nano.a(atexit_arm.o)
 .data          0x0000000000000000        0x0 /usr/lib/gcc/arm-none-eabi/9.2.1/../../../arm-none-eabi/lib/thumb/v6-m/nofp/libstdc++_nano.a(atexit_arm.o)
 .bss           0x0000000000000000        0x0 /usr/lib/gcc/arm-none-eabi/9.2.1/../../../arm-none-eabi/lib/thumb/v6-m/nofp/libstdc++_nano.a(atexit_arm.o)
 .text          0x0000000000000000       0x10 /usr/lib/gcc/arm-none-eabi/9.2.1/../../../arm-none-eabi/lib/thumb/v6-m/nofp/libc_nano.a(lib_a-atexit.o)
 .data          0x0000000000000000        0x0 /usr/lib/gcc/arm-none-eabi/9.2.1/../../../arm-none-eabi/lib/thumb/v6-m/nofp/libc_nano.a(lib_a-atexit.o)
 .bss           0x0000000000000000        0x0 /usr/lib/gcc/arm-none-eabi/9.2.1/../../../arm-none-eabi/lib/thumb/v6-m/nofp/libc_nano.a(lib_a-atexit.o)
 .debug_info    0x0000000000000000      0x995 /usr/lib/gcc/arm-none-eabi/9.2.1/../../../arm-none-eabi/lib/thumb/v6-m/nofp/libc_nano.a(lib_a-atexit.o)
 .debug_abbrev  0x0000000000000000      0x1f1 /usr/lib/gcc/arm-none-eabi/9.2.1/../../../arm-none-eabi/lib/thumb/v6-m/nofp/libc_nano.a(lib_a-atexit.o)
 .debug_loc     0x0000000000000000       0x32 /usr/lib/gcc/arm-none-eabi/9.2.1/../../../arm-none-eabi/lib/thumb/v6-m/nofp/libc_nano.a(lib_a-atexit.o)
 .debug_aranges
                0x0000000000000000       0x20 /usr/lib/gcc/arm-none-eabi/9.2.1/../../../arm-none-eabi/lib/thumb/v6-m/nofp/libc_nano.a(lib_a-atexit.o)
 .debug_line    0x0000000000000000      0x152 /usr/lib/gcc/arm-none-eabi/9.2.1/../../../arm-none-eabi/lib/thumb/v6-m/nofp/libc_nano.a(lib_a-atexit.o)
 .debug_str     0x0000000000000000      0x626 /usr/lib/gcc/arm-none-eabi/9.2.1/../../../arm-none-eabi/lib/thumb/v6-m/nofp/libc_nano.a(lib_a-atexit.o)
 .comment       0x0000000000000000       0x4f /usr/lib/gcc/arm-none-eabi/9.2.1/../../../arm-none-eabi/lib/thumb/v6-m/nofp/libc_nano.a(lib_a-atexit.o)
 .debug_frame   0x0000000000000000       0x28 /usr/lib/gcc/arm-none-eabi/9.2.1/../../../arm-none-eabi/lib/thumb/v6-m/nofp/libc_nano.a(lib_a-atexit.o)
 .ARM.attributes
                0x0000000000000000       0x2c /usr/lib/gcc/arm-none-eabi/9.2.1/../../../arm-none-eabi/lib/thumb/v6-m/nofp/libc_nano.a(lib_a-atexit.o)
 .data          0x0000000000000000        0x0 /usr/lib/gcc/arm-none-eabi/9.2.1/../../../arm-none-eabi/lib/thumb/v6-m/nofp/libc_nano.a(lib_a-cxa_atexit.o)
 .bss           0x0000000000000000        0x0 /usr/lib/gcc/arm-none-eabi/9.2.1/../../../arm-none-eabi/lib/thumb/v6-m/nofp/libc_nano.a(lib_a-cxa_atexit.o)
 .rodata        0x0000000000000000        0x4 /usr/lib/gcc/arm-none-eabi/9.2.1/../../../arm-none-eabi/lib/thumb/v6-m/nofp/libc_nano.a(lib_a-cxa_atexit.o)
 .text          0x0000000000000000       0x2c /usr/lib/gcc/arm-none-eabi/9.2.1/../../../arm-none-eabi/lib/thumb/v6-m/nofp/libc_nano.a(lib_a-exit.o)
 .data          0x0000000000000000        0x0 /usr/lib/gcc/arm-none-eabi/9.2.1/../../../arm-none-eabi/lib/thumb/v6-m/nofp/libc_nano.a(lib_a-exit.o)
 .bss           0x0000000000000000        0x0 /usr/lib/gcc/arm-none-eabi/9.2.1/../../../arm-none-eabi/lib/thumb/v6-m/nofp/libc_nano.a(lib_a-exit.o)
 .debug_info    0x0000000000000000      0x9e7 /usr/lib/gcc/arm-none-eabi/9.2.1/../../../arm-none-eabi/lib/thumb/v6-m/nofp/libc_nano.a(lib_a-exit.o)
 .debug_abbrev  0x0000000000000000      0x1f6 /usr/lib/gcc/arm-none-eabi/9.2.1/../../../arm-none-eabi/lib/thumb/v6-m/nofp/libc_nano.a(lib_a-exit.o)
 .debug_loc     0x0000000000000000       0x22 /usr/lib/gcc/arm-none-eabi/9.2.1/../../../arm-none-eabi/lib/thumb/v6-m/nofp/libc_nano.a(lib_a-exit.o)
 .debug_aranges
                0x0000000000000000       0x20 /usr/lib/gcc/arm-none-eabi/9.2.1/../../../arm-none-eabi/lib/thumb/v6-m/nofp/libc_nano.a(lib_a-exit.o)
 .debug_line    0x0000000000000000      0x16a /usr/lib/gcc/arm-none-eabi/9.2.1/../../../arm-none-eabi/lib/thumb/v6-m/nofp/libc_nano.a(lib_a-exit.o)
 .debug_str     0x0000000000000000      0x627 /usr/lib/gcc/arm-none-eabi/9.2.1/../../../arm-none-eabi/lib/thumb/v6-m/nofp/libc_nano.a(lib_a-exit.o)
 .comment       0x0000000000000000       0x4f /usr/lib/gcc/arm-none-eabi/9.2.1/../../../arm-none-eabi/lib/thumb/v6-m/nofp/libc_nano.a(lib_a-exit.o)
 .debug_frame   0x0000000000000000       0x28 /usr/lib/gcc/arm-none-eabi/9.2.1/../../../arm-none-eabi/lib/thumb/v6-m/nofp/libc_nano.a(lib_a-exit.o)
 .ARM.attributes
                0x0000000000000000       0x2c /usr/lib/gcc/arm-none-eabi/9.2.1/../../../arm-none-eabi/lib/thumb/v6-m/nofp/libc_nano.a(lib_a-exit.o)
 .text          0x0000000000000000       0x28 /usr/lib/gcc/arm-none-eabi/9.2.1/../../../arm-none-eabi/lib/thumb/v6-m/nofp/libc_nano.a(lib_a-fini.o)
 .data          0x0000000000000000        0x0 /usr/lib/gcc/arm-none-eabi/9.2.1/../../../arm-none-eabi/lib/thumb/v6-m/nofp/libc_nano.a(lib_a-fini.o)
 .bss           0x0000000000000000        0x0 /usr/lib/gcc/arm-none-eabi/9.2.1/../../../arm-none-eabi/lib/thumb/v6-m/nofp/libc_nano.a(lib_a-fini.o)
 .debug_info    0x0000000000000000      0x102 /usr/lib/gcc/arm-none-eabi/9.2.1/../../../arm-none-eabi/lib/thumb/v6-m/nofp/libc_nano.a(lib_a-fini.o)
 .debug_abbrev  0x0000000000000000       0xcc /usr/lib/gcc/arm-none-eabi/9.2.1/../../../arm-none-eabi/lib/thumb/v6-m/nofp/libc_nano.a(lib_a-fini.o)
 .debug_loc     0x0000000000000000       0x46 /usr/lib/gcc/arm-none-eabi/9.2.1/../../../arm-none-eabi/lib/thumb/v6-m/nofp/libc_nano.a(lib_a-fini.o)
 .debug_aranges
                0x0000000000000000       0x20 /usr/lib/gcc/arm-none-eabi/9.2.1/../../../arm-none-eabi/lib/thumb/v6-m/nofp/libc_nano.a(lib_a-fini.o)
 .debug_line    0x0000000000000000       0xd4 /usr/lib/gcc/arm-none-eabi/9.2.1/../../../arm-none-eabi/lib/thumb/v6-m/nofp/libc_nano.a(lib_a-fini.o)
 .debug_str     0x0000000000000000      0x1f8 /usr/lib/gcc/arm-none-eabi/9.2.1/../../../arm-none-eabi/lib/thumb/v6-m/nofp/libc_nano.a(lib_a-fini.o)
 .comment       0x0000000000000000       0x4f /usr/lib/gcc/arm-none-eabi/9.2.1/../../../arm-none-eabi/lib/thumb/v6-m/nofp/libc_nano.a(lib_a-fini.o)
 .debug_frame   0x0000000000000000       0x2c /usr/lib/gcc/arm-none-eabi/9.2.1/../../../arm-none-eabi/lib/thumb/v6-m/nofp/libc_nano.a(lib_a-fini.o)
 .ARM.attributes
                0x0000000000000000       0x2c /usr/lib/gcc/arm-none-eabi/9.2.1/../../../arm-none-eabi/lib/thumb/v6-m/nofp/libc_nano.a(lib_a-fini.o)
 .text          0x0000000000000000        0x0 /usr/lib/gcc/arm-none-eabi/9.2.1/../../../arm-none-eabi/lib/thumb/v6-m/nofp/libc_nano.a(lib_a-impure.o)
 .data          0x0000000000000000       0x64 /usr/lib/gcc/arm-none-eabi/9.2.1/../../../arm-none-eabi/lib/thumb/v6-m/nofp/libc_nano.a(lib_a-impure.o)
 .bss           0x0000000000000000        0x0 /usr/lib/gcc/arm-none-eabi/9.2.1/../../../arm-none-eabi/lib/thumb/v6-m/nofp/libc_nano.a(lib_a-impure.o)
 .rodata        0x0000000000000000        0x4 /usr/lib/gcc/arm-none-eabi/9.2.1/../../../arm-none-eabi/lib/thumb/v6-m/nofp/libc_nano.a(lib_a-impure.o)
 .debug_info    0x0000000000000000      0x92a /usr/lib/gcc/arm-none-eabi/9.2.1/../../../arm-none-eabi/lib/thumb/v6-m/nofp/libc_nano.a(lib_a-impure.o)
 .debug_abbrev  0x0000000000000000      0x17a /usr/lib/gcc/arm-none-eabi/9.2.1/../../../arm-none-eabi/lib/thumb/v6-m/nofp/libc_nano.a(lib_a-impure.o)
 .debug_aranges
                0x0000000000000000       0x18 /usr/lib/gcc/arm-none-eabi/9.2.1/../../../arm-none-eabi/lib/thumb/v6-m/nofp/libc_nano.a(lib_a-impure.o)
 .debug_line    0x0000000000000000       0xe3 /usr/lib/gcc/arm-none-eabi/9.2.1/../../../arm-none-eabi/lib/thumb/v6-m/nofp/libc_nano.a(lib_a-impure.o)
 .debug_str     0x0000000000000000      0x5db /usr/lib/gcc/arm-none-eabi/9.2.1/../../../arm-none-eabi/lib/thumb/v6-m/nofp/libc_nano.a(lib_a-impure.o)
 .comment       0x0000000000000000       0x4f /usr/lib/gcc/arm-none-eabi/9.2.1/../../../arm-none-eabi/lib/thumb/v6-m/nofp/libc_nano.a(lib_a-impure.o)
 .ARM.attributes
                0x0000000000000000       0x2c /usr/lib/gcc/arm-none-eabi/9.2.1/../../../arm-none-eabi/lib/thumb/v6-m/nofp/libc_nano.a(lib_a-impure.o)
 .data          0x0000000000000000        0x0 /usr/lib/gcc/arm-none-eabi/9.2.1/../../../arm-none-eabi/lib/thumb/v6-m/nofp/libc_nano.a(lib_a-init.o)
 .bss           0x0000000000000000        0x0 /usr/lib/gcc/arm-none-eabi/9.2.1/../../../arm-none-eabi/lib/thumb/v6-m/nofp/libc_nano.a(lib_a-init.o)
 .data          0x0000000000000000        0x0 /usr/lib/gcc/arm-none-eabi/9.2.1/../../../arm-none-eabi/lib/thumb/v6-m/nofp/libc_nano.a(lib_a-memcpy-stub.o)
 .bss           0x0000000000000000        0x0 /usr/lib/gcc/arm-none-eabi/9.2.1/../../../arm-none-eabi/lib/thumb/v6-m/nofp/libc_nano.a(lib_a-memcpy-stub.o)
 .data          0x0000000000000000        0x0 /usr/lib/gcc/arm-none-eabi/9.2.1/../../../arm-none-eabi/lib/thumb/v6-m/nofp/libc_nano.a(lib_a-memset.o)
 .bss           0x0000000000000000        0x0 /usr/lib/gcc/arm-none-eabi/9.2.1/../../../arm-none-eabi/lib/thumb/v6-m/nofp/libc_nano.a(lib_a-memset.o)
 .text          0x0000000000000000        0x0 /usr/lib/gcc/arm-none-eabi/9.2.1/../../../arm-none-eabi/lib/thumb/v6-m/nofp/libc_nano.a(lib_a-on_exit_args.o)
 .data          0x0000000000000000        0x0 /usr/lib/gcc/arm-none-eabi/9.2.1/../../../arm-none-eabi/lib/thumb/v6-m/nofp/libc_nano.a(lib_a-on_exit_args.o)
 .data          0x0000000000000000        0x4 /usr/lib/gcc/arm-none-eabi/9.2.1/../../../arm-none-eabi/lib/thumb/v6-m/nofp/libc_nano.a(lib_a-__atexit.o)
 .text          0x0000000000000000       0xbc /usr/lib/gcc/arm-none-eabi/9.2.1/../../../arm-none-eabi/lib/thumb/v6-m/nofp/libc_nano.a(lib_a-__call_atexit.o)
 .data          0x0000000000000000        0x0 /usr/lib/gcc/arm-none-eabi/9.2.1/../../../arm-none-eabi/lib/thumb/v6-m/nofp/libc_nano.a(lib_a-__call_atexit.o)
 .data          0x0000000000000000        0x0 /usr/lib/gcc/arm-none-eabi/9.2.1/thumb/v6-m/nofp/libgcc.a(_thumb1_case_uqi.o)
 .bss           0x0000000000000000        0x0 /usr/lib/gcc/arm-none-eabi/9.2.1/thumb/v6-m/nofp/libgcc.a(_thumb1_case_uqi.o)
 .data          0x0000000000000000        0x0 /usr/lib/gcc/arm-none-eabi/9.2.1/thumb/v6-m/nofp/libgcc.a(_udivsi3.o)
 .bss           0x0000000000000000        0x0 /usr/lib/gcc/arm-none-eabi/9.2.1/thumb/v6-m/nofp/libgcc.a(_udivsi3.o)
 .data          0x0000000000000000        0x0 /usr/lib/gcc/arm-none-eabi/9.2.1/thumb/v6-m/nofp/libgcc.a(_divsi3.o)
 .bss           0x0000000000000000        0x0 /usr/lib/gcc/arm-none-eabi/9.2.1/thumb/v6-m/nofp/libgcc.a(_divsi3.o)
 .data          0x0000000000000000        0x0 /usr/lib/gcc/arm-none-eabi/9.2.1/thumb/v6-m/nofp/libgcc.a(_dvmd_tls.o)
 .bss           0x0000000000000000        0x0 /usr/lib/gcc/arm-none-eabi/9.2.1/thumb/v6-m/nofp/libgcc.a(_dvmd_tls.o)
 .text          0x0000000000000000        0x4 /usr/lib/gcc/arm-none-eabi/9.2.1/../../../arm-none-eabi/lib/thumb/v6-m/nofp/libnosys.a(_exit.o)
 .data          0x0000000000000000        0x0 /usr/lib/gcc/arm-none-eabi/9.2.1/../../../arm-none-eabi/lib/thumb/v6-m/nofp/libnosys.a(_exit.o)
 .bss           0x0000000000000000        0x0 /usr/lib/gcc/arm-none-eabi/9.2.1/../../../arm-none-eabi/lib/thumb/v6-m/nofp/libnosys.a(_exit.o)
 .debug_info    0x0000000000000000       0xa3 /usr/lib/gcc/arm-none-eabi/9.2.1/../../../arm-none-eabi/lib/thumb/v6-m/nofp/libnosys.a(_exit.o)
 .debug_abbrev  0x0000000000000000       0x6a /usr/lib/gcc/arm-none-eabi/9.2.1/../../../arm-none-eabi/lib/thumb/v6-m/nofp/libnosys.a(_exit.o)
 .debug_loc     0x0000000000000000       0x15 /usr/lib/gcc/arm-none-eabi/9.2.1/../../../arm-none-eabi/lib/thumb/v6-m/nofp/libnosys.a(_exit.o)
 .debug_aranges
                0x0000000000000000       0x20 /usr/lib/gcc/arm-none-eabi/9.2.1/../../../arm-none-eabi/lib/thumb/v6-m/nofp/libnosys.a(_exit.o)
 .debug_line    0x0000000000000000       0x6e /usr/lib/gcc/arm-none-eabi/9.2.1/../../../arm-none-eabi/lib/thumb/v6-m/nofp/libnosys.a(_exit.o)
 .debug_str     0x0000000000000000      0x198 /usr/lib/gcc/arm-none-eabi/9.2.1/../../../arm-none-eabi/lib/thumb/v6-m/nofp/libnosys.a(_exit.o)
 .comment       0x0000000000000000       0x4f /usr/lib/gcc/arm-none-eabi/9.2.1/../../../arm-none-eabi/lib/thumb/v6-m/nofp/libnosys.a(_exit.o)
 .debug_frame   0x0000000000000000       0x20 /usr/lib/gcc/arm-none-eabi/9.2.1/../../../arm-none-eabi/lib/thumb/v6-m/nofp/libnosys.a(_exit.o)
 .ARM.attributes
                0x0000000000000000       0x2c /usr/lib/gcc/arm-none-eabi/9.2.1/../../../arm-none-eabi/lib/thumb/v6-m/nofp/libnosys.a(_exit.o)
 .text          0x0000000000000000        0x0 /usr/lib/gcc/arm-none-eabi/9.2.1/thumb/v6-m/nofp/crtend.o
 .data          0x0000000000000000        0x0 /usr/lib/gcc/arm-none-eabi/9.2.1/thumb/v6-m/nofp/crtend.o
 .bss           0x0000000000000000        0x0 /usr/lib/gcc/arm-none-eabi/9.2.1/thumb/v6-m/nofp/crtend.o
 .eh_frame      0x0000000000000000        0x4 /usr/lib/gcc/arm-none-eabi/9.2.1/thumb/v6-m/nofp/crtend.o
 .text          0x0000000000000000        0x0 /usr/lib/gcc/arm-none-eabi/9.2.1/thumb/v6-m/nofp/crtn.o
 .data          0x0000000000000000        0x0 /usr/lib/gcc/arm-none-eabi/9.2.1/thumb/v6-m/nofp/crtn.o
 .bss           0x0000000000000000        0x0 /usr/lib/gcc/arm-none-eabi/9.2.1/thumb/v6-m/nofp/crtn.o

Memory Configuration

Name             Origin             Length             Attributes
RAM              0x0000000020000000 0x0000000000001000 xrw
FLASH            0x0000000008000000 0x0000000000008000 xr
*default*        0x0000000000000000 0xffffffffffffffff

Linker script and memory map

LOAD /usr/lib/gcc/arm-none-eabi/9.2.1/thumb/v6-m/nofp/crti.o
LOAD /usr/lib/gcc/arm-none-eabi/9.2.1/thumb/v6-m/nofp/crtbegin.o
LOAD /usr/lib/gcc/arm-none-eabi/9.2.1/../../../arm-none-eabi/lib/thumb/v6-m/nofp/crt0.o
LOAD build/main.o
LOAD build/startup_stm32f030x6.o
LOAD /usr/lib/gcc/arm-none-eabi/9.2.1/../../../arm-none-eabi/lib/thumb/v6-m/nofp/libnosys.a
LOAD /usr/lib/gcc/arm-none-eabi/9.2.1/../../../arm-none-eabi/lib/thumb/v6-m/nofp/libstdc++_nano.a
LOAD /usr/lib/gcc/arm-none-eabi/9.2.1/../../../arm-none-eabi/lib/thumb/v6-m/nofp/libm.a
LOAD /usr/lib/gcc/arm-none-eabi/9.2.1/../../../arm-none-eabi/lib/thumb/v6-m/nofp/libc_nano.a
START GROUP
LOAD /usr/lib/gcc/arm-none-eabi/9.2.1/thumb/v6-m/nofp/libgcc.a
LOAD /usr/lib/gcc/arm-none-eabi/9.2.1/../../../arm-none-eabi/lib/thumb/v6-m/nofp/libc_nano.a
END GROUP
START GROUP
LOAD /usr/lib/gcc/arm-none-eabi/9.2.1/thumb/v6-m/nofp/libgcc.a
LOAD /usr/lib/gcc/arm-none-eabi/9.2.1/../../../arm-none-eabi/lib/thumb/v6-m/nofp/libc_nano.a
LOAD /usr/lib/gcc/arm-none-eabi/9.2.1/../../../arm-none-eabi/lib/thumb/v6-m/nofp/libnosys.a
END GROUP
START GROUP
LOAD /usr/lib/gcc/arm-none-eabi/9.2.1/thumb/v6-m/nofp/libgcc.a
LOAD /usr/lib/gcc/arm-none-eabi/9.2.1/../../../arm-none-eabi/lib/thumb/v6-m/nofp/libc_nano.a
LOAD /usr/lib/gcc/arm-none-eabi/9.2.1/../../../arm-none-eabi/lib/thumb/v6-m/nofp/libnosys.a
END GROUP
LOAD /usr/lib/gcc/arm-none-eabi/9.2.1/thumb/v6-m/nofp/crtend.o
LOAD /usr/lib/gcc/arm-none-eabi/9.2.1/thumb/v6-m/nofp/crtn.o
                0x0000000020001000                _estack = 0x20001000
                0x0000000000000200                _Min_Heap_Size = 0x200
                0x0000000000000400                _Min_Stack_Size = 0x400

.isr_vector     0x0000000008000000       0xc0
                0x0000000008000000                . = ALIGN (0x4)
 *(.isr_vector)
 .isr_vector    0x0000000008000000       0xc0 build/startup_stm32f030x6.o
                0x0000000008000000                g_pfnVectors
                0x00000000080000c0                . = ALIGN (0x4)

.text           0x00000000080000c0     0x214c
                0x00000000080000c0                . = ALIGN (0x4)
 *(.text)
 .text          0x00000000080000c0       0x98 /usr/lib/gcc/arm-none-eabi/9.2.1/thumb/v6-m/nofp/crtbegin.o
 .text          0x0000000008000158       0x20 /usr/lib/gcc/arm-none-eabi/9.2.1/../../../arm-none-eabi/lib/thumb/v6-m/nofp/libc_nano.a(lib_a-cxa_atexit.o)
                0x0000000008000158                __cxa_atexit
 .text          0x0000000008000178       0x44 /usr/lib/gcc/arm-none-eabi/9.2.1/../../../arm-none-eabi/lib/thumb/v6-m/nofp/libc_nano.a(lib_a-init.o)
                0x0000000008000178                __libc_init_array
 .text          0x00000000080001bc       0xa8 /usr/lib/gcc/arm-none-eabi/9.2.1/../../../arm-none-eabi/lib/thumb/v6-m/nofp/libc_nano.a(lib_a-memcpy-stub.o)
                0x00000000080001bc                memcpy
 .text          0x0000000008000264       0xa8 /usr/lib/gcc/arm-none-eabi/9.2.1/../../../arm-none-eabi/lib/thumb/v6-m/nofp/libc_nano.a(lib_a-memset.o)
                0x0000000008000264                memset
 .text          0x000000000800030c       0xdc /usr/lib/gcc/arm-none-eabi/9.2.1/../../../arm-none-eabi/lib/thumb/v6-m/nofp/libc_nano.a(lib_a-__atexit.o)
                0x000000000800030c                __register_exitproc
 .text          0x00000000080003e8       0x14 /usr/lib/gcc/arm-none-eabi/9.2.1/thumb/v6-m/nofp/libgcc.a(_thumb1_case_uqi.o)
                0x00000000080003e8                __gnu_thumb1_case_uqi
 .text          0x00000000080003fc      0x114 /usr/lib/gcc/arm-none-eabi/9.2.1/thumb/v6-m/nofp/libgcc.a(_udivsi3.o)
                0x00000000080003fc                __udivsi3
                0x00000000080003fc                __aeabi_uidiv
                0x0000000008000508                __aeabi_uidivmod
 .text          0x0000000008000510      0x1d4 /usr/lib/gcc/arm-none-eabi/9.2.1/thumb/v6-m/nofp/libgcc.a(_divsi3.o)
                0x0000000008000510                __aeabi_idiv
                0x0000000008000510                __divsi3
                0x00000000080006dc                __aeabi_idivmod
 .text          0x00000000080006e4        0x4 /usr/lib/gcc/arm-none-eabi/9.2.1/thumb/v6-m/nofp/libgcc.a(_dvmd_tls.o)
                0x00000000080006e4                __aeabi_ldiv0
                0x00000000080006e4                __aeabi_idiv0
 *(.text*)
 .text.NVIC_EnableIRQ
                0x00000000080006e8       0x14 build/main.o
 .text._ZN5Timer6notifyEv
                0x00000000080006fc        0x8 build/main.o
                0x00000000080006fc                Timer::notify()
 .text._ZN11ADC_averageD2Ev
                0x0000000008000704       0x20 build/main.o
                0x0000000008000704                ADC_average::~ADC_average()
                0x0000000008000704                ADC_average::~ADC_average()
 .text._ZN12Modbus_slaveI9Hold_regs10Input_regsLj0EE6notifyEv
                0x0000000008000724        0x8 build/main.o
                0x0000000008000724                Modbus_slave<Hold_regs, Input_regs, 0u>::notify()
 .text._ZN11ADC_average9interruptEv
                0x000000000800072c       0x46 build/main.o
                0x000000000800072c                ADC_average::interrupt()
 .text._ZSt9__find_ifIPbN9__gnu_cxx5__ops12_Iter_negateIZZN18Flash_updater_implIZ4mainE10Flash_dataJLN3mcu5FLASH6SectorE31ELS8_30EEE7is_readEvENKUlvE_clEvEUlRT_E_EEESB_SB_SB_T0_St26random_access_iterator_tag.isra.0
                0x0000000008000772       0x5c build/main.o
 .text._ZSt9__find_ifIPbN9__gnu_cxx5__ops10_Iter_predIZN18Flash_updater_implIZ4mainE10Flash_dataJLN3mcu5FLASH6SectorE31ELS8_30EEE7is_readEvEUlRT_E2_EEESA_SA_SA_T0_St26random_access_iterator_tag.isra.0
                0x00000000080007ce       0x5c build/main.o
 .text._ZN9Interrupt6enableEv.isra.0
                0x000000000800082a        0x8 build/main.o
 .text._ZN9Interrupt9subscribeEP12Interrupting.isra.0
                0x0000000008000832       0x16 build/main.o
 .text._ZN9Interrupt9interruptEv.isra.0
                0x0000000008000848       0x16 build/main.o
 *fill*         0x000000000800085e        0x2 
 .text._ZN3mcu5FLASH6unlockEv
                0x0000000008000860       0x18 build/main.o
                0x0000000008000860                mcu::FLASH::unlock()
 .text._ZN3mcu5FLASH11start_eraseENS0_6SectorE
                0x0000000008000878       0x24 build/main.o
                0x0000000008000878                mcu::FLASH::start_erase(mcu::FLASH::Sector)
 .text._ZN3Pin6is_setEv
                0x000000000800089c       0x16 build/main.o
                0x000000000800089c                Pin::is_set()
 .text._ZN3mcu3DMA30is_transfer_complete_interruptENS0_7ChannelE
                0x00000000080008b2       0x16 build/main.o
                0x00000000080008b2                mcu::DMA::is_transfer_complete_interrupt(mcu::DMA::Channel)
 .text._ZN3mcu5USART3setENS0_8BaudrateENS_6PeriphE
                0x00000000080008c8       0x88 build/main.o
                0x00000000080008c8                mcu::USART::set(mcu::USART::Baudrate, mcu::Periph)
 .text.DMA1_Channel1_IRQHandler
                0x0000000008000950       0x1c build/main.o
                0x0000000008000950                DMA1_Channel1_IRQHandler
 .text.DMA1_Channel2_3_IRQHandler
                0x000000000800096c       0x2c build/main.o
                0x000000000800096c                DMA1_Channel2_3_IRQHandler
 .text.DMA1_Channel4_5_IRQHandler
                0x0000000008000998        0x2 build/main.o
                0x0000000008000998                DMA1_Channel4_5_IRQHandler
 *fill*         0x000000000800099a        0x2 
 .text.TIM1_BRK_UP_TRG_COM_IRQHandler
                0x000000000800099c       0x20 build/main.o
                0x000000000800099c                TIM1_BRK_UP_TRG_COM_IRQHandler
 .text.TIM1_CC_IRQHandler
                0x00000000080009bc        0x8 build/main.o
                0x00000000080009bc                TIM1_CC_IRQHandler
 .text.TIM3_IRQHandler
                0x00000000080009c4       0x20 build/main.o
                0x00000000080009c4                TIM3_IRQHandler
 .text.TIM14_IRQHandler
                0x00000000080009e4        0x2 build/main.o
                0x00000000080009e4                TIM14_IRQHandler
 .text.TIM16_IRQHandler
                0x00000000080009e6        0x2 build/main.o
                0x00000000080009e6                TIM16_IRQHandler
 .text.TIM17_IRQHandler
                0x00000000080009e8        0x2 build/main.o
                0x00000000080009e8                TIM17_IRQHandler
 *fill*         0x00000000080009ea        0x2 
 .text.USART1_IRQHandler
                0x00000000080009ec       0x1c build/main.o
                0x00000000080009ec                USART1_IRQHandler
 .text.EXTI0_1_IRQHandler
                0x0000000008000a08       0x34 build/main.o
                0x0000000008000a08                EXTI0_1_IRQHandler
 .text.EXTI2_3_IRQHandler
                0x0000000008000a3c       0x34 build/main.o
                0x0000000008000a3c                EXTI2_3_IRQHandler
 .text.EXTI4_15_IRQHandler
                0x0000000008000a70       0xf8 build/main.o
                0x0000000008000a70                EXTI4_15_IRQHandler
 .text._ZN11ADC_average5startEv
                0x0000000008000b68       0x38 build/main.o
                0x0000000008000b68                ADC_average::start()
 .text._ZN9Publisher6notifyEv
                0x0000000008000ba0       0x16 build/main.o
                0x0000000008000ba0                Publisher::notify()
 .text._ZN11TickUpdater9interruptEv
                0x0000000008000bb6       0x22 build/main.o
                0x0000000008000bb6                TickUpdater::interrupt()
 .text.SysTick_Handler
                0x0000000008000bd8       0x10 build/main.o
                0x0000000008000bd8                SysTick_Handler
 .text._ZN5Timer5eventEv
                0x0000000008000be8       0x12 build/main.o
                0x0000000008000be8                Timer::event()
 *fill*         0x0000000008000bfa        0x2 
 .text._ZN14TickSubscriber16tick_unsubscribeEv
                0x0000000008000bfc       0x40 build/main.o
                0x0000000008000bfc                TickSubscriber::tick_unsubscribe()
 .text._ZN14TickSubscriber14tick_subscribeEv
                0x0000000008000c3c       0x28 build/main.o
                0x0000000008000c3c                TickSubscriber::tick_subscribe()
 .text._ZN12Modbus_slaveI9Hold_regs10Input_regsLj0EE14uart_interrupt9interruptEv
                0x0000000008000c64       0x30 build/main.o
                0x0000000008000c64                Modbus_slave<Hold_regs, Input_regs, 0u>::uart_interrupt::interrupt()
 .text.init_clock
                0x0000000008000c94       0x68 build/main.o
                0x0000000008000c94                init_clock
 .text._ZN10UART_sizedILj255EE4makeILN3mcu6PeriphE8ENS2_4Pin_ILS3_3ELi9EEENS4_ILS3_3ELi10EEENS4_ILS3_3ELi8EEEEERDav
                0x0000000008000cfc      0x210 build/main.o
                0x0000000008000cfc                auto& UART_sized<255u>::make<(mcu::Periph)8, mcu::Pin_<(mcu::Periph)3, 9>, mcu::Pin_<(mcu::Periph)3, 10>, mcu::Pin_<(mcu::Periph)3, 8> >()
 .text._ZN11ADC_average4makeILN3mcu6PeriphE15ELS2_30EEERS_j
                0x0000000008000f0c      0x110 build/main.o
                0x0000000008000f0c                ADC_average& ADC_average::make<(mcu::Periph)15, (mcu::Periph)30>(unsigned int)
 .text._ZN10UART_sizedILj255EE7receiveEv
                0x000000000800101c       0x44 build/main.o
                0x000000000800101c                UART_sized<255u>::receive()
 .text._ZN12Modbus_slaveI9Hold_regs10Input_regsLj0EE13dma_interrupt9interruptEv
                0x0000000008001060       0x1c build/main.o
                0x0000000008001060                Modbus_slave<Hold_regs, Input_regs, 0u>::dma_interrupt::interrupt()
 .text._ZN4ListI11ADC_channelE6insertENS1_8IteratorERS0_
                0x000000000800107c       0x42 build/main.o
                0x000000000800107c                List<ADC_channel>::insert(List<ADC_channel>::Iterator, ADC_channel&)
 *fill*         0x00000000080010be        0x2 
 .text._ZN9Dyn_arrayItE8add_sizeEj
                0x00000000080010c0       0x70 build/main.o
                0x00000000080010c0                Dyn_array<unsigned short>::add_size(unsigned int)
 .text._ZN11ADC_average11add_channelIN3mcu4Pin_ILNS1_6PeriphE3ELi0EEEEER11ADC_channelv
                0x0000000008001130       0xc0 build/main.o
                0x0000000008001130                ADC_channel& ADC_average::add_channel<mcu::Pin_<(mcu::Periph)3, 0> >()
 .text._ZN11ADC_average11add_channelIN3mcu4Pin_ILNS1_6PeriphE3ELi1EEEEER11ADC_channelv
                0x00000000080011f0       0xc0 build/main.o
                0x00000000080011f0                ADC_channel& ADC_average::add_channel<mcu::Pin_<(mcu::Periph)3, 1> >()
 .text._Z5CRC16IPhEDaT_S1_
                0x00000000080012b0       0x28 build/main.o
                0x00000000080012b0                auto CRC16<unsigned char*>(unsigned char*, unsigned char*)
 .text._ZN10Net_bufferILj255EE9pop_frontEv
                0x00000000080012d8       0x1a build/main.o
                0x00000000080012d8                Net_buffer<255u>::pop_front()
 .text._ZN10Net_bufferILj255EElsEh
                0x00000000080012f2       0x14 build/main.o
                0x00000000080012f2                Net_buffer<255u>::operator<<(unsigned char)
 .text._ZN10Net_bufferILj255EElsEt
                0x0000000008001306       0x16 build/main.o
                0x0000000008001306                Net_buffer<255u>::operator<<(unsigned short)
 .text._ZN10UART_sizedILj255EE8transmitEv
                0x000000000800131c       0x46 build/main.o
                0x000000000800131c                UART_sized<255u>::transmit()
 .text._ZN12Modbus_slaveI9Hold_regs10Input_regsLj0EE12answer_errorE17Modbus_error_code
                0x0000000008001362       0x68 build/main.o
                0x0000000008001362                Modbus_slave<Hold_regs, Input_regs, 0u>::answer_error(Modbus_error_code)
 .text._ZN10Net_bufferILj255EErsERt
                0x00000000080013ca       0x32 build/main.o
                0x00000000080013ca                Net_buffer<255u>::operator>>(unsigned short&)
 .text._ZN12Modbus_slaveI9Hold_regs10Input_regsLj0EE10check_regsEt
                0x00000000080013fc       0x34 build/main.o
                0x00000000080013fc                Modbus_slave<Hold_regs, Input_regs, 0u>::check_regs(unsigned short)
 .text._ZN12Modbus_slaveI9Hold_regs10Input_regsLj0EE9answer_05Ev
                0x0000000008001430       0x18 build/main.o
                0x0000000008001430                Modbus_slave<Hold_regs, Input_regs, 0u>::answer_05()
 .text.startup.main
                0x0000000008001448      0x988 build/main.o
                0x0000000008001448                main
 .text._ZSt4findIPbbET_S1_S1_RKT0_
                0x0000000008001dd0       0x66 build/main.o
                0x0000000008001dd0                bool* std::find<bool*, bool>(bool*, bool*, bool const&)
 *fill*         0x0000000008001e36        0x2 
 .text._ZN18Flash_updater_implIZ4mainE10Flash_dataJLN3mcu5FLASH6SectorE31ELS3_30EEE6notifyEv
                0x0000000008001e38      0x1e8 build/main.o
 .text.startup._GLOBAL__sub_I__ZN3mcu5FLASH6unlockEv
                0x0000000008002020      0x174 build/main.o
 .text.Reset_Handler
                0x0000000008002194       0x50 build/startup_stm32f030x6.o
                0x0000000008002194                Reset_Handler
 .text.Default_Handler
                0x00000000080021e4        0x2 build/startup_stm32f030x6.o
                0x00000000080021e4                HardFault_Handler
                0x00000000080021e4                PendSV_Handler
                0x00000000080021e4                NMI_Handler
                0x00000000080021e4                I2C1_IRQHandler
                0x00000000080021e4                SPI1_IRQHandler
                0x00000000080021e4                ADC1_IRQHandler
                0x00000000080021e4                RTC_IRQHandler
                0x00000000080021e4                RCC_IRQHandler
                0x00000000080021e4                Default_Handler
                0x00000000080021e4                SVC_Handler
                0x00000000080021e4                WWDG_IRQHandler
                0x00000000080021e4                FLASH_IRQHandler
 .text.__aeabi_atexit
                0x00000000080021e6        0xe /usr/lib/gcc/arm-none-eabi/9.2.1/../../../arm-none-eabi/lib/thumb/v6-m/nofp/libstdc++_nano.a(atexit_arm.o)
                0x00000000080021e6                __aeabi_atexit
 *(.glue_7)
 .glue_7        0x00000000080021f4        0x0 linker stubs
 *(.glue_7t)
 .glue_7t       0x00000000080021f4        0x0 linker stubs
 *(.eh_frame)
 .eh_frame      0x00000000080021f4        0x0 /usr/lib/gcc/arm-none-eabi/9.2.1/thumb/v6-m/nofp/crtbegin.o
 *(.init)
 .init          0x00000000080021f4        0x4 /usr/lib/gcc/arm-none-eabi/9.2.1/thumb/v6-m/nofp/crti.o
                0x00000000080021f4                _init
 .init          0x00000000080021f8        0x8 /usr/lib/gcc/arm-none-eabi/9.2.1/thumb/v6-m/nofp/crtn.o
 *(.fini)
 .fini          0x0000000008002200        0x4 /usr/lib/gcc/arm-none-eabi/9.2.1/thumb/v6-m/nofp/crti.o
                0x0000000008002200                _fini
 .fini          0x0000000008002204        0x8 /usr/lib/gcc/arm-none-eabi/9.2.1/thumb/v6-m/nofp/crtn.o
                0x000000000800220c                . = ALIGN (0x4)
                0x000000000800220c                _etext = .

.vfp11_veneer   0x000000000800220c        0x0
 .vfp11_veneer  0x000000000800220c        0x0 linker stubs

.v4_bx          0x000000000800220c        0x0
 .v4_bx         0x000000000800220c        0x0 linker stubs

.iplt           0x000000000800220c        0x0
 .iplt          0x000000000800220c        0x0 /usr/lib/gcc/arm-none-eabi/9.2.1/thumb/v6-m/nofp/crtbegin.o

.rodata         0x000000000800220c      0x3ec
                0x000000000800220c                . = ALIGN (0x4)
 *(.rodata)
 .rodata        0x000000000800220c        0xa build/main.o
 *fill*         0x0000000008002216        0x2 
 .rodata        0x0000000008002218        0x4 /usr/lib/gcc/arm-none-eabi/9.2.1/../../../arm-none-eabi/lib/thumb/v6-m/nofp/libc_nano.a(lib_a-on_exit_args.o)
                0x0000000008002218                __on_exit_args
 *(.rodata*)
 .rodata._ZTV5Timer
                0x000000000800221c        0xc build/main.o
                0x000000000800221c                vtable for Timer
 .rodata._ZTVN12Modbus_slaveI9Hold_regs10Input_regsLj0EE14uart_interruptE
                0x0000000008002228        0xc build/main.o
                0x0000000008002228                vtable for Modbus_slave<Hold_regs, Input_regs, 0u>::uart_interrupt
 .rodata._ZTVN12Modbus_slaveI9Hold_regs10Input_regsLj0EE13dma_interruptE
                0x0000000008002234        0xc build/main.o
                0x0000000008002234                vtable for Modbus_slave<Hold_regs, Input_regs, 0u>::dma_interrupt
 .rodata._ZTV12Modbus_slaveI9Hold_regs10Input_regsLj0EE
                0x0000000008002240        0xc build/main.o
                0x0000000008002240                vtable for Modbus_slave<Hold_regs, Input_regs, 0u>
 .rodata._ZL13crc_low_table
                0x000000000800224c      0x100 build/main.o
 .rodata._ZL14crc_high_table
                0x000000000800234c      0x100 build/main.o
 .rodata._ZN18Flash_updater_implIZ4mainE10Flash_dataJLN3mcu5FLASH6SectorE31ELS3_30EEE7sectorsE
                0x000000000800244c        0x2 build/main.o
 *fill*         0x000000000800244e        0x2 
 .rodata._ZN3NTCL5u2904ILj33ELj5100EEE
                0x0000000008002450      0x190 build/main.o
 .rodata._ZTV11ADC_average
                0x00000000080025e0        0xc build/main.o
                0x00000000080025e0                vtable for ADC_average
 .rodata._ZTV18Flash_updater_implIZ4mainE10Flash_dataJLN3mcu5FLASH6SectorE31ELS3_30EEE
                0x00000000080025ec        0xc build/main.o
                0x00000000080025f8                . = ALIGN (0x4)

.rel.dyn        0x00000000080025f8        0x0
 .rel.iplt      0x00000000080025f8        0x0 /usr/lib/gcc/arm-none-eabi/9.2.1/thumb/v6-m/nofp/crtbegin.o

.ARM.extab
 *(.ARM.extab* .gnu.linkonce.armextab.*)

.ARM            0x00000000080025f8        0x0
                0x00000000080025f8                __exidx_start = .
 *(.ARM.exidx*)
                0x00000000080025f8                __exidx_end = .

.preinit_array  0x00000000080025f8        0x0
                0x00000000080025f8                PROVIDE (__preinit_array_start = .)
 *(.preinit_array*)
                0x00000000080025f8                PROVIDE (__preinit_array_end = .)

.init_array     0x00000000080025f8        0x8
                0x00000000080025f8                PROVIDE (__init_array_start = .)
 *(SORT_BY_NAME(.init_array.*))
 *(.init_array*)
 .init_array    0x00000000080025f8        0x4 /usr/lib/gcc/arm-none-eabi/9.2.1/thumb/v6-m/nofp/crtbegin.o
 .init_array    0x00000000080025fc        0x4 build/main.o
                0x0000000008002600                PROVIDE (__init_array_end = .)

.fini_array     0x0000000008002600        0x4
                0x0000000008002600                PROVIDE (__fini_array_start = .)
 *(SORT_BY_NAME(.fini_array.*))
 *(.fini_array*)
 .fini_array    0x0000000008002600        0x4 /usr/lib/gcc/arm-none-eabi/9.2.1/thumb/v6-m/nofp/crtbegin.o
                0x0000000008002604                PROVIDE (__fini_array_end = .)
                0x0000000008002604                _sidata = LOADADDR (.data)

.data           0x0000000020000000        0x4 load address 0x0000000008002604
                0x0000000020000000                . = ALIGN (0x4)
                0x0000000020000000                _sdata = .
 *(.data)
 .data          0x0000000020000000        0x4 /usr/lib/gcc/arm-none-eabi/9.2.1/thumb/v6-m/nofp/crtbegin.o
                0x0000000020000000                __dso_handle
 *(.data*)
                0x0000000020000004                . = ALIGN (0x4)
                0x0000000020000004                _edata = .

.tm_clone_table
                0x0000000020000004        0x0 load address 0x0000000008002608
 .tm_clone_table
                0x0000000020000004        0x0 /usr/lib/gcc/arm-none-eabi/9.2.1/thumb/v6-m/nofp/crtbegin.o
 .tm_clone_table
                0x0000000020000004        0x0 /usr/lib/gcc/arm-none-eabi/9.2.1/thumb/v6-m/nofp/crtend.o

.igot.plt       0x0000000020000004        0x0 load address 0x0000000008002608
 .igot.plt      0x0000000020000004        0x0 /usr/lib/gcc/arm-none-eabi/9.2.1/thumb/v6-m/nofp/crtbegin.o
                0x0000000020000004                . = ALIGN (0x4)

.bss            0x0000000020000004      0x61c load address 0x0000000008002608
                0x0000000020000004                _sbss = .
                0x0000000020000004                __bss_start__ = _sbss
 *(.bss)
 .bss           0x0000000020000004       0x1c /usr/lib/gcc/arm-none-eabi/9.2.1/thumb/v6-m/nofp/crtbegin.o
 .bss           0x0000000020000020      0x108 /usr/lib/gcc/arm-none-eabi/9.2.1/../../../arm-none-eabi/lib/thumb/v6-m/nofp/libc_nano.a(lib_a-on_exit_args.o)
 .bss           0x0000000020000128       0x8c /usr/lib/gcc/arm-none-eabi/9.2.1/../../../arm-none-eabi/lib/thumb/v6-m/nofp/libc_nano.a(lib_a-__atexit.o)
 .bss           0x00000000200001b4        0x4 /usr/lib/gcc/arm-none-eabi/9.2.1/../../../arm-none-eabi/lib/thumb/v6-m/nofp/libc_nano.a(lib_a-__call_atexit.o)
                0x00000000200001b4                _global_atexit
 *(.bss*)
 .bss._ZGVZN11ADC_channel4makeIN3mcu4Pin_ILNS1_6PeriphE3ELi1EEEEERS_vE3res
                0x00000000200001b8        0x4 build/main.o
                0x00000000200001b8                guard variable for ADC_channel::make<mcu::Pin_<(mcu::Periph)3, 1> >()::res
 .bss._ZZN11ADC_channel4makeIN3mcu4Pin_ILNS1_6PeriphE3ELi1EEEEERS_vE3res
                0x00000000200001bc       0x14 build/main.o
                0x00000000200001bc                ADC_channel::make<mcu::Pin_<(mcu::Periph)3, 1> >()::res
 .bss._ZGVZN3Pin4makeIN3mcu4Pin_ILNS1_6PeriphE3ELi1EEELNS1_7PinModeE2EEERDavE3pin
                0x00000000200001d0        0x4 build/main.o
                0x00000000200001d0                guard variable for Pin::make<mcu::Pin_<(mcu::Periph)3, 1>, (mcu::PinMode)2>()::pin
 .bss._ZZN3Pin4makeIN3mcu4Pin_ILNS1_6PeriphE3ELi1EEELNS1_7PinModeE2EEERDavE3pin
                0x00000000200001d4        0x8 build/main.o
                0x00000000200001d4                Pin::make<mcu::Pin_<(mcu::Periph)3, 1>, (mcu::PinMode)2>()::pin
 .bss._ZGVZN11ADC_channel4makeIN3mcu4Pin_ILNS1_6PeriphE3ELi0EEEEERS_vE3res
                0x00000000200001dc        0x4 build/main.o
                0x00000000200001dc                guard variable for ADC_channel::make<mcu::Pin_<(mcu::Periph)3, 0> >()::res
 .bss._ZZN11ADC_channel4makeIN3mcu4Pin_ILNS1_6PeriphE3ELi0EEEEERS_vE3res
                0x00000000200001e0       0x14 build/main.o
                0x00000000200001e0                ADC_channel::make<mcu::Pin_<(mcu::Periph)3, 0> >()::res
 .bss._ZGVZN3Pin4makeIN3mcu4Pin_ILNS1_6PeriphE3ELi0EEELNS1_7PinModeE2EEERDavE3pin
                0x00000000200001f4        0x4 build/main.o
                0x00000000200001f4                guard variable for Pin::make<mcu::Pin_<(mcu::Periph)3, 0>, (mcu::PinMode)2>()::pin
 .bss._ZZN3Pin4makeIN3mcu4Pin_ILNS1_6PeriphE3ELi0EEELNS1_7PinModeE2EEERDavE3pin
                0x00000000200001f8        0x8 build/main.o
                0x00000000200001f8                Pin::make<mcu::Pin_<(mcu::Periph)3, 0>, (mcu::PinMode)2>()::pin
 .bss._ZGVZN11ADC_average4makeILN3mcu6PeriphE15ELS2_30EEERS_jE3res
                0x0000000020000200        0x4 build/main.o
                0x0000000020000200                guard variable for ADC_average::make<(mcu::Periph)15, (mcu::Periph)30>(unsigned int)::res
 .bss._ZZN11ADC_average4makeILN3mcu6PeriphE15ELS2_30EEERS_jE3res
                0x0000000020000204       0x40 build/main.o
                0x0000000020000204                ADC_average::make<(mcu::Periph)15, (mcu::Periph)30>(unsigned int)::res
 .bss._ZGVZN12Modbus_slaveI9Hold_regs10Input_regsLj0EE4makeILN3mcu6PeriphE8ENS4_4Pin_ILS5_3ELi9EEENS6_ILS5_3ELi10EEENS6_ILS5_3ELi8EEEEERDahN10UART_sizedILj255EE8SettingsEE6modbus
                0x0000000020000244        0x4 build/main.o
                0x0000000020000244                guard variable for Modbus_slave<Hold_regs, Input_regs, 0u>::make<(mcu::Periph)8, mcu::Pin_<(mcu::Periph)3, 9>, mcu::Pin_<(mcu::Periph)3, 10>, mcu::Pin_<(mcu::Periph)3, 8> >(unsigned char, UART_sized<255u>::Settings)::modbus
 .bss._ZZN12Modbus_slaveI9Hold_regs10Input_regsLj0EE4makeILN3mcu6PeriphE8ENS4_4Pin_ILS5_3ELi9EEENS6_ILS5_3ELi10EEENS6_ILS5_3ELi8EEEEERDahN10UART_sizedILj255EE8SettingsEE6modbus
                0x0000000020000248       0x88 build/main.o
                0x0000000020000248                Modbus_slave<Hold_regs, Input_regs, 0u>::make<(mcu::Periph)8, mcu::Pin_<(mcu::Periph)3, 9>, mcu::Pin_<(mcu::Periph)3, 10>, mcu::Pin_<(mcu::Periph)3, 8> >(unsigned char, UART_sized<255u>::Settings)::modbus
 .bss._ZGVZN10UART_sizedILj255EE4makeILN3mcu6PeriphE8ENS2_4Pin_ILS3_3ELi9EEENS4_ILS3_3ELi10EEENS4_ILS3_3ELi8EEEEERDavE4uart
                0x00000000200002d0        0x4 build/main.o
                0x00000000200002d0                guard variable for UART_sized<255u>::make<(mcu::Periph)8, mcu::Pin_<(mcu::Periph)3, 9>, mcu::Pin_<(mcu::Periph)3, 10>, mcu::Pin_<(mcu::Periph)3, 8> >()::uart
 .bss._ZZN10UART_sizedILj255EE4makeILN3mcu6PeriphE8ENS2_4Pin_ILS3_3ELi9EEENS4_ILS3_3ELi10EEENS4_ILS3_3ELi8EEEEERDavE4uart
                0x00000000200002d4      0x12c build/main.o
                0x00000000200002d4                UART_sized<255u>::make<(mcu::Periph)8, mcu::Pin_<(mcu::Periph)3, 9>, mcu::Pin_<(mcu::Periph)3, 10>, mcu::Pin_<(mcu::Periph)3, 8> >()::uart
 .bss._ZGVZN3Pin4makeIN3mcu4Pin_ILNS1_6PeriphE3ELi8EEELNS1_7PinModeE1EEERDavE3pin
                0x0000000020000400        0x4 build/main.o
                0x0000000020000400                guard variable for Pin::make<mcu::Pin_<(mcu::Periph)3, 8>, (mcu::PinMode)1>()::pin
 .bss._ZZN3Pin4makeIN3mcu4Pin_ILNS1_6PeriphE3ELi8EEELNS1_7PinModeE1EEERDavE3pin
                0x0000000020000404        0x8 build/main.o
                0x0000000020000404                Pin::make<mcu::Pin_<(mcu::Periph)3, 8>, (mcu::PinMode)1>()::pin
 .bss._ZGVZN3Pin4makeIN3mcu4Pin_ILNS1_6PeriphE3ELi10EEELNS1_7PinModeE4EEERDavE3pin
                0x000000002000040c        0x4 build/main.o
                0x000000002000040c                guard variable for Pin::make<mcu::Pin_<(mcu::Periph)3, 10>, (mcu::PinMode)4>()::pin
 .bss._ZZN3Pin4makeIN3mcu4Pin_ILNS1_6PeriphE3ELi10EEELNS1_7PinModeE4EEERDavE3pin
                0x0000000020000410        0x8 build/main.o
                0x0000000020000410                Pin::make<mcu::Pin_<(mcu::Periph)3, 10>, (mcu::PinMode)4>()::pin
 .bss._ZGVZN3Pin4makeIN3mcu4Pin_ILNS1_6PeriphE3ELi9EEELNS1_7PinModeE4EEERDavE3pin
                0x0000000020000418        0x4 build/main.o
                0x0000000020000418                guard variable for Pin::make<mcu::Pin_<(mcu::Periph)3, 9>, (mcu::PinMode)4>()::pin
 .bss._ZZN3Pin4makeIN3mcu4Pin_ILNS1_6PeriphE3ELi9EEELNS1_7PinModeE4EEERDavE3pin
                0x000000002000041c        0x8 build/main.o
                0x000000002000041c                Pin::make<mcu::Pin_<(mcu::Periph)3, 9>, (mcu::PinMode)4>()::pin
 .bss._ZGVZN3Pin4makeIN3mcu4Pin_ILNS1_6PeriphE4ELi6EEELNS1_7PinModeE0EEERDavE3pin
                0x0000000020000424        0x4 build/main.o
                0x0000000020000424                guard variable for Pin::make<mcu::Pin_<(mcu::Periph)4, 6>, (mcu::PinMode)0>()::pin
 .bss._ZZN3Pin4makeIN3mcu4Pin_ILNS1_6PeriphE4ELi6EEELNS1_7PinModeE0EEERDavE3pin
                0x0000000020000428        0x8 build/main.o
                0x0000000020000428                Pin::make<mcu::Pin_<(mcu::Periph)4, 6>, (mcu::PinMode)0>()::pin
 .bss.heap      0x0000000020000430      0x108 build/main.o
                0x0000000020000430                heap
 .bss.interrupt_DMA1_channel1
                0x0000000020000538        0x8 build/main.o
                0x0000000020000538                interrupt_DMA1_channel1
 .bss.interrupt_DMA1_channel2
                0x0000000020000540        0x8 build/main.o
                0x0000000020000540                interrupt_DMA1_channel2
 .bss.interrupt_DMA1_channel3
                0x0000000020000548        0x8 build/main.o
                0x0000000020000548                interrupt_DMA1_channel3
 .bss.interrupt_DMA1_channel4
                0x0000000020000550        0x8 build/main.o
                0x0000000020000550                interrupt_DMA1_channel4
 .bss.interrupt_DMA1_channel5
                0x0000000020000558        0x8 build/main.o
                0x0000000020000558                interrupt_DMA1_channel5
 .bss.interrupt_EXTI0
                0x0000000020000560        0x8 build/main.o
                0x0000000020000560                interrupt_EXTI0
 .bss.interrupt_EXTI1
                0x0000000020000568        0x8 build/main.o
                0x0000000020000568                interrupt_EXTI1
 .bss.interrupt_EXTI10
                0x0000000020000570        0x8 build/main.o
                0x0000000020000570                interrupt_EXTI10
 .bss.interrupt_EXTI11
                0x0000000020000578        0x8 build/main.o
                0x0000000020000578                interrupt_EXTI11
 .bss.interrupt_EXTI12
                0x0000000020000580        0x8 build/main.o
                0x0000000020000580                interrupt_EXTI12
 .bss.interrupt_EXTI13
                0x0000000020000588        0x8 build/main.o
                0x0000000020000588                interrupt_EXTI13
 .bss.interrupt_EXTI14
                0x0000000020000590        0x8 build/main.o
                0x0000000020000590                interrupt_EXTI14
 .bss.interrupt_EXTI15
                0x0000000020000598        0x8 build/main.o
                0x0000000020000598                interrupt_EXTI15
 .bss.interrupt_EXTI2
                0x00000000200005a0        0x8 build/main.o
                0x00000000200005a0                interrupt_EXTI2
 .bss.interrupt_EXTI3
                0x00000000200005a8        0x8 build/main.o
                0x00000000200005a8                interrupt_EXTI3
 .bss.interrupt_EXTI4
                0x00000000200005b0        0x8 build/main.o
                0x00000000200005b0                interrupt_EXTI4
 .bss.interrupt_EXTI5
                0x00000000200005b8        0x8 build/main.o
                0x00000000200005b8                interrupt_EXTI5
 .bss.interrupt_EXTI6
                0x00000000200005c0        0x8 build/main.o
                0x00000000200005c0                interrupt_EXTI6
 .bss.interrupt_EXTI7
                0x00000000200005c8        0x8 build/main.o
                0x00000000200005c8                interrupt_EXTI7
 .bss.interrupt_EXTI8
                0x00000000200005d0        0x8 build/main.o
                0x00000000200005d0                interrupt_EXTI8
 .bss.interrupt_EXTI9
                0x00000000200005d8        0x8 build/main.o
                0x00000000200005d8                interrupt_EXTI9
 .bss.interrupt_rtc
                0x00000000200005e0        0x8 build/main.o
                0x00000000200005e0                interrupt_rtc
 .bss.interrupt_spi1
                0x00000000200005e8        0x8 build/main.o
                0x00000000200005e8                interrupt_spi1
 .bss.interrupt_tim1
                0x00000000200005f0        0x8 build/main.o
                0x00000000200005f0                interrupt_tim1
 .bss.interrupt_tim3
                0x00000000200005f8        0x8 build/main.o
                0x00000000200005f8                interrupt_tim3
 .bss.interrupt_usart1
                0x0000000020000600        0x8 build/main.o
                0x0000000020000600                interrupt_usart1
 .bss.tickUpdater
                0x0000000020000608       0x18 build/main.o
                0x0000000020000608                tickUpdater
 *(COMMON)
                0x0000000020000620                . = ALIGN (0x4)
                0x0000000020000620                _ebss = .
                0x0000000020000620                __bss_end__ = _ebss

._user_heap_stack
                0x0000000020000620      0x600 load address 0x0000000008002608
                0x0000000020000620                . = ALIGN (0x8)
                [!provide]                        PROVIDE (end = .)
                [!provide]                        PROVIDE (_end = .)
                0x0000000020000820                . = (. + _Min_Heap_Size)
 *fill*         0x0000000020000620      0x200 
                0x0000000020000c20                . = (. + _Min_Stack_Size)
 *fill*         0x0000000020000820      0x400 
                0x0000000020000c20                . = ALIGN (0x8)

/DISCARD/
 libc.a(*)
 libm.a(*)
 libgcc.a(*)

.ARM.attributes
                0x0000000000000000       0x28
 *(.ARM.attributes)
 .ARM.attributes
                0x0000000000000000       0x1e /usr/lib/gcc/arm-none-eabi/9.2.1/thumb/v6-m/nofp/crti.o
 .ARM.attributes
                0x000000000000001e       0x2c /usr/lib/gcc/arm-none-eabi/9.2.1/thumb/v6-m/nofp/crtbegin.o
 .ARM.attributes
                0x000000000000004a       0x2c build/main.o
 .ARM.attributes
                0x0000000000000076       0x21 build/startup_stm32f030x6.o
 .ARM.attributes
                0x0000000000000097       0x2c /usr/lib/gcc/arm-none-eabi/9.2.1/../../../arm-none-eabi/lib/thumb/v6-m/nofp/libstdc++_nano.a(atexit_arm.o)
 .ARM.attributes
                0x00000000000000c3       0x2c /usr/lib/gcc/arm-none-eabi/9.2.1/../../../arm-none-eabi/lib/thumb/v6-m/nofp/libc_nano.a(lib_a-cxa_atexit.o)
 .ARM.attributes
                0x00000000000000ef       0x2c /usr/lib/gcc/arm-none-eabi/9.2.1/../../../arm-none-eabi/lib/thumb/v6-m/nofp/libc_nano.a(lib_a-init.o)
 .ARM.attributes
                0x000000000000011b       0x2c /usr/lib/gcc/arm-none-eabi/9.2.1/../../../arm-none-eabi/lib/thumb/v6-m/nofp/libc_nano.a(lib_a-memcpy-stub.o)
 .ARM.attributes
                0x0000000000000147       0x2c /usr/lib/gcc/arm-none-eabi/9.2.1/../../../arm-none-eabi/lib/thumb/v6-m/nofp/libc_nano.a(lib_a-memset.o)
 .ARM.attributes
                0x0000000000000173       0x2c /usr/lib/gcc/arm-none-eabi/9.2.1/../../../arm-none-eabi/lib/thumb/v6-m/nofp/libc_nano.a(lib_a-on_exit_args.o)
 .ARM.attributes
                0x000000000000019f       0x2c /usr/lib/gcc/arm-none-eabi/9.2.1/../../../arm-none-eabi/lib/thumb/v6-m/nofp/libc_nano.a(lib_a-__atexit.o)
 .ARM.attributes
                0x00000000000001cb       0x2c /usr/lib/gcc/arm-none-eabi/9.2.1/../../../arm-none-eabi/lib/thumb/v6-m/nofp/libc_nano.a(lib_a-__call_atexit.o)
 .ARM.attributes
                0x00000000000001f7       0x1e /usr/lib/gcc/arm-none-eabi/9.2.1/thumb/v6-m/nofp/libgcc.a(_thumb1_case_uqi.o)
 .ARM.attributes
                0x0000000000000215       0x1e /usr/lib/gcc/arm-none-eabi/9.2.1/thumb/v6-m/nofp/libgcc.a(_udivsi3.o)
 .ARM.attributes
                0x0000000000000233       0x1e /usr/lib/gcc/arm-none-eabi/9.2.1/thumb/v6-m/nofp/libgcc.a(_divsi3.o)
 .ARM.attributes
                0x0000000000000251       0x1e /usr/lib/gcc/arm-none-eabi/9.2.1/thumb/v6-m/nofp/libgcc.a(_dvmd_tls.o)
 .ARM.attributes
                0x000000000000026f       0x2c /usr/lib/gcc/arm-none-eabi/9.2.1/thumb/v6-m/nofp/crtend.o
 .ARM.attributes
                0x000000000000029b       0x1e /usr/lib/gcc/arm-none-eabi/9.2.1/thumb/v6-m/nofp/crtn.o
OUTPUT(build/EO62PS.elf elf32-littlearm)
LOAD linker stubs
LOAD /usr/lib/gcc/arm-none-eabi/9.2.1/../../../arm-none-eabi/lib/thumb/v6-m/nofp/libc.a
LOAD /usr/lib/gcc/arm-none-eabi/9.2.1/../../../arm-none-eabi/lib/thumb/v6-m/nofp/libm.a
LOAD /usr/lib/gcc/arm-none-eabi/9.2.1/thumb/v6-m/nofp/libgcc.a

.comment        0x0000000000000000       0xa7
 .comment       0x0000000000000000       0x59 /usr/lib/gcc/arm-none-eabi/9.2.1/thumb/v6-m/nofp/crtbegin.o
                                         0x5a (size before relaxing)
 .comment       0x0000000000000059       0x5a build/main.o
 .comment       0x0000000000000059       0x5a /usr/lib/gcc/arm-none-eabi/9.2.1/../../../arm-none-eabi/lib/thumb/v6-m/nofp/libstdc++_nano.a(atexit_arm.o)
 .comment       0x0000000000000059       0x4e /usr/lib/gcc/arm-none-eabi/9.2.1/../../../arm-none-eabi/lib/thumb/v6-m/nofp/libc_nano.a(lib_a-cxa_atexit.o)
                                         0x4f (size before relaxing)
 .comment       0x00000000000000a7       0x4f /usr/lib/gcc/arm-none-eabi/9.2.1/../../../arm-none-eabi/lib/thumb/v6-m/nofp/libc_nano.a(lib_a-init.o)
 .comment       0x00000000000000a7       0x4f /usr/lib/gcc/arm-none-eabi/9.2.1/../../../arm-none-eabi/lib/thumb/v6-m/nofp/libc_nano.a(lib_a-memcpy-stub.o)
 .comment       0x00000000000000a7       0x4f /usr/lib/gcc/arm-none-eabi/9.2.1/../../../arm-none-eabi/lib/thumb/v6-m/nofp/libc_nano.a(lib_a-memset.o)
 .comment       0x00000000000000a7       0x4f /usr/lib/gcc/arm-none-eabi/9.2.1/../../../arm-none-eabi/lib/thumb/v6-m/nofp/libc_nano.a(lib_a-on_exit_args.o)
 .comment       0x00000000000000a7       0x4f /usr/lib/gcc/arm-none-eabi/9.2.1/../../../arm-none-eabi/lib/thumb/v6-m/nofp/libc_nano.a(lib_a-__atexit.o)
 .comment       0x00000000000000a7       0x4f /usr/lib/gcc/arm-none-eabi/9.2.1/../../../arm-none-eabi/lib/thumb/v6-m/nofp/libc_nano.a(lib_a-__call_atexit.o)
 .comment       0x00000000000000a7       0x5a /usr/lib/gcc/arm-none-eabi/9.2.1/thumb/v6-m/nofp/crtend.o

.debug_info     0x0000000000000000    0x308cf
 .debug_info    0x0000000000000000    0x2bfa5 build/main.o
 .debug_info    0x000000000002bfa5       0x22 build/startup_stm32f030x6.o
 .debug_info    0x000000000002bfc7      0x166 /usr/lib/gcc/arm-none-eabi/9.2.1/../../../arm-none-eabi/lib/thumb/v6-m/nofp/libstdc++_nano.a(atexit_arm.o)
 .debug_info    0x000000000002c12d      0xa23 /usr/lib/gcc/arm-none-eabi/9.2.1/../../../arm-none-eabi/lib/thumb/v6-m/nofp/libc_nano.a(lib_a-cxa_atexit.o)
 .debug_info    0x000000000002cb50      0x11a /usr/lib/gcc/arm-none-eabi/9.2.1/../../../arm-none-eabi/lib/thumb/v6-m/nofp/libc_nano.a(lib_a-init.o)
 .debug_info    0x000000000002cc6a      0xf35 /usr/lib/gcc/arm-none-eabi/9.2.1/../../../arm-none-eabi/lib/thumb/v6-m/nofp/libc_nano.a(lib_a-memcpy-stub.o)
 .debug_info    0x000000000002db9f      0xf21 /usr/lib/gcc/arm-none-eabi/9.2.1/../../../arm-none-eabi/lib/thumb/v6-m/nofp/libc_nano.a(lib_a-memset.o)
 .debug_info    0x000000000002eac0      0x92b /usr/lib/gcc/arm-none-eabi/9.2.1/../../../arm-none-eabi/lib/thumb/v6-m/nofp/libc_nano.a(lib_a-on_exit_args.o)
 .debug_info    0x000000000002f3eb      0xa3c /usr/lib/gcc/arm-none-eabi/9.2.1/../../../arm-none-eabi/lib/thumb/v6-m/nofp/libc_nano.a(lib_a-__atexit.o)
 .debug_info    0x000000000002fe27      0xa10 /usr/lib/gcc/arm-none-eabi/9.2.1/../../../arm-none-eabi/lib/thumb/v6-m/nofp/libc_nano.a(lib_a-__call_atexit.o)
 .debug_info    0x0000000000030837       0x26 /usr/lib/gcc/arm-none-eabi/9.2.1/thumb/v6-m/nofp/libgcc.a(_thumb1_case_uqi.o)
 .debug_info    0x000000000003085d       0x26 /usr/lib/gcc/arm-none-eabi/9.2.1/thumb/v6-m/nofp/libgcc.a(_udivsi3.o)
 .debug_info    0x0000000000030883       0x26 /usr/lib/gcc/arm-none-eabi/9.2.1/thumb/v6-m/nofp/libgcc.a(_divsi3.o)
 .debug_info    0x00000000000308a9       0x26 /usr/lib/gcc/arm-none-eabi/9.2.1/thumb/v6-m/nofp/libgcc.a(_dvmd_tls.o)

.debug_abbrev   0x0000000000000000     0x2614
 .debug_abbrev  0x0000000000000000     0x17d8 build/main.o
 .debug_abbrev  0x00000000000017d8       0x12 build/startup_stm32f030x6.o
 .debug_abbrev  0x00000000000017ea      0x114 /usr/lib/gcc/arm-none-eabi/9.2.1/../../../arm-none-eabi/lib/thumb/v6-m/nofp/libstdc++_nano.a(atexit_arm.o)
 .debug_abbrev  0x00000000000018fe      0x220 /usr/lib/gcc/arm-none-eabi/9.2.1/../../../arm-none-eabi/lib/thumb/v6-m/nofp/libc_nano.a(lib_a-cxa_atexit.o)
 .debug_abbrev  0x0000000000001b1e       0xcc /usr/lib/gcc/arm-none-eabi/9.2.1/../../../arm-none-eabi/lib/thumb/v6-m/nofp/libc_nano.a(lib_a-init.o)
 .debug_abbrev  0x0000000000001bea      0x1e5 /usr/lib/gcc/arm-none-eabi/9.2.1/../../../arm-none-eabi/lib/thumb/v6-m/nofp/libc_nano.a(lib_a-memcpy-stub.o)
 .debug_abbrev  0x0000000000001dcf      0x1d9 /usr/lib/gcc/arm-none-eabi/9.2.1/../../../arm-none-eabi/lib/thumb/v6-m/nofp/libc_nano.a(lib_a-memset.o)
 .debug_abbrev  0x0000000000001fa8      0x184 /usr/lib/gcc/arm-none-eabi/9.2.1/../../../arm-none-eabi/lib/thumb/v6-m/nofp/libc_nano.a(lib_a-on_exit_args.o)
 .debug_abbrev  0x000000000000212c      0x261 /usr/lib/gcc/arm-none-eabi/9.2.1/../../../arm-none-eabi/lib/thumb/v6-m/nofp/libc_nano.a(lib_a-__atexit.o)
 .debug_abbrev  0x000000000000238d      0x237 /usr/lib/gcc/arm-none-eabi/9.2.1/../../../arm-none-eabi/lib/thumb/v6-m/nofp/libc_nano.a(lib_a-__call_atexit.o)
 .debug_abbrev  0x00000000000025c4       0x14 /usr/lib/gcc/arm-none-eabi/9.2.1/thumb/v6-m/nofp/libgcc.a(_thumb1_case_uqi.o)
 .debug_abbrev  0x00000000000025d8       0x14 /usr/lib/gcc/arm-none-eabi/9.2.1/thumb/v6-m/nofp/libgcc.a(_udivsi3.o)
 .debug_abbrev  0x00000000000025ec       0x14 /usr/lib/gcc/arm-none-eabi/9.2.1/thumb/v6-m/nofp/libgcc.a(_divsi3.o)
 .debug_abbrev  0x0000000000002600       0x14 /usr/lib/gcc/arm-none-eabi/9.2.1/thumb/v6-m/nofp/libgcc.a(_dvmd_tls.o)

.debug_loc      0x0000000000000000     0x8041
 .debug_loc     0x0000000000000000     0x73ea build/main.o
 .debug_loc     0x00000000000073ea       0x89 /usr/lib/gcc/arm-none-eabi/9.2.1/../../../arm-none-eabi/lib/thumb/v6-m/nofp/libstdc++_nano.a(atexit_arm.o)
 .debug_loc     0x0000000000007473       0x96 /usr/lib/gcc/arm-none-eabi/9.2.1/../../../arm-none-eabi/lib/thumb/v6-m/nofp/libc_nano.a(lib_a-cxa_atexit.o)
 .debug_loc     0x0000000000007509       0x98 /usr/lib/gcc/arm-none-eabi/9.2.1/../../../arm-none-eabi/lib/thumb/v6-m/nofp/libc_nano.a(lib_a-init.o)
 .debug_loc     0x00000000000075a1      0x481 /usr/lib/gcc/arm-none-eabi/9.2.1/../../../arm-none-eabi/lib/thumb/v6-m/nofp/libc_nano.a(lib_a-memcpy-stub.o)
 .debug_loc     0x0000000000007a22      0x2df /usr/lib/gcc/arm-none-eabi/9.2.1/../../../arm-none-eabi/lib/thumb/v6-m/nofp/libc_nano.a(lib_a-memset.o)
 .debug_loc     0x0000000000007d01      0x1db /usr/lib/gcc/arm-none-eabi/9.2.1/../../../arm-none-eabi/lib/thumb/v6-m/nofp/libc_nano.a(lib_a-__atexit.o)
 .debug_loc     0x0000000000007edc      0x165 /usr/lib/gcc/arm-none-eabi/9.2.1/../../../arm-none-eabi/lib/thumb/v6-m/nofp/libc_nano.a(lib_a-__call_atexit.o)

.debug_aranges  0x0000000000000000      0x410
 .debug_aranges
                0x0000000000000000      0x270 build/main.o
 .debug_aranges
                0x0000000000000270       0x28 build/startup_stm32f030x6.o
 .debug_aranges
                0x0000000000000298       0x20 /usr/lib/gcc/arm-none-eabi/9.2.1/../../../arm-none-eabi/lib/thumb/v6-m/nofp/libstdc++_nano.a(atexit_arm.o)
 .debug_aranges
                0x00000000000002b8       0x20 /usr/lib/gcc/arm-none-eabi/9.2.1/../../../arm-none-eabi/lib/thumb/v6-m/nofp/libc_nano.a(lib_a-cxa_atexit.o)
 .debug_aranges
                0x00000000000002d8       0x20 /usr/lib/gcc/arm-none-eabi/9.2.1/../../../arm-none-eabi/lib/thumb/v6-m/nofp/libc_nano.a(lib_a-init.o)
 .debug_aranges
                0x00000000000002f8       0x20 /usr/lib/gcc/arm-none-eabi/9.2.1/../../../arm-none-eabi/lib/thumb/v6-m/nofp/libc_nano.a(lib_a-memcpy-stub.o)
 .debug_aranges
                0x0000000000000318       0x20 /usr/lib/gcc/arm-none-eabi/9.2.1/../../../arm-none-eabi/lib/thumb/v6-m/nofp/libc_nano.a(lib_a-memset.o)
 .debug_aranges
                0x0000000000000338       0x18 /usr/lib/gcc/arm-none-eabi/9.2.1/../../../arm-none-eabi/lib/thumb/v6-m/nofp/libc_nano.a(lib_a-on_exit_args.o)
 .debug_aranges
                0x0000000000000350       0x20 /usr/lib/gcc/arm-none-eabi/9.2.1/../../../arm-none-eabi/lib/thumb/v6-m/nofp/libc_nano.a(lib_a-__atexit.o)
 .debug_aranges
                0x0000000000000370       0x20 /usr/lib/gcc/arm-none-eabi/9.2.1/../../../arm-none-eabi/lib/thumb/v6-m/nofp/libc_nano.a(lib_a-__call_atexit.o)
 .debug_aranges
                0x0000000000000390       0x20 /usr/lib/gcc/arm-none-eabi/9.2.1/thumb/v6-m/nofp/libgcc.a(_thumb1_case_uqi.o)
 .debug_aranges
                0x00000000000003b0       0x20 /usr/lib/gcc/arm-none-eabi/9.2.1/thumb/v6-m/nofp/libgcc.a(_udivsi3.o)
 .debug_aranges
                0x00000000000003d0       0x20 /usr/lib/gcc/arm-none-eabi/9.2.1/thumb/v6-m/nofp/libgcc.a(_divsi3.o)
 .debug_aranges
                0x00000000000003f0       0x20 /usr/lib/gcc/arm-none-eabi/9.2.1/thumb/v6-m/nofp/libgcc.a(_dvmd_tls.o)

.debug_ranges   0x0000000000000000     0x2070
 .debug_ranges  0x0000000000000000     0x2020 build/main.o
 .debug_ranges  0x0000000000002020       0x20 build/startup_stm32f030x6.o
 .debug_ranges  0x0000000000002040       0x10 /usr/lib/gcc/arm-none-eabi/9.2.1/../../../arm-none-eabi/lib/thumb/v6-m/nofp/libstdc++_nano.a(atexit_arm.o)
 .debug_ranges  0x0000000000002050       0x20 /usr/lib/gcc/arm-none-eabi/9.2.1/../../../arm-none-eabi/lib/thumb/v6-m/nofp/libc_nano.a(lib_a-__call_atexit.o)

.debug_line     0x0000000000000000     0x56e2
 .debug_line    0x0000000000000000     0x4661 build/main.o
 .debug_line    0x0000000000004661       0x91 build/startup_stm32f030x6.o
 .debug_line    0x00000000000046f2      0x18d /usr/lib/gcc/arm-none-eabi/9.2.1/../../../arm-none-eabi/lib/thumb/v6-m/nofp/libstdc++_nano.a(atexit_arm.o)
 .debug_line    0x000000000000487f      0x17f /usr/lib/gcc/arm-none-eabi/9.2.1/../../../arm-none-eabi/lib/thumb/v6-m/nofp/libc_nano.a(lib_a-cxa_atexit.o)
 .debug_line    0x00000000000049fe       0xfc /usr/lib/gcc/arm-none-eabi/9.2.1/../../../arm-none-eabi/lib/thumb/v6-m/nofp/libc_nano.a(lib_a-init.o)
 .debug_line    0x0000000000004afa      0x24d /usr/lib/gcc/arm-none-eabi/9.2.1/../../../arm-none-eabi/lib/thumb/v6-m/nofp/libc_nano.a(lib_a-memcpy-stub.o)
 .debug_line    0x0000000000004d47      0x281 /usr/lib/gcc/arm-none-eabi/9.2.1/../../../arm-none-eabi/lib/thumb/v6-m/nofp/libc_nano.a(lib_a-memset.o)
 .debug_line    0x0000000000004fc8       0xea /usr/lib/gcc/arm-none-eabi/9.2.1/../../../arm-none-eabi/lib/thumb/v6-m/nofp/libc_nano.a(lib_a-on_exit_args.o)
 .debug_line    0x00000000000050b2      0x247 /usr/lib/gcc/arm-none-eabi/9.2.1/../../../arm-none-eabi/lib/thumb/v6-m/nofp/libc_nano.a(lib_a-__atexit.o)
 .debug_line    0x00000000000052f9      0x242 /usr/lib/gcc/arm-none-eabi/9.2.1/../../../arm-none-eabi/lib/thumb/v6-m/nofp/libc_nano.a(lib_a-__call_atexit.o)
 .debug_line    0x000000000000553b       0x68 /usr/lib/gcc/arm-none-eabi/9.2.1/thumb/v6-m/nofp/libgcc.a(_thumb1_case_uqi.o)
 .debug_line    0x00000000000055a3       0x6c /usr/lib/gcc/arm-none-eabi/9.2.1/thumb/v6-m/nofp/libgcc.a(_udivsi3.o)
 .debug_line    0x000000000000560f       0x73 /usr/lib/gcc/arm-none-eabi/9.2.1/thumb/v6-m/nofp/libgcc.a(_divsi3.o)
 .debug_line    0x0000000000005682       0x60 /usr/lib/gcc/arm-none-eabi/9.2.1/thumb/v6-m/nofp/libgcc.a(_dvmd_tls.o)

.debug_str      0x0000000000000000    0x25799
 .debug_str     0x0000000000000000    0x24e10 build/main.o
                                      0x25734 (size before relaxing)
 .debug_str     0x0000000000024e10       0x3b build/startup_stm32f030x6.o
                                         0x52 (size before relaxing)
 .debug_str     0x0000000000024e4b      0x1cd /usr/lib/gcc/arm-none-eabi/9.2.1/../../../arm-none-eabi/lib/thumb/v6-m/nofp/libstdc++_nano.a(atexit_arm.o)
                                        0x255 (size before relaxing)
 .debug_str     0x0000000000025018      0x20d /usr/lib/gcc/arm-none-eabi/9.2.1/../../../arm-none-eabi/lib/thumb/v6-m/nofp/libc_nano.a(lib_a-cxa_atexit.o)
                                        0x652 (size before relaxing)
 .debug_str     0x0000000000025225       0xf2 /usr/lib/gcc/arm-none-eabi/9.2.1/../../../arm-none-eabi/lib/thumb/v6-m/nofp/libc_nano.a(lib_a-init.o)
                                        0x222 (size before relaxing)
 .debug_str     0x0000000000025317      0x233 /usr/lib/gcc/arm-none-eabi/9.2.1/../../../arm-none-eabi/lib/thumb/v6-m/nofp/libc_nano.a(lib_a-memcpy-stub.o)
                                        0x92d (size before relaxing)
 .debug_str     0x000000000002554a       0x9f /usr/lib/gcc/arm-none-eabi/9.2.1/../../../arm-none-eabi/lib/thumb/v6-m/nofp/libc_nano.a(lib_a-memset.o)
                                        0x908 (size before relaxing)
 .debug_str     0x00000000000255e9       0x51 /usr/lib/gcc/arm-none-eabi/9.2.1/../../../arm-none-eabi/lib/thumb/v6-m/nofp/libc_nano.a(lib_a-on_exit_args.o)
                                        0x5fd (size before relaxing)
 .debug_str     0x000000000002563a       0x6e /usr/lib/gcc/arm-none-eabi/9.2.1/../../../arm-none-eabi/lib/thumb/v6-m/nofp/libc_nano.a(lib_a-__atexit.o)
                                        0x679 (size before relaxing)
 .debug_str     0x00000000000256a8       0x5a /usr/lib/gcc/arm-none-eabi/9.2.1/../../../arm-none-eabi/lib/thumb/v6-m/nofp/libc_nano.a(lib_a-__call_atexit.o)
                                        0x624 (size before relaxing)
 .debug_str     0x0000000000025702       0x97 /usr/lib/gcc/arm-none-eabi/9.2.1/thumb/v6-m/nofp/libgcc.a(_thumb1_case_uqi.o)
                                         0xa3 (size before relaxing)
 .debug_str     0x0000000000025799       0xa3 /usr/lib/gcc/arm-none-eabi/9.2.1/thumb/v6-m/nofp/libgcc.a(_udivsi3.o)
 .debug_str     0x0000000000025799       0xa3 /usr/lib/gcc/arm-none-eabi/9.2.1/thumb/v6-m/nofp/libgcc.a(_divsi3.o)
 .debug_str     0x0000000000025799       0xa3 /usr/lib/gcc/arm-none-eabi/9.2.1/thumb/v6-m/nofp/libgcc.a(_dvmd_tls.o)

.debug_frame    0x0000000000000000      0x824
 .debug_frame   0x0000000000000000      0x688 build/main.o
 .debug_frame   0x0000000000000688       0x28 /usr/lib/gcc/arm-none-eabi/9.2.1/../../../arm-none-eabi/lib/thumb/v6-m/nofp/libstdc++_nano.a(atexit_arm.o)
 .debug_frame   0x00000000000006b0       0x2c /usr/lib/gcc/arm-none-eabi/9.2.1/../../../arm-none-eabi/lib/thumb/v6-m/nofp/libc_nano.a(lib_a-cxa_atexit.o)
 .debug_frame   0x00000000000006dc       0x2c /usr/lib/gcc/arm-none-eabi/9.2.1/../../../arm-none-eabi/lib/thumb/v6-m/nofp/libc_nano.a(lib_a-init.o)
 .debug_frame   0x0000000000000708       0x34 /usr/lib/gcc/arm-none-eabi/9.2.1/../../../arm-none-eabi/lib/thumb/v6-m/nofp/libc_nano.a(lib_a-memcpy-stub.o)
 .debug_frame   0x000000000000073c       0x30 /usr/lib/gcc/arm-none-eabi/9.2.1/../../../arm-none-eabi/lib/thumb/v6-m/nofp/libc_nano.a(lib_a-memset.o)
 .debug_frame   0x000000000000076c       0x3c /usr/lib/gcc/arm-none-eabi/9.2.1/../../../arm-none-eabi/lib/thumb/v6-m/nofp/libc_nano.a(lib_a-__atexit.o)
 .debug_frame   0x00000000000007a8       0x3c /usr/lib/gcc/arm-none-eabi/9.2.1/../../../arm-none-eabi/lib/thumb/v6-m/nofp/libc_nano.a(lib_a-__call_atexit.o)
 .debug_frame   0x00000000000007e4       0x20 /usr/lib/gcc/arm-none-eabi/9.2.1/thumb/v6-m/nofp/libgcc.a(_udivsi3.o)
 .debug_frame   0x0000000000000804       0x20 /usr/lib/gcc/arm-none-eabi/9.2.1/thumb/v6-m/nofp/libgcc.a(_divsi3.o)

Cross Reference Table

Symbol                                            File
ADC1_IRQHandler                                   build/startup_stm32f030x6.o
ADC_average& ADC_average::make<(mcu::Periph)15, (mcu::Periph)30>(unsigned int) build/main.o
ADC_average::interrupt()                          build/main.o
ADC_average::make<(mcu::Periph)15, (mcu::Periph)30>(unsigned int)::res build/main.o
ADC_average::start()                              build/main.o
ADC_average::~ADC_average()                       build/main.o
ADC_average::~ADC_average()                       build/main.o
ADC_channel& ADC_average::add_channel<mcu::Pin_<(mcu::Periph)3, 0> >() build/main.o
ADC_channel& ADC_average::add_channel<mcu::Pin_<(mcu::Periph)3, 1> >() build/main.o
ADC_channel::make<mcu::Pin_<(mcu::Periph)3, 0> >()::res build/main.o
ADC_channel::make<mcu::Pin_<(mcu::Periph)3, 1> >()::res build/main.o
DMA1_Channel1_IRQHandler                          build/main.o
DMA1_Channel2_3_IRQHandler                        build/main.o
DMA1_Channel4_5_IRQHandler                        build/main.o
Default_Handler                                   build/startup_stm32f030x6.o
Dyn_array<unsigned short>::add_size(unsigned int) build/main.o
EXTI0_1_IRQHandler                                build/main.o
EXTI2_3_IRQHandler                                build/main.o
EXTI4_15_IRQHandler                               build/main.o
FLASH_IRQHandler                                  build/startup_stm32f030x6.o
HardFault_Handler                                 build/startup_stm32f030x6.o
I2C1_IRQHandler                                   build/startup_stm32f030x6.o
List<ADC_channel>::insert(List<ADC_channel>::Iterator, ADC_channel&) build/main.o
Modbus_slave<Hold_regs, Input_regs, 0u>::answer_05() build/main.o
Modbus_slave<Hold_regs, Input_regs, 0u>::answer_error(Modbus_error_code) build/main.o
Modbus_slave<Hold_regs, Input_regs, 0u>::check_regs(unsigned short) build/main.o
Modbus_slave<Hold_regs, Input_regs, 0u>::dma_interrupt::interrupt() build/main.o
Modbus_slave<Hold_regs, Input_regs, 0u>::make<(mcu::Periph)8, mcu::Pin_<(mcu::Periph)3, 9>, mcu::Pin_<(mcu::Periph)3, 10>, mcu::Pin_<(mcu::Periph)3, 8> >(unsigned char, UART_sized<255u>::Settings)::modbus build/main.o
Modbus_slave<Hold_regs, Input_regs, 0u>::notify() build/main.o
Modbus_slave<Hold_regs, Input_regs, 0u>::uart_interrupt::interrupt() build/main.o
NMI_Handler                                       build/startup_stm32f030x6.o
Net_buffer<255u>::operator<<(unsigned char)       build/main.o
Net_buffer<255u>::operator<<(unsigned short)      build/main.o
Net_buffer<255u>::operator>>(unsigned short&)     build/main.o
Net_buffer<255u>::pop_front()                     build/main.o
PendSV_Handler                                    build/startup_stm32f030x6.o
Pin::is_set()                                     build/main.o
Pin::make<mcu::Pin_<(mcu::Periph)3, 0>, (mcu::PinMode)2>()::pin build/main.o
Pin::make<mcu::Pin_<(mcu::Periph)3, 10>, (mcu::PinMode)4>()::pin build/main.o
Pin::make<mcu::Pin_<(mcu::Periph)3, 1>, (mcu::PinMode)2>()::pin build/main.o
Pin::make<mcu::Pin_<(mcu::Periph)3, 8>, (mcu::PinMode)1>()::pin build/main.o
Pin::make<mcu::Pin_<(mcu::Periph)3, 9>, (mcu::PinMode)4>()::pin build/main.o
Pin::make<mcu::Pin_<(mcu::Periph)4, 6>, (mcu::PinMode)0>()::pin build/main.o
Publisher::notify()                               build/main.o
RCC_IRQHandler                                    build/startup_stm32f030x6.o
RTC_IRQHandler                                    build/startup_stm32f030x6.o
Reset_Handler                                     build/startup_stm32f030x6.o
SPI1_IRQHandler                                   build/startup_stm32f030x6.o
SVC_Handler                                       build/startup_stm32f030x6.o
SysTick_Handler                                   build/main.o
TIM14_IRQHandler                                  build/main.o
TIM16_IRQHandler                                  build/main.o
TIM17_IRQHandler                                  build/main.o
TIM1_BRK_UP_TRG_COM_IRQHandler                    build/main.o
TIM1_CC_IRQHandler                                build/main.o
TIM3_IRQHandler                                   build/main.o
TickSubscriber::tick_subscribe()                  build/main.o
TickSubscriber::tick_unsubscribe()                build/main.o
TickUpdater::interrupt()                          build/main.o
Timer::done()                                     build/main.o
Timer::event()                                    build/main.o
Timer::isCount()                                  build/main.o
Timer::isGreater(unsigned long)                   build/main.o
Timer::notify()                                   build/main.o
Timer::pause()                                    build/main.o
Timer::start()                                    build/main.o
Timer::start(unsigned long)                       build/main.o
Timer::stop()                                     build/main.o
Timer::timeLeft()                                 build/main.o
Timer::timePassed()                               build/main.o
UART_sized<255u>::make<(mcu::Periph)8, mcu::Pin_<(mcu::Periph)3, 9>, mcu::Pin_<(mcu::Periph)3, 10>, mcu::Pin_<(mcu::Periph)3, 8> >()::uart build/main.o
UART_sized<255u>::receive()                       build/main.o
UART_sized<255u>::transmit()                      build/main.o
USART1_IRQHandler                                 build/main.o
WWDG_IRQHandler                                   build/startup_stm32f030x6.o
_ITM_deregisterTMCloneTable                       /usr/lib/gcc/arm-none-eabi/9.2.1/thumb/v6-m/nofp/crtbegin.o
_ITM_registerTMCloneTable                         /usr/lib/gcc/arm-none-eabi/9.2.1/thumb/v6-m/nofp/crtbegin.o
__TMC_END__                                       /usr/lib/gcc/arm-none-eabi/9.2.1/thumb/v6-m/nofp/crtend.o
                                                  /usr/lib/gcc/arm-none-eabi/9.2.1/thumb/v6-m/nofp/crtbegin.o
__aeabi_atexit                                    /usr/lib/gcc/arm-none-eabi/9.2.1/../../../arm-none-eabi/lib/thumb/v6-m/nofp/libstdc++_nano.a(atexit_arm.o)
                                                  build/main.o
__aeabi_idiv                                      /usr/lib/gcc/arm-none-eabi/9.2.1/thumb/v6-m/nofp/libgcc.a(_divsi3.o)
                                                  build/main.o
__aeabi_idiv0                                     /usr/lib/gcc/arm-none-eabi/9.2.1/thumb/v6-m/nofp/libgcc.a(_dvmd_tls.o)
                                                  /usr/lib/gcc/arm-none-eabi/9.2.1/thumb/v6-m/nofp/libgcc.a(_divsi3.o)
                                                  /usr/lib/gcc/arm-none-eabi/9.2.1/thumb/v6-m/nofp/libgcc.a(_udivsi3.o)
__aeabi_idivmod                                   /usr/lib/gcc/arm-none-eabi/9.2.1/thumb/v6-m/nofp/libgcc.a(_divsi3.o)
__aeabi_ldiv0                                     /usr/lib/gcc/arm-none-eabi/9.2.1/thumb/v6-m/nofp/libgcc.a(_dvmd_tls.o)
__aeabi_uidiv                                     /usr/lib/gcc/arm-none-eabi/9.2.1/thumb/v6-m/nofp/libgcc.a(_udivsi3.o)
                                                  build/main.o
__aeabi_uidivmod                                  /usr/lib/gcc/arm-none-eabi/9.2.1/thumb/v6-m/nofp/libgcc.a(_udivsi3.o)
                                                  build/main.o
__atexit_dummy                                    /usr/lib/gcc/arm-none-eabi/9.2.1/../../../arm-none-eabi/lib/thumb/v6-m/nofp/libc_nano.a(lib_a-__atexit.o)
__bss_end__                                       /usr/lib/gcc/arm-none-eabi/9.2.1/../../../arm-none-eabi/lib/thumb/v6-m/nofp/crt0.o
__bss_start__                                     /usr/lib/gcc/arm-none-eabi/9.2.1/../../../arm-none-eabi/lib/thumb/v6-m/nofp/crt0.o
__call_exitprocs                                  /usr/lib/gcc/arm-none-eabi/9.2.1/../../../arm-none-eabi/lib/thumb/v6-m/nofp/libc_nano.a(lib_a-__call_atexit.o)
                                                  /usr/lib/gcc/arm-none-eabi/9.2.1/../../../arm-none-eabi/lib/thumb/v6-m/nofp/libc_nano.a(lib_a-__atexit.o)
                                                  /usr/lib/gcc/arm-none-eabi/9.2.1/../../../arm-none-eabi/lib/thumb/v6-m/nofp/libc_nano.a(lib_a-exit.o)
__cxa_atexit                                      /usr/lib/gcc/arm-none-eabi/9.2.1/../../../arm-none-eabi/lib/thumb/v6-m/nofp/libc_nano.a(lib_a-cxa_atexit.o)
                                                  /usr/lib/gcc/arm-none-eabi/9.2.1/../../../arm-none-eabi/lib/thumb/v6-m/nofp/libstdc++_nano.a(atexit_arm.o)
__cxa_atexit_dummy                                /usr/lib/gcc/arm-none-eabi/9.2.1/../../../arm-none-eabi/lib/thumb/v6-m/nofp/libc_nano.a(lib_a-cxa_atexit.o)
__deregister_frame_info                           /usr/lib/gcc/arm-none-eabi/9.2.1/thumb/v6-m/nofp/crtbegin.o
__divsi3                                          /usr/lib/gcc/arm-none-eabi/9.2.1/thumb/v6-m/nofp/libgcc.a(_divsi3.o)
__dso_handle                                      /usr/lib/gcc/arm-none-eabi/9.2.1/thumb/v6-m/nofp/crtbegin.o
                                                  build/main.o
__fini_array_end                                  /usr/lib/gcc/arm-none-eabi/9.2.1/../../../arm-none-eabi/lib/thumb/v6-m/nofp/libc_nano.a(lib_a-fini.o)
__fini_array_start                                /usr/lib/gcc/arm-none-eabi/9.2.1/../../../arm-none-eabi/lib/thumb/v6-m/nofp/libc_nano.a(lib_a-fini.o)
__gnu_thumb1_case_uqi                             /usr/lib/gcc/arm-none-eabi/9.2.1/thumb/v6-m/nofp/libgcc.a(_thumb1_case_uqi.o)
                                                  build/main.o
__init_array_end                                  /usr/lib/gcc/arm-none-eabi/9.2.1/../../../arm-none-eabi/lib/thumb/v6-m/nofp/libc_nano.a(lib_a-init.o)
__init_array_start                                /usr/lib/gcc/arm-none-eabi/9.2.1/../../../arm-none-eabi/lib/thumb/v6-m/nofp/libc_nano.a(lib_a-init.o)
__libc_fini_array                                 /usr/lib/gcc/arm-none-eabi/9.2.1/../../../arm-none-eabi/lib/thumb/v6-m/nofp/libc_nano.a(lib_a-fini.o)
                                                  /usr/lib/gcc/arm-none-eabi/9.2.1/../../../arm-none-eabi/lib/thumb/v6-m/nofp/crt0.o
__libc_init_array                                 /usr/lib/gcc/arm-none-eabi/9.2.1/../../../arm-none-eabi/lib/thumb/v6-m/nofp/libc_nano.a(lib_a-init.o)
                                                  build/startup_stm32f030x6.o
                                                  /usr/lib/gcc/arm-none-eabi/9.2.1/../../../arm-none-eabi/lib/thumb/v6-m/nofp/crt0.o
__on_exit_args                                    /usr/lib/gcc/arm-none-eabi/9.2.1/../../../arm-none-eabi/lib/thumb/v6-m/nofp/libc_nano.a(lib_a-on_exit_args.o)
                                                  /usr/lib/gcc/arm-none-eabi/9.2.1/../../../arm-none-eabi/lib/thumb/v6-m/nofp/libc_nano.a(lib_a-__atexit.o)
                                                  /usr/lib/gcc/arm-none-eabi/9.2.1/../../../arm-none-eabi/lib/thumb/v6-m/nofp/libc_nano.a(lib_a-cxa_atexit.o)
__preinit_array_end                               /usr/lib/gcc/arm-none-eabi/9.2.1/../../../arm-none-eabi/lib/thumb/v6-m/nofp/libc_nano.a(lib_a-init.o)
__preinit_array_start                             /usr/lib/gcc/arm-none-eabi/9.2.1/../../../arm-none-eabi/lib/thumb/v6-m/nofp/libc_nano.a(lib_a-init.o)
__register_exitproc                               /usr/lib/gcc/arm-none-eabi/9.2.1/../../../arm-none-eabi/lib/thumb/v6-m/nofp/libc_nano.a(lib_a-__atexit.o)
                                                  /usr/lib/gcc/arm-none-eabi/9.2.1/../../../arm-none-eabi/lib/thumb/v6-m/nofp/libc_nano.a(lib_a-cxa_atexit.o)
                                                  /usr/lib/gcc/arm-none-eabi/9.2.1/../../../arm-none-eabi/lib/thumb/v6-m/nofp/libc_nano.a(lib_a-atexit.o)
__register_frame_info                             /usr/lib/gcc/arm-none-eabi/9.2.1/thumb/v6-m/nofp/crtbegin.o
__sf_fake_stderr                                  /usr/lib/gcc/arm-none-eabi/9.2.1/../../../arm-none-eabi/lib/thumb/v6-m/nofp/libc_nano.a(lib_a-impure.o)
__sf_fake_stdin                                   /usr/lib/gcc/arm-none-eabi/9.2.1/../../../arm-none-eabi/lib/thumb/v6-m/nofp/libc_nano.a(lib_a-impure.o)
__sf_fake_stdout                                  /usr/lib/gcc/arm-none-eabi/9.2.1/../../../arm-none-eabi/lib/thumb/v6-m/nofp/libc_nano.a(lib_a-impure.o)
__stack                                           /usr/lib/gcc/arm-none-eabi/9.2.1/../../../arm-none-eabi/lib/thumb/v6-m/nofp/crt0.o
__udivsi3                                         /usr/lib/gcc/arm-none-eabi/9.2.1/thumb/v6-m/nofp/libgcc.a(_udivsi3.o)
_ebss                                             build/startup_stm32f030x6.o
_edata                                            build/startup_stm32f030x6.o
_estack                                           build/startup_stm32f030x6.o
_exit                                             /usr/lib/gcc/arm-none-eabi/9.2.1/../../../arm-none-eabi/lib/thumb/v6-m/nofp/libnosys.a(_exit.o)
                                                  /usr/lib/gcc/arm-none-eabi/9.2.1/../../../arm-none-eabi/lib/thumb/v6-m/nofp/libc_nano.a(lib_a-exit.o)
_fini                                             /usr/lib/gcc/arm-none-eabi/9.2.1/thumb/v6-m/nofp/crti.o
                                                  /usr/lib/gcc/arm-none-eabi/9.2.1/../../../arm-none-eabi/lib/thumb/v6-m/nofp/libc_nano.a(lib_a-fini.o)
_global_atexit                                    /usr/lib/gcc/arm-none-eabi/9.2.1/../../../arm-none-eabi/lib/thumb/v6-m/nofp/libc_nano.a(lib_a-__call_atexit.o)
                                                  /usr/lib/gcc/arm-none-eabi/9.2.1/../../../arm-none-eabi/lib/thumb/v6-m/nofp/libc_nano.a(lib_a-__atexit.o)
_global_impure_ptr                                /usr/lib/gcc/arm-none-eabi/9.2.1/../../../arm-none-eabi/lib/thumb/v6-m/nofp/libc_nano.a(lib_a-impure.o)
                                                  /usr/lib/gcc/arm-none-eabi/9.2.1/../../../arm-none-eabi/lib/thumb/v6-m/nofp/libc_nano.a(lib_a-exit.o)
_impure_ptr                                       /usr/lib/gcc/arm-none-eabi/9.2.1/../../../arm-none-eabi/lib/thumb/v6-m/nofp/libc_nano.a(lib_a-impure.o)
_init                                             /usr/lib/gcc/arm-none-eabi/9.2.1/thumb/v6-m/nofp/crti.o
                                                  /usr/lib/gcc/arm-none-eabi/9.2.1/../../../arm-none-eabi/lib/thumb/v6-m/nofp/libc_nano.a(lib_a-init.o)
_mainCRTStartup                                   /usr/lib/gcc/arm-none-eabi/9.2.1/../../../arm-none-eabi/lib/thumb/v6-m/nofp/crt0.o
_sbss                                             build/startup_stm32f030x6.o
_sdata                                            build/startup_stm32f030x6.o
_sidata                                           build/startup_stm32f030x6.o
_stack_init                                       /usr/lib/gcc/arm-none-eabi/9.2.1/../../../arm-none-eabi/lib/thumb/v6-m/nofp/crt0.o
_start                                            /usr/lib/gcc/arm-none-eabi/9.2.1/../../../arm-none-eabi/lib/thumb/v6-m/nofp/crt0.o
atexit                                            /usr/lib/gcc/arm-none-eabi/9.2.1/../../../arm-none-eabi/lib/thumb/v6-m/nofp/libc_nano.a(lib_a-atexit.o)
                                                  /usr/lib/gcc/arm-none-eabi/9.2.1/../../../arm-none-eabi/lib/thumb/v6-m/nofp/crt0.o
auto CRC16<unsigned char*>(unsigned char*, unsigned char*) build/main.o
auto& UART_sized<255u>::make<(mcu::Periph)8, mcu::Pin_<(mcu::Periph)3, 9>, mcu::Pin_<(mcu::Periph)3, 10>, mcu::Pin_<(mcu::Periph)3, 8> >() build/main.o
bool* std::find<bool*, bool>(bool*, bool*, bool const&) build/main.o
exit                                              /usr/lib/gcc/arm-none-eabi/9.2.1/../../../arm-none-eabi/lib/thumb/v6-m/nofp/libc_nano.a(lib_a-exit.o)
                                                  /usr/lib/gcc/arm-none-eabi/9.2.1/../../../arm-none-eabi/lib/thumb/v6-m/nofp/crt0.o
g_pfnVectors                                      build/startup_stm32f030x6.o
guard variable for ADC_average::make<(mcu::Periph)15, (mcu::Periph)30>(unsigned int)::res build/main.o
guard variable for ADC_channel::make<mcu::Pin_<(mcu::Periph)3, 0> >()::res build/main.o
guard variable for ADC_channel::make<mcu::Pin_<(mcu::Periph)3, 1> >()::res build/main.o
guard variable for Modbus_slave<Hold_regs, Input_regs, 0u>::make<(mcu::Periph)8, mcu::Pin_<(mcu::Periph)3, 9>, mcu::Pin_<(mcu::Periph)3, 10>, mcu::Pin_<(mcu::Periph)3, 8> >(unsigned char, UART_sized<255u>::Settings)::modbus build/main.o
guard variable for Pin::make<mcu::Pin_<(mcu::Periph)3, 0>, (mcu::PinMode)2>()::pin build/main.o
guard variable for Pin::make<mcu::Pin_<(mcu::Periph)3, 10>, (mcu::PinMode)4>()::pin build/main.o
guard variable for Pin::make<mcu::Pin_<(mcu::Periph)3, 1>, (mcu::PinMode)2>()::pin build/main.o
guard variable for Pin::make<mcu::Pin_<(mcu::Periph)3, 8>, (mcu::PinMode)1>()::pin build/main.o
guard variable for Pin::make<mcu::Pin_<(mcu::Periph)3, 9>, (mcu::PinMode)4>()::pin build/main.o
guard variable for Pin::make<mcu::Pin_<(mcu::Periph)4, 6>, (mcu::PinMode)0>()::pin build/main.o
guard variable for UART_sized<255u>::make<(mcu::Periph)8, mcu::Pin_<(mcu::Periph)3, 9>, mcu::Pin_<(mcu::Periph)3, 10>, mcu::Pin_<(mcu::Periph)3, 8> >()::uart build/main.o
hardware_init_hook                                /usr/lib/gcc/arm-none-eabi/9.2.1/../../../arm-none-eabi/lib/thumb/v6-m/nofp/crt0.o
heap                                              build/main.o
init_clock                                        build/main.o
                                                  build/startup_stm32f030x6.o
interrupt_DMA1_channel1                           build/main.o
interrupt_DMA1_channel2                           build/main.o
interrupt_DMA1_channel3                           build/main.o
interrupt_DMA1_channel4                           build/main.o
interrupt_DMA1_channel5                           build/main.o
interrupt_EXTI0                                   build/main.o
interrupt_EXTI1                                   build/main.o
interrupt_EXTI10                                  build/main.o
interrupt_EXTI11                                  build/main.o
interrupt_EXTI12                                  build/main.o
interrupt_EXTI13                                  build/main.o
interrupt_EXTI14                                  build/main.o
interrupt_EXTI15                                  build/main.o
interrupt_EXTI2                                   build/main.o
interrupt_EXTI3                                   build/main.o
interrupt_EXTI4                                   build/main.o
interrupt_EXTI5                                   build/main.o
interrupt_EXTI6                                   build/main.o
interrupt_EXTI7                                   build/main.o
interrupt_EXTI8                                   build/main.o
interrupt_EXTI9                                   build/main.o
interrupt_rtc                                     build/main.o
interrupt_spi1                                    build/main.o
interrupt_tim1                                    build/main.o
interrupt_tim3                                    build/main.o
interrupt_usart1                                  build/main.o
main                                              build/main.o
                                                  build/startup_stm32f030x6.o
                                                  /usr/lib/gcc/arm-none-eabi/9.2.1/../../../arm-none-eabi/lib/thumb/v6-m/nofp/crt0.o
malloc                                            /usr/lib/gcc/arm-none-eabi/9.2.1/../../../arm-none-eabi/lib/thumb/v6-m/nofp/libc_nano.a(lib_a-__atexit.o)
mcu::DMA::clear_interrupt_flags(mcu::DMA::Channel) build/main.o
mcu::DMA::is_transfer_complete_interrupt(mcu::DMA::Channel) build/main.o
mcu::EXTI::clear_interrupt_flags(int)             build/main.o
mcu::EXTI::set_trigger(mcu::EXTI::Edge, int, bool) build/main.o
mcu::EXTI::toggle_trigger(mcu::EXTI::Edge, int)   build/main.o
mcu::FLASH::start_erase(mcu::FLASH::Sector)       build/main.o
mcu::FLASH::unlock()                              build/main.o
mcu::TIM::compare_disable(mcu::TIM::Channel)      build/main.o
mcu::TIM::compare_enable(mcu::TIM::Channel)       build/main.o
mcu::TIM::interrupt_enable(mcu::TIM::Channel)     build/main.o
mcu::TIM::is_compare(mcu::TIM::Channel)           build/main.o
mcu::TIM::set_compare(mcu::TIM::Channel, unsigned long) build/main.o
mcu::USART::set(mcu::USART::Baudrate, mcu::Periph) build/main.o
memcpy                                            /usr/lib/gcc/arm-none-eabi/9.2.1/../../../arm-none-eabi/lib/thumb/v6-m/nofp/libc_nano.a(lib_a-memcpy-stub.o)
                                                  build/main.o
memset                                            /usr/lib/gcc/arm-none-eabi/9.2.1/../../../arm-none-eabi/lib/thumb/v6-m/nofp/libc_nano.a(lib_a-memset.o)
                                                  build/main.o
                                                  /usr/lib/gcc/arm-none-eabi/9.2.1/../../../arm-none-eabi/lib/thumb/v6-m/nofp/crt0.o
software_init_hook                                /usr/lib/gcc/arm-none-eabi/9.2.1/../../../arm-none-eabi/lib/thumb/v6-m/nofp/crt0.o
tickUpdater                                       build/main.o
vtable for ADC_average                            build/main.o
vtable for Modbus_slave<Hold_regs, Input_regs, 0u> build/main.o
vtable for Modbus_slave<Hold_regs, Input_regs, 0u>::dma_interrupt build/main.o
vtable for Modbus_slave<Hold_regs, Input_regs, 0u>::uart_interrupt build/main.o
vtable for Timer                                  build/main.o
