Archive member included to satisfy reference by file (symbol)

/usr/lib/gcc/arm-none-eabi/9.2.1/../../../arm-none-eabi/lib/thumb/v6-m/nofp/libstdc++_nano.a(atexit_arm.o)
                              build/main.o (__aeabi_atexit)
/usr/lib/gcc/arm-none-eabi/9.2.1/../../../arm-none-eabi/lib/thumb/v6-m/nofp/libstdc++_nano.a(pure.o)
                              build/main.o (__cxa_pure_virtual)
/usr/lib/gcc/arm-none-eabi/9.2.1/../../../arm-none-eabi/lib/thumb/v6-m/nofp/libstdc++_nano.a(functional.o)
                              build/main.o (std::__throw_bad_function_call())
/usr/lib/gcc/arm-none-eabi/9.2.1/../../../arm-none-eabi/lib/thumb/v6-m/nofp/libstdc++_nano.a(del_op.o)
                              /usr/lib/gcc/arm-none-eabi/9.2.1/../../../arm-none-eabi/lib/thumb/v6-m/nofp/libstdc++_nano.a(functional.o) (operator delete(void*))
/usr/lib/gcc/arm-none-eabi/9.2.1/../../../arm-none-eabi/lib/thumb/v6-m/nofp/libstdc++_nano.a(eh_exception.o)
                              /usr/lib/gcc/arm-none-eabi/9.2.1/../../../arm-none-eabi/lib/thumb/v6-m/nofp/libstdc++_nano.a(functional.o) (std::exception::~exception())
/usr/lib/gcc/arm-none-eabi/9.2.1/../../../arm-none-eabi/lib/thumb/v6-m/nofp/libstdc++_nano.a(eh_terminate.o)
                              /usr/lib/gcc/arm-none-eabi/9.2.1/../../../arm-none-eabi/lib/thumb/v6-m/nofp/libstdc++_nano.a(pure.o) (std::terminate())
/usr/lib/gcc/arm-none-eabi/9.2.1/../../../arm-none-eabi/lib/thumb/v6-m/nofp/libstdc++_nano.a(eh_unex_handler.o)
                              /usr/lib/gcc/arm-none-eabi/9.2.1/../../../arm-none-eabi/lib/thumb/v6-m/nofp/libstdc++_nano.a(eh_terminate.o) (__cxxabiv1::__unexpected_handler)
/usr/lib/gcc/arm-none-eabi/9.2.1/../../../arm-none-eabi/lib/thumb/v6-m/nofp/libstdc++_nano.a(si_class_type_info.o)
                              /usr/lib/gcc/arm-none-eabi/9.2.1/../../../arm-none-eabi/lib/thumb/v6-m/nofp/libstdc++_nano.a(functional.o) (vtable for __cxxabiv1::__si_class_type_info)
/usr/lib/gcc/arm-none-eabi/9.2.1/../../../arm-none-eabi/lib/thumb/v6-m/nofp/libstdc++_nano.a(tinfo.o)
                              /usr/lib/gcc/arm-none-eabi/9.2.1/../../../arm-none-eabi/lib/thumb/v6-m/nofp/libstdc++_nano.a(si_class_type_info.o) (std::type_info::__is_pointer_p() const)
/usr/lib/gcc/arm-none-eabi/9.2.1/../../../arm-none-eabi/lib/thumb/v6-m/nofp/libstdc++_nano.a(class_type_info.o)
                              /usr/lib/gcc/arm-none-eabi/9.2.1/../../../arm-none-eabi/lib/thumb/v6-m/nofp/libstdc++_nano.a(si_class_type_info.o) (__cxxabiv1::__class_type_info::__do_upcast(__cxxabiv1::__class_type_info const*, void**) const)
/usr/lib/gcc/arm-none-eabi/9.2.1/../../../arm-none-eabi/lib/thumb/v6-m/nofp/libstdc++_nano.a(del_ops.o)
                              /usr/lib/gcc/arm-none-eabi/9.2.1/../../../arm-none-eabi/lib/thumb/v6-m/nofp/libstdc++_nano.a(eh_exception.o) (operator delete(void*, unsigned int))
/usr/lib/gcc/arm-none-eabi/9.2.1/../../../arm-none-eabi/lib/thumb/v6-m/nofp/libstdc++_nano.a(eh_term_handler.o)
                              /usr/lib/gcc/arm-none-eabi/9.2.1/../../../arm-none-eabi/lib/thumb/v6-m/nofp/libstdc++_nano.a(eh_terminate.o) (__cxxabiv1::__terminate_handler)
/usr/lib/gcc/arm-none-eabi/9.2.1/../../../arm-none-eabi/lib/thumb/v6-m/nofp/libc_nano.a(lib_a-abort.o)
                              /usr/lib/gcc/arm-none-eabi/9.2.1/../../../arm-none-eabi/lib/thumb/v6-m/nofp/libstdc++_nano.a(functional.o) (abort)
/usr/lib/gcc/arm-none-eabi/9.2.1/../../../arm-none-eabi/lib/thumb/v6-m/nofp/libc_nano.a(lib_a-atexit.o)
                              /usr/lib/gcc/arm-none-eabi/9.2.1/../../../arm-none-eabi/lib/thumb/v6-m/nofp/crt0.o (atexit)
/usr/lib/gcc/arm-none-eabi/9.2.1/../../../arm-none-eabi/lib/thumb/v6-m/nofp/libc_nano.a(lib_a-cxa_atexit.o)
                              /usr/lib/gcc/arm-none-eabi/9.2.1/../../../arm-none-eabi/lib/thumb/v6-m/nofp/libstdc++_nano.a(atexit_arm.o) (__cxa_atexit)
/usr/lib/gcc/arm-none-eabi/9.2.1/../../../arm-none-eabi/lib/thumb/v6-m/nofp/libc_nano.a(lib_a-exit.o)
                              /usr/lib/gcc/arm-none-eabi/9.2.1/../../../arm-none-eabi/lib/thumb/v6-m/nofp/crt0.o (exit)
/usr/lib/gcc/arm-none-eabi/9.2.1/../../../arm-none-eabi/lib/thumb/v6-m/nofp/libc_nano.a(lib_a-fini.o)
                              /usr/lib/gcc/arm-none-eabi/9.2.1/../../../arm-none-eabi/lib/thumb/v6-m/nofp/crt0.o (__libc_fini_array)
/usr/lib/gcc/arm-none-eabi/9.2.1/../../../arm-none-eabi/lib/thumb/v6-m/nofp/libc_nano.a(lib_a-impure.o)
                              /usr/lib/gcc/arm-none-eabi/9.2.1/../../../arm-none-eabi/lib/thumb/v6-m/nofp/libc_nano.a(lib_a-exit.o) (_global_impure_ptr)
/usr/lib/gcc/arm-none-eabi/9.2.1/../../../arm-none-eabi/lib/thumb/v6-m/nofp/libc_nano.a(lib_a-init.o)
                              /usr/lib/gcc/arm-none-eabi/9.2.1/../../../arm-none-eabi/lib/thumb/v6-m/nofp/crt0.o (__libc_init_array)
/usr/lib/gcc/arm-none-eabi/9.2.1/../../../arm-none-eabi/lib/thumb/v6-m/nofp/libc_nano.a(lib_a-malloc.o)
[...]
Memory Configuration

Name             Origin             Length             Attributes
RAM              0x0000000020000000 0x0000000000001000 xrw
FLASH            0x0000000008000000 0x0000000000008000 xr
*default*        0x0000000000000000 0xffffffffffffffff

Linker script and memory map

LOAD /usr/lib/gcc/arm-none-eabi/9.2.1/thumb/v6-m/nofp/crti.o
LOAD /usr/lib/gcc/arm-none-eabi/9.2.1/thumb/v6-m/nofp/crtbegin.o
LOAD /usr/lib/gcc/arm-none-eabi/9.2.1/../../../arm-none-eabi/lib/thumb/v6-m/nofp/crt0.o
LOAD build/main.o
LOAD build/startup_stm32f030x6.o
LOAD /usr/lib/gcc/arm-none-eabi/9.2.1/../../../arm-none-eabi/lib/thumb/v6-m/nofp/libnosys.a
LOAD /usr/lib/gcc/arm-none-eabi/9.2.1/../../../arm-none-eabi/lib/thumb/v6-m/nofp/libstdc++_nano.a
LOAD /usr/lib/gcc/arm-none-eabi/9.2.1/../../../arm-none-eabi/lib/thumb/v6-m/nofp/libm.a
LOAD /usr/lib/gcc/arm-none-eabi/9.2.1/../../../arm-none-eabi/lib/thumb/v6-m/nofp/libc_nano.a
START GROUP
LOAD /usr/lib/gcc/arm-none-eabi/9.2.1/thumb/v6-m/nofp/libgcc.a
LOAD /usr/lib/gcc/arm-none-eabi/9.2.1/../../../arm-none-eabi/lib/thumb/v6-m/nofp/libc_nano.a
END GROUP
START GROUP
LOAD /usr/lib/gcc/arm-none-eabi/9.2.1/thumb/v6-m/nofp/libgcc.a
LOAD /usr/lib/gcc/arm-none-eabi/9.2.1/../../../arm-none-eabi/lib/thumb/v6-m/nofp/libc_nano.a
LOAD /usr/lib/gcc/arm-none-eabi/9.2.1/../../../arm-none-eabi/lib/thumb/v6-m/nofp/libnosys.a
END GROUP
START GROUP
LOAD /usr/lib/gcc/arm-none-eabi/9.2.1/thumb/v6-m/nofp/libgcc.a
LOAD /usr/lib/gcc/arm-none-eabi/9.2.1/../../../arm-none-eabi/lib/thumb/v6-m/nofp/libc_nano.a
LOAD /usr/lib/gcc/arm-none-eabi/9.2.1/../../../arm-none-eabi/lib/thumb/v6-m/nofp/libnosys.a
END GROUP
LOAD /usr/lib/gcc/arm-none-eabi/9.2.1/thumb/v6-m/nofp/crtend.o
LOAD /usr/lib/gcc/arm-none-eabi/9.2.1/thumb/v6-m/nofp/crtn.o
                0x0000000020001000                _estack = 0x20001000
                0x0000000000000200                _Min_Heap_Size = 0x200
                0x0000000000000400                _Min_Stack_Size = 0x400

.isr_vector     0x0000000008000000       0xc0
                0x0000000008000000                . = ALIGN (0x4)
 *(.isr_vector)
 .isr_vector    0x0000000008000000       0xc0 build/startup_stm32f030x6.o
                0x0000000008000000                g_pfnVectors
                0x00000000080000c0                . = ALIGN (0x4)

.text           0x00000000080000c0     0x6968
                0x00000000080000c0                . = ALIGN (0x4)
 *(.text)
 .text          0x00000000080000c0       0x98 /usr/lib/gcc/arm-none-eabi/9.2.1/thumb/v6-m/nofp/crtbegin.o
 .text          0x0000000008000158       0x10 /usr/lib/gcc/arm-none-eabi/9.2.1/../../../arm-none-eabi/lib/thumb/v6-m/nofp/libc_nano.a(lib_a-abort.o)
                0x0000000008000158                abort
 .text          0x0000000008000168       0x20 /usr/lib/gcc/arm-none-eabi/9.2.1/../../../arm-none-eabi/lib/thumb/v6-m/nofp/libc_nano.a(lib_a-cxa_atexit.o)
                0x0000000008000168                __cxa_atexit
 .text          0x0000000008000188       0x44 /usr/lib/gcc/arm-none-eabi/9.2.1/../../../arm-none-eabi/lib/thumb/v6-m/nofp/libc_nano.a(lib_a-init.o)
                0x0000000008000188                __libc_init_array
 .text          0x00000000080001cc       0x28 /usr/lib/gcc/arm-none-eabi/9.2.1/../../../arm-none-eabi/lib/thumb/v6-m/nofp/libc_nano.a(lib_a-malloc.o)
                0x00000000080001cc                malloc
                0x00000000080001e0                free
 .text          0x00000000080001f4       0xa8 /usr/lib/gcc/arm-none-eabi/9.2.1/../../../arm-none-eabi/lib/thumb/v6-m/nofp/libc_nano.a(lib_a-memcpy-stub.o)
                0x00000000080001f4                memcpy
 .text          0x000000000800029c       0xa8 /usr/lib/gcc/arm-none-eabi/9.2.1/../../../arm-none-eabi/lib/thumb/v6-m/nofp/libc_nano.a(lib_a-memset.o)
                0x000000000800029c                memset
 .text          0x0000000008000344       0xac /usr/lib/gcc/arm-none-eabi/9.2.1/../../../arm-none-eabi/lib/thumb/v6-m/nofp/libc_nano.a(lib_a-nano-freer.o)
                0x0000000008000344                _free_r
 .text          0x00000000080003f0       0xcc /usr/lib/gcc/arm-none-eabi/9.2.1/../../../arm-none-eabi/lib/thumb/v6-m/nofp/libc_nano.a(lib_a-nano-mallocr.o)
                0x00000000080003f0                _malloc_r
 .text          0x00000000080004bc       0x24 /usr/lib/gcc/arm-none-eabi/9.2.1/../../../arm-none-eabi/lib/thumb/v6-m/nofp/libc_nano.a(lib_a-sbrkr.o)
                0x00000000080004bc                _sbrk_r
 .text          0x00000000080004e0      0x178 /usr/lib/gcc/arm-none-eabi/9.2.1/../../../arm-none-eabi/lib/thumb/v6-m/nofp/libc_nano.a(lib_a-signal.o)
                0x0000000008000508                _init_signal_r
                0x0000000008000520                _signal_r
                0x0000000008000558                _raise_r
                0x00000000080005b0                __sigtramp_r
                0x00000000080005fc                raise
                0x0000000008000610                signal
                0x0000000008000628                _init_signal
                0x0000000008000644                __sigtramp
 .text          0x0000000008000658       0x30 /usr/lib/gcc/arm-none-eabi/9.2.1/../../../arm-none-eabi/lib/thumb/v6-m/nofp/libc_nano.a(lib_a-signalr.o)
                0x0000000008000658                _kill_r
                0x0000000008000680                _getpid_r
 .text          0x0000000008000688       0xdc /usr/lib/gcc/arm-none-eabi/9.2.1/../../../arm-none-eabi/lib/thumb/v6-m/nofp/libc_nano.a(lib_a-__atexit.o)
                0x0000000008000688                __register_exitproc
 .text          0x0000000008000764        0x8 /usr/lib/gcc/arm-none-eabi/9.2.1/../../../arm-none-eabi/lib/thumb/v6-m/nofp/libc_nano.a(lib_a-mlock.o)
                0x0000000008000764                __malloc_lock
                0x0000000008000768                __malloc_unlock
 .text          0x000000000800076c      0x114 /usr/lib/gcc/arm-none-eabi/9.2.1/thumb/v6-m/nofp/libgcc.a(_udivsi3.o)
                0x000000000800076c                __udivsi3
                0x000000000800076c                __aeabi_uidiv
                0x0000000008000878                __aeabi_uidivmod
 .text          0x0000000008000880        0x4 /usr/lib/gcc/arm-none-eabi/9.2.1/thumb/v6-m/nofp/libgcc.a(_dvmd_tls.o)
                0x0000000008000880                __aeabi_ldiv0
                0x0000000008000880                __aeabi_idiv0
 .text          0x0000000008000884       0x10 /usr/lib/gcc/arm-none-eabi/9.2.1/../../../arm-none-eabi/lib/thumb/v6-m/nofp/libnosys.a(getpid.o)
                0x0000000008000884                _getpid
 .text          0x0000000008000894       0x10 /usr/lib/gcc/arm-none-eabi/9.2.1/../../../arm-none-eabi/lib/thumb/v6-m/nofp/libnosys.a(kill.o)
                0x0000000008000894                _kill
 .text          0x00000000080008a4       0x1c /usr/lib/gcc/arm-none-eabi/9.2.1/../../../arm-none-eabi/lib/thumb/v6-m/nofp/libnosys.a(sbrk.o)
                0x00000000080008a4                _sbrk
 .text          0x00000000080008c0        0x4 /usr/lib/gcc/arm-none-eabi/9.2.1/../../../arm-none-eabi/lib/thumb/v6-m/nofp/libnosys.a(_exit.o)
                0x00000000080008c0                _exit
 *(.text*)
 .text.NVIC_EnableIRQ
                0x00000000080008c4       0x2c build/main.o
 .text._ZN3mcu3RCC3setENS_8RCC_bits4CFGR12AHBprescalerE
                0x00000000080008f0       0x34 build/main.o
                0x00000000080008f0                mcu::RCC::set(mcu::RCC_bits::CFGR::AHBprescaler)
 .text._ZN3mcu3RCC3setENS_8RCC_bits4CFGR12APBprescalerE
                0x0000000008000924       0x38 build/main.o
                0x0000000008000924                mcu::RCC::set(mcu::RCC_bits::CFGR::APBprescaler)
 .text._ZN3mcu3RCC3setENS_8RCC_bits4CFGR11SystemClockE
                0x000000000800095c       0x32 build/main.o
                0x000000000800095c                mcu::RCC::set(mcu::RCC_bits::CFGR::SystemClock)
 *fill*         0x000000000800098e        0x2 
 .text._ZN3mcu3RCC3setENS_8RCC_bits4CFGR9PLLsourceE
                0x0000000008000990       0x38 build/main.o
                0x0000000008000990                mcu::RCC::set(mcu::RCC_bits::CFGR::PLLsource)
 .text._ZN3mcu3RCC3setENS_8RCC_bits4CFGR13PLLmultiplierE
                0x00000000080009c8       0x38 build/main.o
                0x00000000080009c8                mcu::RCC::set(mcu::RCC_bits::CFGR::PLLmultiplier)
 .text._ZN3mcu3RCC6on_HSEEv
                0x0000000008000a00       0x1e build/main.o
                0x0000000008000a00                mcu::RCC::on_HSE()
 .text._ZN3mcu3RCC14wait_HSE_readyEv
                0x0000000008000a1e       0x28 build/main.o
                0x0000000008000a1e                mcu::RCC::wait_HSE_ready()
 .text._ZN3mcu3RCC6on_PLLEv
                0x0000000008000a46       0x1e build/main.o
                0x0000000008000a46                mcu::RCC::on_PLL()
 .text._ZN3mcu3RCC14wait_PLL_readyEv
                0x0000000008000a64       0x28 build/main.o
                0x0000000008000a64                mcu::RCC::wait_PLL_ready()
 .text._ZN3mcu3RCC13get_APB_clockEv
                0x0000000008000a8c       0x68 build/main.o
                0x0000000008000a8c                mcu::RCC::get_APB_clock()
 .text._ZN3mcu3RCC5clockENS_6PeriphE
                0x0000000008000af4       0x1c build/main.o
                0x0000000008000af4                mcu::RCC::clock(mcu::Periph)
 .text._ZN3mcu5FLASH4lockEv
                0x0000000008000b10       0x1c build/main.o
                0x0000000008000b10                mcu::FLASH::lock()
 .text._ZN3mcu5FLASH7is_lockEv
                0x0000000008000b2c       0x1a build/main.o
                0x0000000008000b2c                mcu::FLASH::is_lock()
 .text._ZN3mcu5FLASH12set_progModeEv
                0x0000000008000b46       0x26 build/main.o
                0x0000000008000b46                mcu::FLASH::set_progMode()
 .text._ZN3mcu5FLASH12is_endOfProgEv
                0x0000000008000b6c       0x1a build/main.o
                0x0000000008000b6c                mcu::FLASH::is_endOfProg()
 .text._ZN3mcu5FLASH20clear_flag_endOfProgEv
                0x0000000008000b86       0x1c build/main.o
                0x0000000008000b86                mcu::FLASH::clear_flag_endOfProg()
 .text._ZN3mcu5FLASH7is_busyEv
                0x0000000008000ba2       0x1a build/main.o
                0x0000000008000ba2                mcu::FLASH::is_busy()
 .text._ZN3mcu5FLASH7addressENS0_6SectorE
                0x0000000008000bbc       0x22 build/main.o
                0x0000000008000bbc                mcu::FLASH::address(mcu::FLASH::Sector)
 *fill*         0x0000000008000bde        0x2 
 .text._ZN3mcu5FLASH6unlockEv
                0x0000000008000be0       0x3c build/main.o
                0x0000000008000be0                mcu::FLASH::unlock()
 .text._ZN3mcu5FLASH11start_eraseENS0_6SectorE
                0x0000000008000c1c       0x46 build/main.o
                0x0000000008000c1c                mcu::FLASH::start_erase(mcu::FLASH::Sector)
 .text._Zli2_sy
                0x0000000008000c62       0x20 build/main.o
                0x0000000008000c62                operator"" _s(unsigned long long)
 .text._ZN3mcu4GPIO3setEj
                0x0000000008000c82       0x20 build/main.o
                0x0000000008000c82                mcu::GPIO::set(unsigned int)
 .text._ZN3mcu4GPIO5clearEj
                0x0000000008000ca2       0x22 build/main.o
                0x0000000008000ca2                mcu::GPIO::clear(unsigned int)
 .text._ZnwjPv  0x0000000008000cc4       0x14 build/main.o
                0x0000000008000cc4                operator new(unsigned int, void*)
 .text._ZN3PinC2ERN3mcu4GPIOEi
                0x0000000008000cd8       0x22 build/main.o
                0x0000000008000cd8                Pin::Pin(mcu::GPIO&, int)
                0x0000000008000cd8                Pin::Pin(mcu::GPIO&, int)
 .text._ZN3Pin3setEv
                0x0000000008000cfa       0x20 build/main.o
                0x0000000008000cfa                Pin::set()
 .text._ZN3Pin5clearEv
                0x0000000008000d1a       0x20 build/main.o
                0x0000000008000d1a                Pin::clear()
 .text._ZN3PinaSEb
                0x0000000008000d3a       0x34 build/main.o
                0x0000000008000d3a                Pin::operator=(bool)
 .text._ZN3mcu3ADC6enableEv
                0x0000000008000d6e       0x1c build/main.o
                0x0000000008000d6e                mcu::ADC::enable()
 .text._ZN3mcu3ADC5startEv
                0x0000000008000d8a       0x1c build/main.o
                0x0000000008000d8a                mcu::ADC::start()
 .text._ZN3mcu3ADC10dma_enableEv
                0x0000000008000da6       0x1c build/main.o
                0x0000000008000da6                mcu::ADC::dma_enable()
 .text._ZN3mcu3ADC3setENS_8ADC_bits4CFGR8DMA_modeE
                0x0000000008000dc2       0x34 build/main.o
                0x0000000008000dc2                mcu::ADC::set(mcu::ADC_bits::CFGR::DMA_mode)
 .text._ZN3mcu3ADC14set_continuousEv
                0x0000000008000df6       0x1e build/main.o
                0x0000000008000df6                mcu::ADC::set_continuous()
 .text._ZN3mcu3ADC3setENS_8ADC_bits4CFGR5ClockE
                0x0000000008000e14       0x30 build/main.o
                0x0000000008000e14                mcu::ADC::set(mcu::ADC_bits::CFGR::Clock)
 .text._ZN3mcu3ADC3setENS_8ADC_bits4CFGR10ResolutionE
                0x0000000008000e44       0x34 build/main.o
                0x0000000008000e44                mcu::ADC::set(mcu::ADC_bits::CFGR::Resolution)
 .text._ZN3mcu3ADC3setENS_8ADC_bits4SMPR11Sample_timeE
                0x0000000008000e78       0x32 build/main.o
                0x0000000008000e78                mcu::ADC::set(mcu::ADC_bits::SMPR::Sample_time)
 .text._ZN3mcu3ADC8is_readyEv
                0x0000000008000eaa       0x1a build/main.o
                0x0000000008000eaa                mcu::ADC::is_ready()
 .text._ZN3mcu3ADC8set_busyEv
                0x0000000008000ec4       0x1c build/main.o
                0x0000000008000ec4                mcu::ADC::set_busy()
 .text._ZN3mcu3ADC4dataEv
                0x0000000008000ee0       0x14 build/main.o
                0x0000000008000ee0                mcu::ADC::data()
 .text._ZN3mcu7registrIVNS_8DMA_bits4IFCREEERVDaRT_
                0x0000000008000ef4       0x12 build/main.o
                0x0000000008000ef4                auto volatile& mcu::registr<mcu::DMA_bits::IFCR volatile>(mcu::DMA_bits::IFCR volatile&)
 .text._ZN3mcu3DMA21clear_interrupt_flagsENS0_7ChannelE
                0x0000000008000f06       0x30 build/main.o
                0x0000000008000f06                mcu::DMA::clear_interrupt_flags(mcu::DMA::Channel)
 .text._ZN3mcu7registrIVNS_8DMA_bits3ISREEERVDaRT_
                0x0000000008000f36       0x12 build/main.o
                0x0000000008000f36                auto volatile& mcu::registr<mcu::DMA_bits::ISR volatile>(mcu::DMA_bits::ISR volatile&)
 .text._ZN3mcu3DMA30is_transfer_complete_interruptENS0_7ChannelE
                0x0000000008000f48       0x36 build/main.o
                0x0000000008000f48                mcu::DMA::is_transfer_complete_interrupt(mcu::DMA::Channel)
 .text._ZN3mcu10DMA_stream6enableEv
                0x0000000008000f7e       0x32 build/main.o
                0x0000000008000f7e                mcu::DMA_stream::enable()
 .text._ZN3mcu10DMA_stream7disableEv
                0x0000000008000fb0       0x1c build/main.o
                0x0000000008000fb0                mcu::DMA_stream::disable()
 .text._ZN3mcu10DMA_stream10inc_memoryEv
                0x0000000008000fcc       0x1c build/main.o
                0x0000000008000fcc                mcu::DMA_stream::inc_memory()
 .text._ZN3mcu10DMA_stream13circular_modeEv
                0x0000000008000fe8       0x1c build/main.o
                0x0000000008000fe8                mcu::DMA_stream::circular_mode()
 .text._ZN3mcu10DMA_stream14set_memory_adrEm
                0x0000000008001004       0x1a build/main.o
                0x0000000008001004                mcu::DMA_stream::set_memory_adr(unsigned long)
 .text._ZN3mcu10DMA_stream14set_periph_adrEm
                0x000000000800101e       0x1a build/main.o
                0x000000000800101e                mcu::DMA_stream::set_periph_adr(unsigned long)
 .text._ZN3mcu10DMA_stream20set_qty_transactionsEt
                0x0000000008001038       0x20 build/main.o
                0x0000000008001038                mcu::DMA_stream::set_qty_transactions(unsigned short)
 .text._ZN3mcu10DMA_stream3setENS_8DMA_bits3CCR9DirectionE
                0x0000000008001058       0x34 build/main.o
                0x0000000008001058                mcu::DMA_stream::set(mcu::DMA_bits::CCR::Direction)
 .text._ZN3mcu10DMA_stream11size_memoryENS_8DMA_bits3CCR8DataSizeE
                0x000000000800108c       0x38 build/main.o
                0x000000000800108c                mcu::DMA_stream::size_memory(mcu::DMA_bits::CCR::DataSize)
 .text._ZN3mcu10DMA_stream11size_periphENS_8DMA_bits3CCR8DataSizeE
                0x00000000080010c4       0x38 build/main.o
                0x00000000080010c4                mcu::DMA_stream::size_periph(mcu::DMA_bits::CCR::DataSize)
 .text._ZN3mcu10DMA_stream34enable_transfer_complete_interruptEv
                0x00000000080010fc       0x1c build/main.o
                0x00000000080010fc                mcu::DMA_stream::enable_transfer_complete_interrupt()
 .text._ZN3mcu10DMA_stream21qty_transactions_leftEv
                0x0000000008001118       0x16 build/main.o
                0x0000000008001118                mcu::DMA_stream::qty_transactions_left()
 .text._ZNSt14_Function_baseC2Ev
                0x000000000800112e       0x18 build/main.o
                0x000000000800112e                std::_Function_base::_Function_base()
                0x000000000800112e                std::_Function_base::_Function_base()
 .text._ZNSt14_Function_baseD2Ev
                0x0000000008001146       0x26 build/main.o
                0x0000000008001146                std::_Function_base::~_Function_base()
                0x0000000008001146                std::_Function_base::~_Function_base()
 .text._ZNKSt14_Function_base8_M_emptyEv
                0x000000000800116c       0x1a build/main.o
                0x000000000800116c                std::_Function_base::_M_empty() const
 .text._ZSt3minIjERKT_S2_S2_
                0x0000000008001186       0x24 build/main.o
                0x0000000008001186                unsigned int const& std::min<unsigned int>(unsigned int const&, unsigned int const&)
 .text._ZN4HeapILj256EEC2Ev
                0x00000000080011aa       0x26 build/main.o
                0x00000000080011aa                Heap<256u>::Heap()
                0x00000000080011aa                Heap<256u>::Heap()
 .text._ZN9InterruptC2E9IRQn_Type
                0x00000000080011d0       0x26 build/main.o
                0x00000000080011d0                Interrupt::Interrupt(IRQn_Type)
                0x00000000080011d0                Interrupt::Interrupt(IRQn_Type)
 *fill*         0x00000000080011f6        0x2 
 .text._ZN9Interrupt6enableEv
                0x00000000080011f8       0x24 build/main.o
                0x00000000080011f8                Interrupt::enable()
 .text._ZN9Interrupt9subscribeEP12Interrupting
                0x000000000800121c       0x3c build/main.o
                0x000000000800121c                Interrupt::subscribe(Interrupting*)
 .text._ZN9Interrupt9interruptEv
                0x0000000008001258       0x30 build/main.o
                0x0000000008001258                Interrupt::interrupt()
 .text._ZN3mcu5USART3setENS_10USART_bits3CR16ParityE
                0x0000000008001288       0x38 build/main.o
                0x0000000008001288                mcu::USART::set(mcu::USART_bits::CR1::Parity)
 .text._ZN3mcu5USART3setENS_10USART_bits3CR18DataBitsE
                0x00000000080012c0       0x38 build/main.o
                0x00000000080012c0                mcu::USART::set(mcu::USART_bits::CR1::DataBits)
 .text._ZN3mcu5USART3setENS_10USART_bits3CR28StopBitsE
                0x00000000080012f8       0x38 build/main.o
                0x00000000080012f8                mcu::USART::set(mcu::USART_bits::CR2::StopBits)
 .text._ZN3mcu5USART6enableEv
                0x0000000008001330       0x1c build/main.o
                0x0000000008001330                mcu::USART::enable()
 .text._ZN3mcu5USART9rx_enableEv
                0x000000000800134c       0x1c build/main.o
                0x000000000800134c                mcu::USART::rx_enable()
 .text._ZN3mcu5USART9tx_enableEv
                0x0000000008001368       0x1c build/main.o
                0x0000000008001368                mcu::USART::tx_enable()
 .text._ZN3mcu5USART13DMA_tx_enableEv
                0x0000000008001384       0x1c build/main.o
                0x0000000008001384                mcu::USART::DMA_tx_enable()
 .text._ZN3mcu5USART13DMA_rx_enableEv
                0x00000000080013a0       0x1c build/main.o
                0x00000000080013a0                mcu::USART::DMA_rx_enable()
 .text._ZN3mcu5USART13parity_enableEv
                0x00000000080013bc       0x1e build/main.o
                0x00000000080013bc                mcu::USART::parity_enable()
 *fill*         0x00000000080013da        0x2 
 .text._ZN3mcu5USART14parity_disableEv
                0x00000000080013dc       0x20 build/main.o
                0x00000000080013dc                mcu::USART::parity_disable()
 .text._ZN3mcu5USART13parity_enableEb
                0x00000000080013fc       0x32 build/main.o
                0x00000000080013fc                mcu::USART::parity_enable(bool)
 .text._ZN3mcu5USART21enable_IDLE_interruptEb
                0x000000000800142e       0x2e build/main.o
                0x000000000800142e                mcu::USART::enable_IDLE_interrupt(bool)
 .text._ZN3mcu5USART17is_IDLE_interruptEv
                0x000000000800145c       0x1a build/main.o
                0x000000000800145c                mcu::USART::is_IDLE_interrupt()
 .text._ZN3mcu5USART21clear_interrupt_flagsEv
                0x0000000008001476       0x1c build/main.o
                0x0000000008001476                mcu::USART::clear_interrupt_flags()
 .text._ZN3mcu5USART16receive_data_adrEv
                0x0000000008001492       0x14 build/main.o
                0x0000000008001492                mcu::USART::receive_data_adr()
 .text._ZN3mcu5USART17transmit_data_adrEv
                0x00000000080014a6       0x14 build/main.o
                0x00000000080014a6                mcu::USART::transmit_data_adr()
 *fill*         0x00000000080014ba        0x2 
 .text._ZN3mcu5USART3setENS0_8BaudrateENS_6PeriphE
                0x00000000080014bc       0xf8 build/main.o
                0x00000000080014bc                mcu::USART::set(mcu::USART::Baudrate, mcu::Periph)
 .text._ZN3mcu3TIM21clear_interrupt_flagsEv
                0x00000000080015b4       0x1a build/main.o
                0x00000000080015b4                mcu::TIM::clear_interrupt_flags()
 *fill*         0x00000000080015ce        0x2 
 .text.DMA1_Channel1_IRQHandler
                0x00000000080015d0       0x24 build/main.o
                0x00000000080015d0                DMA1_Channel1_IRQHandler
 .text.DMA1_Channel2_3_IRQHandler
                0x00000000080015f4       0x40 build/main.o
                0x00000000080015f4                DMA1_Channel2_3_IRQHandler
 .text.DMA1_Channel4_5_IRQHandler
                0x0000000008001634        0x6 build/main.o
                0x0000000008001634                DMA1_Channel4_5_IRQHandler
 *fill*         0x000000000800163a        0x2 
 .text.TIM1_BRK_UP_TRG_COM_IRQHandler
                0x000000000800163c       0x24 build/main.o
                0x000000000800163c                TIM1_BRK_UP_TRG_COM_IRQHandler
 .text.TIM1_CC_IRQHandler
                0x0000000008001660       0x24 build/main.o
                0x0000000008001660                TIM1_CC_IRQHandler
 .text.TIM3_IRQHandler
                0x0000000008001684       0x24 build/main.o
                0x0000000008001684                TIM3_IRQHandler
 .text.TIM14_IRQHandler
                0x00000000080016a8        0x6 build/main.o
                0x00000000080016a8                TIM14_IRQHandler
 .text.TIM16_IRQHandler
                0x00000000080016ae        0x6 build/main.o
                0x00000000080016ae                TIM16_IRQHandler
 .text.TIM17_IRQHandler
                0x00000000080016b4        0x6 build/main.o
                0x00000000080016b4                TIM17_IRQHandler
 *fill*         0x00000000080016ba        0x2 
 .text.USART1_IRQHandler
                0x00000000080016bc       0x24 build/main.o
                0x00000000080016bc                USART1_IRQHandler
 .text._ZN11ADC_channelcvKmEv
                0x00000000080016e0       0x14 build/main.o
                0x00000000080016e0                ADC_channel::operator unsigned long const()
 .text._ZN11ADC_channelaSEm
                0x00000000080016f4       0x1c build/main.o
                0x00000000080016f4                ADC_channel::operator=(unsigned long)
 .text._ZN11ADC_channelpLEm
                0x0000000008001710       0x22 build/main.o
                0x0000000008001710                ADC_channel::operator+=(unsigned long)
 .text._ZN8ListableI11ADC_channelEC2Ev
                0x0000000008001732       0x1e build/main.o
                0x0000000008001732                Listable<ADC_channel>::Listable()
                0x0000000008001732                Listable<ADC_channel>::Listable()
 .text._ZN11ADC_channelC2ER3Pin
                0x0000000008001750       0x2a build/main.o
                0x0000000008001750                ADC_channel::ADC_channel(Pin&)
                0x0000000008001750                ADC_channel::ADC_channel(Pin&)
 .text._ZN9Dyn_arrayItEC2Ev
                0x000000000800177a       0x1e build/main.o
                0x000000000800177a                Dyn_array<unsigned short>::Dyn_array()
                0x000000000800177a                Dyn_array<unsigned short>::Dyn_array()
 .text._ZNK9Dyn_arrayItE7addressEv
                0x0000000008001798       0x14 build/main.o
                0x0000000008001798                Dyn_array<unsigned short>::address() const
 .text._ZN4ListI11ADC_channelEC2Ev
                0x00000000080017ac       0x1e build/main.o
                0x00000000080017ac                List<ADC_channel>::List()
                0x00000000080017ac                List<ADC_channel>::List()
 *fill*         0x00000000080017ca        0x2 
 .text._ZN12InterruptingC2Ev
                0x00000000080017cc       0x24 build/main.o
                0x00000000080017cc                Interrupting::Interrupting()
                0x00000000080017cc                Interrupting::Interrupting()
 .text._ZNSt8functionIFvvEED2Ev
                0x00000000080017f0       0x1a build/main.o
                0x00000000080017f0                std::function<void ()>::~function()
                0x00000000080017f0                std::function<void ()>::~function()
 *fill*         0x000000000800180a        0x2 
 .text._ZN11ADC_averageC2EjRN3mcu3ADCERNS0_10DMA_streamER9InterruptNS0_6PeriphE
                0x000000000800180c       0x84 build/main.o
                0x000000000800180c                ADC_average::ADC_average(unsigned int, mcu::ADC&, mcu::DMA_stream&, Interrupt&, mcu::Periph)
                0x000000000800180c                ADC_average::ADC_average(unsigned int, mcu::ADC&, mcu::DMA_stream&, Interrupt&, mcu::Periph)
 .text._ZN11ADC_average5startEv
                0x0000000008001890       0x60 build/main.o
                0x0000000008001890                ADC_average::start()
 .text._ZN9Dyn_arrayItE5beginEv
                0x00000000080018f0       0x14 build/main.o
                0x00000000080018f0                Dyn_array<unsigned short>::begin()
 .text._ZN9Dyn_arrayItE3endEv
                0x0000000008001904       0x1c build/main.o
                0x0000000008001904                Dyn_array<unsigned short>::end()
 .text._ZN11ADC_average9interruptEv
                0x0000000008001920      0x128 build/main.o
                0x0000000008001920                ADC_average::interrupt()
 .text._ZN3mcu7SysTick4loadEm
                0x0000000008001a48       0x18 build/main.o
                0x0000000008001a48                mcu::SysTick::load(unsigned long)
 .text._ZN3mcu7SysTick5clearEv
                0x0000000008001a60       0x16 build/main.o
                0x0000000008001a60                mcu::SysTick::clear()
 .text._ZN3mcu7SysTick9setSourceENS_12SysTick_bits4CTRL5ClockE
                0x0000000008001a76       0x32 build/main.o
                0x0000000008001a76                mcu::SysTick::setSource(mcu::SysTick_bits::CTRL::Clock)
 .text._ZN3mcu7SysTick15enableInterruptEv
                0x0000000008001aa8       0x1a build/main.o
                0x0000000008001aa8                mcu::SysTick::enableInterrupt()
 .text._ZN3mcu7SysTick6enableEb
                0x0000000008001ac2       0x2a build/main.o
                0x0000000008001ac2                mcu::SysTick::enable(bool)
 .text._ZN9Publisher9subscribeER10Subscriber
                0x0000000008001aec       0x1e build/main.o
                0x0000000008001aec                Publisher::subscribe(Subscriber&)
 .text._ZN9Publisher11unsubscribeER10Subscriber
                0x0000000008001b0a       0x1e build/main.o
                0x0000000008001b0a                Publisher::unsubscribe(Subscriber&)
 .text._ZN9Publisher6notifyEv
                0x0000000008001b28       0x62 build/main.o
                0x0000000008001b28                Publisher::notify()
 .text._ZN4ListI10SubscriberEC2Ev
                0x0000000008001b8a       0x1e build/main.o
                0x0000000008001b8a                List<Subscriber>::List()
                0x0000000008001b8a                List<Subscriber>::List()
 .text._ZN9PublisherC2Ev
                0x0000000008001ba8       0x1a build/main.o
                0x0000000008001ba8                Publisher::Publisher()
                0x0000000008001ba8                Publisher::Publisher()
 .text._ZN11TickUpdaterC2Ev
                0x0000000008001bc2       0x3e build/main.o
                0x0000000008001bc2                TickUpdater::TickUpdater()
                0x0000000008001bc2                TickUpdater::TickUpdater()
 .text.SysTick_Handler
                0x0000000008001c00       0x18 build/main.o
                0x0000000008001c00                SysTick_Handler
 .text._ZN8ListableI10SubscriberEC2Ev
                0x0000000008001c18       0x1e build/main.o
                0x0000000008001c18                Listable<Subscriber>::Listable()
                0x0000000008001c18                Listable<Subscriber>::Listable()
 *fill*         0x0000000008001c36        0x2 
 .text._ZN10SubscriberC2Ev
                0x0000000008001c38       0x28 build/main.o
                0x0000000008001c38                Subscriber::Subscriber()
                0x0000000008001c38                Subscriber::Subscriber()
 .text._ZN14TickSubscriberC2Ev
                0x0000000008001c60       0x2c build/main.o
                0x0000000008001c60                TickSubscriber::TickSubscriber()
                0x0000000008001c60                TickSubscriber::TickSubscriber()
 .text._ZN5TimerC2Em
                0x0000000008001c8c       0x40 build/main.o
                0x0000000008001c8c                Timer::Timer(unsigned long)
                0x0000000008001c8c                Timer::Timer(unsigned long)
 .text._ZN5Timer6notifyEv
                0x0000000008001ccc       0x1a build/main.o
                0x0000000008001ccc                Timer::notify()
 .text._ZZN11TickUpdater9interruptEvENKUlvE_clEv
                0x0000000008001ce6       0x1a build/main.o
 .text._ZN11TickUpdater9interruptEv
                0x0000000008001d00       0x2c build/main.o
                0x0000000008001d00                TickUpdater::interrupt()
 .text._ZN5Timer5startEm
                0x0000000008001d2c       0x20 build/main.o
                0x0000000008001d2c                Timer::start(unsigned long)
 .text._ZN5Timer5eventEv
                0x0000000008001d4c       0x30 build/main.o
                0x0000000008001d4c                Timer::event()
 .text._ZN14TickSubscriber16tick_unsubscribeEv
                0x0000000008001d7c       0x30 build/main.o
                0x0000000008001d7c                TickSubscriber::tick_unsubscribe()
 .text._ZN14TickSubscriber14tick_subscribeEv
                0x0000000008001dac       0x34 build/main.o
                0x0000000008001dac                TickSubscriber::tick_subscribe()
 .text._ZN4PaircvtEv
                0x0000000008001de0       0x24 build/main.o
                0x0000000008001de0                Pair::operator unsigned short()
 .text._ZN6MemoryC2EP4Wordj
                0x0000000008001e04       0x22 build/main.o
                0x0000000008001e04                Memory::Memory(Word*, unsigned int)
                0x0000000008001e04                Memory::Memory(Word*, unsigned int)
 .text._ZN6Memory8IteratorC2EP4Word
                0x0000000008001e26       0x1a build/main.o
                0x0000000008001e26                Memory::Iterator::Iterator(Word*)
                0x0000000008001e26                Memory::Iterator::Iterator(Word*)
 .text._ZN6Memory8IteratorcvP4WordEv
                0x0000000008001e40       0x14 build/main.o
                0x0000000008001e40                Memory::Iterator::operator Word*()
 .text._ZNK6Memory8IteratordeEv
                0x0000000008001e54       0x14 build/main.o
                0x0000000008001e54                Memory::Iterator::operator*() const
 .text._ZNK6Memory8IteratorptEv
                0x0000000008001e68       0x14 build/main.o
                0x0000000008001e68                Memory::Iterator::operator->() const
 .text._ZNK6Memory8IteratorneERKS0_
                0x0000000008001e7c       0x22 build/main.o
                0x0000000008001e7c                Memory::Iterator::operator!=(Memory::Iterator const&) const
 .text._ZN6Memory8IteratorppEv
                0x0000000008001e9e       0x1c build/main.o
                0x0000000008001e9e                Memory::Iterator::operator++()
 .text._ZN6Memory5beginEv
                0x0000000008001eba       0x22 build/main.o
                0x0000000008001eba                Memory::begin()
 .text._ZN6Memory3endEv
                0x0000000008001edc       0x2a build/main.o
                0x0000000008001edc                Memory::end()
 .text.init_clock
                0x0000000008001f06        0xe build/main.o
                0x0000000008001f06                init_clock
 .text._ZN13Flash_updaterIJLN3mcu5FLASH6SectorE31ELS2_30EEE4makeIZ4mainE10Flash_dataEEDaPT_
                0x0000000008001f14       0x1e build/main.o
 .text._ZN4ADC_C2Ev
                0x0000000008001f32       0x3e build/main.o
                0x0000000008001f32                ADC_::ADC_()
                0x0000000008001f32                ADC_::ADC_()
 .text._ZN3Pin4makeIN3mcu4Pin_ILNS1_6PeriphE1ELi9EEELNS1_7PinModeE4EEERDav
                0x0000000008001f70       0x4c build/main.o
                0x0000000008001f70                auto& Pin::make<mcu::Pin_<(mcu::Periph)1, 9>, (mcu::PinMode)4>()
 .text._ZN3Pin4makeIN3mcu4Pin_ILNS1_6PeriphE1ELi10EEELNS1_7PinModeE4EEERDav
                0x0000000008001fbc       0x4c build/main.o
                0x0000000008001fbc                auto& Pin::make<mcu::Pin_<(mcu::Periph)1, 10>, (mcu::PinMode)4>()
 .text._ZN3Pin4makeIN3mcu4Pin_ILNS1_6PeriphE1ELi8EEELNS1_7PinModeE1EEERDav
                0x0000000008002008       0x4c build/main.o
                0x0000000008002008                auto& Pin::make<mcu::Pin_<(mcu::Periph)1, 8>, (mcu::PinMode)1>()
 .text._Z13get_interruptILN3mcu6PeriphE6EERDav
                0x0000000008002054       0x10 build/main.o
                0x0000000008002054                auto& get_interrupt<(mcu::Periph)6>()
 .text._ZN10Net_bufferILj255EE4baseEv
                0x0000000008002064       0x12 build/main.o
                0x0000000008002064                Net_buffer<255u>::base()
 .text._ZN10Net_bufferILj255EE5beginEv
                0x0000000008002076       0x2c build/main.o
                0x0000000008002076                Net_buffer<255u>::begin()
 *fill*         0x00000000080020a2        0x2 
 .text._Z13get_interruptILN3mcu6PeriphE9EERDav
                0x00000000080020a4       0x10 build/main.o
                0x00000000080020a4                auto& get_interrupt<(mcu::Periph)9>()
 .text._ZN10UART_sizedILj255EE4makeILN3mcu6PeriphE6ENS2_4Pin_ILS3_1ELi9EEENS4_ILS3_1ELi10EEENS4_ILS3_1ELi8EEEEERDav
                0x00000000080020b4      0x1c4 build/main.o
                0x00000000080020b4                auto& UART_sized<255u>::make<(mcu::Periph)6, mcu::Pin_<(mcu::Periph)1, 9>, mcu::Pin_<(mcu::Periph)1, 10>, mcu::Pin_<(mcu::Periph)1, 8> >()
 .text._ZN12Modbus_slaveI7In_regs8Out_regsLj0EE4makeILN3mcu6PeriphE6ENS4_4Pin_ILS5_1ELi9EEENS6_ILS5_1ELi10EEENS6_ILS5_1ELi8EEEEERDahN10UART_sizedILj255EE8SettingsE
                0x0000000008002278       0xbc build/main.o
                0x0000000008002278                auto& Modbus_slave<In_regs, Out_regs, 0u>::make<(mcu::Periph)6, mcu::Pin_<(mcu::Periph)1, 9>, mcu::Pin_<(mcu::Periph)1, 10>, mcu::Pin_<(mcu::Periph)1, 8> >(unsigned char, UART_sized<255u>::Settings)
 .text.main     0x0000000008002334       0x76 build/main.o
                0x0000000008002334                main
 *fill*         0x00000000080023aa        0x2 
 .text._ZN3mcu14make_referenceILNS_6PeriphE0EEENSt9enable_ifIXeqT_LS1_0EERNS_3RCCEE4typeEv
                0x00000000080023ac       0x10 build/main.o
                0x00000000080023ac                std::enable_if<((mcu::Periph)0)==((mcu::Periph)0), mcu::RCC&>::type mcu::make_reference<(mcu::Periph)0>()
 .text._ZN3mcu14make_referenceILNS_6PeriphE7EEENSt9enable_ifIXeqT_LS1_7EERNS_3DMAEE4typeEv
                0x00000000080023bc       0x1c build/main.o
                0x00000000080023bc                std::enable_if<((mcu::Periph)7)==((mcu::Periph)7), mcu::DMA&>::type mcu::make_reference<(mcu::Periph)7>()
 .text._ZN3mcu14make_referenceILNS_6PeriphE15EEENSt9enable_ifIXeqT_LS1_15EERNS_3TIMEE4typeEv
                0x00000000080023d8       0x10 build/main.o
                0x00000000080023d8                std::enable_if<((mcu::Periph)15)==((mcu::Periph)15), mcu::TIM&>::type mcu::make_reference<(mcu::Periph)15>()
 .text._ZN3mcu14make_referenceILNS_6PeriphE17EEENSt9enable_ifIXeqT_LS1_17EERNS_3TIMEE4typeEv
                0x00000000080023e8       0x10 build/main.o
                0x00000000080023e8                std::enable_if<((mcu::Periph)17)==((mcu::Periph)17), mcu::TIM&>::type mcu::make_reference<(mcu::Periph)17>()
 .text._ZN3mcu14make_referenceILNS_6PeriphE6EEENSt9enable_ifIXeqT_LS1_6EERNS_5USARTEE4typeEv
                0x00000000080023f8       0x10 build/main.o
                0x00000000080023f8                std::enable_if<((mcu::Periph)6)==((mcu::Periph)6), mcu::USART&>::type mcu::make_reference<(mcu::Periph)6>()
 .text._ZNSt8functionIFvvEEC2Ev
                0x0000000008002408       0x1a build/main.o
                0x0000000008002408                std::function<void ()>::function()
                0x0000000008002408                std::function<void ()>::function()
 .text._ZN4ListI11ADC_channelE5beginEv
                0x0000000008002422       0x22 build/main.o
                0x0000000008002422                List<ADC_channel>::begin()
 .text._ZN4ListI11ADC_channelE8IteratorC2Ev
                0x0000000008002444       0x18 build/main.o
                0x0000000008002444                List<ADC_channel>::Iterator::Iterator()
                0x0000000008002444                List<ADC_channel>::Iterator::Iterator()
 .text._ZN4ListI11ADC_channelE3endEv
                0x000000000800245c       0x20 build/main.o
                0x000000000800245c                List<ADC_channel>::end()
 .text._ZNK4ListI11ADC_channelE8IteratorneERKS2_
                0x000000000800247c       0x22 build/main.o
                0x000000000800247c                List<ADC_channel>::Iterator::operator!=(List<ADC_channel>::Iterator const&) const
 .text._ZN4ListI11ADC_channelE8IteratorppEv
                0x000000000800249e       0x1c build/main.o
                0x000000000800249e                List<ADC_channel>::Iterator::operator++()
 .text._ZNK4ListI11ADC_channelE8IteratordeEv
                0x00000000080024ba       0x14 build/main.o
                0x00000000080024ba                List<ADC_channel>::Iterator::operator*() const
 .text._ZN23Heap_on_stack_allocatedItEcvtEv
                0x00000000080024ce       0x14 build/main.o
                0x00000000080024ce                Heap_on_stack_allocated<unsigned short>::operator unsigned short()
 .text._ZN4ListI11ADC_channelE8IteratorcvPS0_Ev
                0x00000000080024e2       0x14 build/main.o
                0x00000000080024e2                List<ADC_channel>::Iterator::operator ADC_channel*()
 .text._ZNKSt8functionIFvvEEcvbEv
                0x00000000080024f6       0x22 build/main.o
                0x00000000080024f6                std::function<void ()>::operator bool() const
 .text._ZNKSt8functionIFvvEEclEv
                0x0000000008002518       0x2a build/main.o
                0x0000000008002518                std::function<void ()>::operator()() const
 .text._ZN4ListI10SubscriberE9push_backERS0_
                0x0000000008002542       0x3e build/main.o
                0x0000000008002542                List<Subscriber>::push_back(Subscriber&)
 .text._ZN4ListI10SubscriberE6removeERS0_
                0x0000000008002580       0xa0 build/main.o
                0x0000000008002580                List<Subscriber>::remove(Subscriber&)
 .text._ZN4ListI10SubscriberE5beginEv
                0x0000000008002620       0x22 build/main.o
                0x0000000008002620                List<Subscriber>::begin()
 .text._ZN4ListI10SubscriberE8IteratorC2Ev
                0x0000000008002642       0x18 build/main.o
                0x0000000008002642                List<Subscriber>::Iterator::Iterator()
                0x0000000008002642                List<Subscriber>::Iterator::Iterator()
 .text._ZN4ListI10SubscriberE3endEv
                0x000000000800265a       0x20 build/main.o
                0x000000000800265a                List<Subscriber>::end()
 .text._ZNK4ListI10SubscriberE8IteratorneERKS2_
                0x000000000800267a       0x22 build/main.o
                0x000000000800267a                List<Subscriber>::Iterator::operator!=(List<Subscriber>::Iterator const&) const
 .text._ZN4ListI10SubscriberE8IteratorppEv
                0x000000000800269c       0x1c build/main.o
                0x000000000800269c                List<Subscriber>::Iterator::operator++()
 .text._ZNK4ListI10SubscriberE8IteratordeEv
                0x00000000080026b8       0x14 build/main.o
                0x00000000080026b8                List<Subscriber>::Iterator::operator*() const
 .text._ZN3mcu14make_referenceILNS_6PeriphE14EEENSt9enable_ifIXeqT_LS1_14EERNS_7SysTickEE4typeEv
                0x00000000080026cc       0x10 build/main.o
                0x00000000080026cc                std::enable_if<((mcu::Periph)14)==((mcu::Periph)14), mcu::SysTick&>::type mcu::make_reference<(mcu::Periph)14>()
 .text._ZN3mcu7SysTick13initInterruptILt1000EEEvv
                0x00000000080026dc       0x54 build/main.o
                0x00000000080026dc                void mcu::SysTick::initInterrupt<(unsigned short)1000>()
 .text._Z18every_qty_cnt_callIZN11TickUpdater9interruptEvEUlvE_EvRjjT_
                0x0000000008002730       0x3a build/main.o
 *fill*         0x000000000800276a        0x2 
 .text._Z13get_interruptILN3mcu6PeriphE8EERDav
                0x000000000800276c       0x10 build/main.o
                0x000000000800276c                auto& get_interrupt<(mcu::Periph)8>()
 .text._ZN11ADC_averageD2Ev
                0x000000000800277c       0x28 build/main.o
                0x000000000800277c                ADC_average::~ADC_average()
                0x000000000800277c                ADC_average::~ADC_average()
 .text._ZN11ADC_average4makeILN3mcu6PeriphE13EEERS_j
                0x00000000080027a4      0x11c build/main.o
                0x00000000080027a4                ADC_average& ADC_average::make<(mcu::Periph)13>(unsigned int)
 .text._ZNK9Dyn_arrayItE4sizeEv
                0x00000000080028c0       0x14 build/main.o
                0x00000000080028c0                Dyn_array<unsigned short>::size() const
 .text._ZN11ADC_average11add_channelIN3mcu4Pin_ILNS1_6PeriphE1ELi0EEEEER11ADC_channelv
                0x00000000080028d4       0xba build/main.o
                0x00000000080028d4                ADC_channel& ADC_average::add_channel<mcu::Pin_<(mcu::Periph)1, 0> >()
 .text._ZN11ADC_average11add_channelIN3mcu4Pin_ILNS1_6PeriphE1ELi1EEEEER11ADC_channelv
                0x000000000800298e       0xba build/main.o
                0x000000000800298e                ADC_channel& ADC_average::add_channel<mcu::Pin_<(mcu::Periph)1, 1> >()
 .text._Z10init_clockILj8000000ELj48000000EENSt9enable_ifIXaaeqT_clL_Zli4_MHzyELy8EEeqT0_clL_Zli4_MHzyELy48EEEvE4typeEv
                0x0000000008002a48       0x60 build/main.o
                0x0000000008002a48                std::enable_if<((8000000u)==((operator"" _MHz)(8ull)))&&((48000000u)==((operator"" _MHz)(48ull))), void>::type init_clock<8000000u, 48000000u>()
 .text._ZN18Flash_updater_implIZ4mainE10Flash_dataJLN3mcu5FLASH6SectorE31ELS3_30EEEC2EPS0_
                0x0000000008002aa8       0x36 build/main.o
 .text._ZN3mcu5USART17pin_static_assertILNS_6PeriphE6ENS_4Pin_ILS2_1ELi9EEENS3_ILS2_1ELi10EEEEEvv
                0x0000000008002ade        0xa build/main.o
                0x0000000008002ade                void mcu::USART::pin_static_assert<(mcu::Periph)6, mcu::Pin_<(mcu::Periph)1, 9>, mcu::Pin_<(mcu::Periph)1, 10> >()
 .text._ZN3mcu14make_referenceILNS_6PeriphE1EEENSt9enable_ifIXeqT_LS1_1EERNS_4GPIOEE4typeEv
                0x0000000008002ae8        0xe build/main.o
                0x0000000008002ae8                std::enable_if<((mcu::Periph)1)==((mcu::Periph)1), mcu::GPIO&>::type mcu::make_reference<(mcu::Periph)1>()
 .text._ZN3mcu3RCC12clock_enableILNS_6PeriphE1EEEvv
                0x0000000008002af6       0x1c build/main.o
                0x0000000008002af6                void mcu::RCC::clock_enable<(mcu::Periph)1>()
 .text._ZN3mcu4GPIO4initINS_4Pin_ILNS_6PeriphE1ELi9EEELNS_7PinModeE4EEEvv
                0x0000000008002b12       0x24 build/main.o
                0x0000000008002b12                void mcu::GPIO::init<mcu::Pin_<(mcu::Periph)1, 9>, (mcu::PinMode)4>()
 .text._ZN3mcu4GPIO4initINS_4Pin_ILNS_6PeriphE1ELi10EEELNS_7PinModeE4EEEvv
                0x0000000008002b36       0x24 build/main.o
                0x0000000008002b36                void mcu::GPIO::init<mcu::Pin_<(mcu::Periph)1, 10>, (mcu::PinMode)4>()
 .text._ZN3mcu4GPIO4initINS_4Pin_ILNS_6PeriphE1ELi8EEELNS_7PinModeE1EEEvv
                0x0000000008002b5a       0x1a build/main.o
                0x0000000008002b5a                void mcu::GPIO::init<mcu::Pin_<(mcu::Periph)1, 8>, (mcu::PinMode)1>()
 .text._ZN3mcu14make_referenceILNS_6PeriphE9EEENSt9enable_ifIXeqT_LS1_9EERNS_10DMA_streamEE4typeEv
                0x0000000008002b74       0x10 build/main.o
                0x0000000008002b74                std::enable_if<((mcu::Periph)9)==((mcu::Periph)9), mcu::DMA_stream&>::type mcu::make_reference<(mcu::Periph)9>()
 .text._ZN3mcu14make_referenceILNS_6PeriphE10EEENSt9enable_ifIXeqT_LS1_10EERNS_10DMA_streamEE4typeEv
                0x0000000008002b84       0x10 build/main.o
                0x0000000008002b84                std::enable_if<((mcu::Periph)10)==((mcu::Periph)10), mcu::DMA_stream&>::type mcu::make_reference<(mcu::Periph)10>()
 .text._ZN3mcu10DMA_stream7channelILNS_6PeriphE9EEENS_3DMA7ChannelEv
                0x0000000008002b94        0xc build/main.o
                0x0000000008002b94                mcu::DMA::Channel mcu::DMA_stream::channel<(mcu::Periph)9>()
 .text._ZN10Net_bufferILj255EEC2Ev
                0x0000000008002ba0       0x26 build/main.o
                0x0000000008002ba0                Net_buffer<255u>::Net_buffer()
                0x0000000008002ba0                Net_buffer<255u>::Net_buffer()
 .text._ZN10UART_sizedILj255EEC2ER3PinS2_S2_RN3mcu5USARTERNS3_3DMAERNS3_10DMA_streamES9_NS3_6PeriphENS6_7ChannelE
                0x0000000008002bc6       0x7a build/main.o
                0x0000000008002bc6                UART_sized<255u>::UART_sized(Pin&, Pin&, Pin&, mcu::USART&, mcu::DMA&, mcu::DMA_stream&, mcu::DMA_stream&, mcu::Periph, mcu::DMA::Channel)
                0x0000000008002bc6                UART_sized<255u>::UART_sized(Pin&, Pin&, Pin&, mcu::USART&, mcu::DMA&, mcu::DMA_stream&, mcu::DMA_stream&, mcu::Periph, mcu::DMA::Channel)
 .text._ZN3mcu3RCC12clock_enableILNS_6PeriphE6EEEvv
                0x0000000008002c40       0x1c build/main.o
                0x0000000008002c40                void mcu::RCC::clock_enable<(mcu::Periph)6>()
 .text._ZN3mcu3RCC12clock_enableILNS_6PeriphE7EEEvv
                0x0000000008002c5c       0x1a build/main.o
                0x0000000008002c5c                void mcu::RCC::clock_enable<(mcu::Periph)7>()
 .text._ZNSt5arrayIhLj255EE5beginEv
                0x0000000008002c76       0x1a build/main.o
                0x0000000008002c76                std::array<unsigned char, 255u>::begin()
 .text._ZN12Modbus_slaveI7In_regs8Out_regsLj0EEC2EhR10UART_sizedILj255EER9InterruptS7_
                0x0000000008002c90       0xd4 build/main.o
                0x0000000008002c90                Modbus_slave<In_regs, Out_regs, 0u>::Modbus_slave(unsigned char, UART_sized<255u>&, Interrupt&, Interrupt&)
                0x0000000008002c90                Modbus_slave<In_regs, Out_regs, 0u>::Modbus_slave(unsigned char, UART_sized<255u>&, Interrupt&, Interrupt&)
 .text._ZN10UART_sizedILj255EE4initERKNS0_8SettingsE
                0x0000000008002d64       0x8c build/main.o
                0x0000000008002d64                UART_sized<255u>::init(UART_sized<255u>::Settings const&)
 .text._ZN10UART_sizedILj255EE7receiveEv
                0x0000000008002df0       0x6c build/main.o
                0x0000000008002df0                UART_sized<255u>::receive()
 .text._ZN6SensorIZ4mainE10Flash_data12Modbus_slaveI7In_regs8Out_regsLj0EEEC2ER4ADC_RS4_RS0_
                0x0000000008002e5c       0x64 build/main.o
 .text._ZN6SensorIZ4mainE10Flash_data12Modbus_slaveI7In_regs8Out_regsLj0EEEclEv
                0x0000000008002ec0       0x6c build/main.o
 .text._ZSt7forwardIbEOT_RNSt16remove_referenceIS0_E4typeE
                0x0000000008002f2c       0x12 build/main.o
                0x0000000008002f2c                bool&& std::forward<bool>(std::remove_reference<bool>::type&)
 *fill*         0x0000000008002f3e        0x2 
 .text._ZN23Heap_on_stack_allocatedItEdaEPv
                0x0000000008002f40       0x20 build/main.o
                0x0000000008002f40                Heap_on_stack_allocated<unsigned short>::operator delete[](void*)
 .text._ZN4ListI11ADC_channelE8IteratorC2EPS0_
                0x0000000008002f60       0x1a build/main.o
                0x0000000008002f60                List<ADC_channel>::Iterator::Iterator(ADC_channel*)
                0x0000000008002f60                List<ADC_channel>::Iterator::Iterator(ADC_channel*)
 .text._ZN4ListI10SubscriberE8IteratorC2EPS0_
                0x0000000008002f7a       0x1a build/main.o
                0x0000000008002f7a                List<Subscriber>::Iterator::Iterator(Subscriber*)
                0x0000000008002f7a                List<Subscriber>::Iterator::Iterator(Subscriber*)
 .text._ZN3mcu14make_referenceILNS_6PeriphE13EEENSt9enable_ifIXeqT_LS1_13EERNS_3ADCEE4typeEv
                0x0000000008002f94       0x10 build/main.o
                0x0000000008002f94                std::enable_if<((mcu::Periph)13)==((mcu::Periph)13), mcu::ADC&>::type mcu::make_reference<(mcu::Periph)13>()
 .text._ZN3mcu14make_referenceILNS_6PeriphE8EEENSt9enable_ifIXeqT_LS1_8EERNS_10DMA_streamEE4typeEv
                0x0000000008002fa4       0x10 build/main.o
                0x0000000008002fa4                std::enable_if<((mcu::Periph)8)==((mcu::Periph)8), mcu::DMA_stream&>::type mcu::make_reference<(mcu::Periph)8>()
 .text._ZN3mcu3RCC12clock_enableILNS_6PeriphE13EEEvv
                0x0000000008002fb4       0x1c build/main.o
                0x0000000008002fb4                void mcu::RCC::clock_enable<(mcu::Periph)13>()
 .text._ZN3mcu3RCC12clock_enableILNS_6PeriphE8EEEvv
                0x0000000008002fd0       0x1a build/main.o
                0x0000000008002fd0                void mcu::RCC::clock_enable<(mcu::Periph)8>()
 *fill*         0x0000000008002fea        0x2 
 .text._ZN3Pin4makeIN3mcu4Pin_ILNS1_6PeriphE1ELi0EEELNS1_7PinModeE2EEERDav
                0x0000000008002fec       0x4c build/main.o
                0x0000000008002fec                auto& Pin::make<mcu::Pin_<(mcu::Periph)1, 0>, (mcu::PinMode)2>()
 .text._ZN11ADC_channel4makeIN3mcu4Pin_ILNS1_6PeriphE1ELi0EEEEERS_v
                0x0000000008003038       0x34 build/main.o
                0x0000000008003038                ADC_channel& ADC_channel::make<mcu::Pin_<(mcu::Periph)1, 0> >()
 .text._ZN3mcu3ADC11set_channelINS_4Pin_ILNS_6PeriphE1ELi0EEEEEiS3_
                0x000000000800306c       0x28 build/main.o
                0x000000000800306c                int mcu::ADC::set_channel<mcu::Pin_<(mcu::Periph)1, 0> >(mcu::Periph)
 .text._ZN4ListI11ADC_channelE6insertENS1_8IteratorERS0_
                0x0000000008003094       0xc6 build/main.o
                0x0000000008003094                List<ADC_channel>::insert(List<ADC_channel>::Iterator, ADC_channel&)
 .text._ZSt7find_ifIN4ListI11ADC_channelE8IteratorEZN11ADC_average11add_channelIN3mcu4Pin_ILNS6_6PeriphE1ELi0EEEEERS1_vEUlRT_E_ESB_SB_SB_T0_
                0x000000000800315a       0x2a build/main.o
                0x000000000800315a                List<ADC_channel>::Iterator std::find_if<List<ADC_channel>::Iterator, ADC_average::add_channel<mcu::Pin_<(mcu::Periph)1, 0> >()::{lambda(auto:1&)#1}>(List<ADC_channel>::Iterator, List<ADC_channel>::Iterator, ADC_average::add_channel<mcu::Pin_<(mcu::Periph)1, 0> >()::{lambda(auto:1&)#1})
 .text._ZN9Dyn_arrayItE8add_sizeEj
                0x0000000008003184       0x5c build/main.o
                0x0000000008003184                Dyn_array<unsigned short>::add_size(unsigned int)
 .text._ZN3Pin4makeIN3mcu4Pin_ILNS1_6PeriphE1ELi1EEELNS1_7PinModeE2EEERDav
                0x00000000080031e0       0x4c build/main.o
                0x00000000080031e0                auto& Pin::make<mcu::Pin_<(mcu::Periph)1, 1>, (mcu::PinMode)2>()
 .text._ZN11ADC_channel4makeIN3mcu4Pin_ILNS1_6PeriphE1ELi1EEEEERS_v
                0x000000000800322c       0x34 build/main.o
                0x000000000800322c                ADC_channel& ADC_channel::make<mcu::Pin_<(mcu::Periph)1, 1> >()
 .text._ZN3mcu3ADC11set_channelINS_4Pin_ILNS_6PeriphE1ELi1EEEEEiS3_
                0x0000000008003260       0x28 build/main.o
                0x0000000008003260                int mcu::ADC::set_channel<mcu::Pin_<(mcu::Periph)1, 1> >(mcu::Periph)
 .text._ZSt7find_ifIN4ListI11ADC_channelE8IteratorEZN11ADC_average11add_channelIN3mcu4Pin_ILNS6_6PeriphE1ELi1EEEEERS1_vEUlRT_E_ESB_SB_SB_T0_
                0x0000000008003288       0x2a build/main.o
                0x0000000008003288                List<ADC_channel>::Iterator std::find_if<List<ADC_channel>::Iterator, ADC_average::add_channel<mcu::Pin_<(mcu::Periph)1, 1> >()::{lambda(auto:1&)#1}>(List<ADC_channel>::Iterator, List<ADC_channel>::Iterator, ADC_average::add_channel<mcu::Pin_<(mcu::Periph)1, 1> >()::{lambda(auto:1&)#1})
 .text._ZN3mcu5FLASH4sizeILNS0_6SectorE31EEEjv
                0x00000000080032b2        0xe build/main.o
                0x00000000080032b2                unsigned int mcu::FLASH::size<(mcu::FLASH::Sector)31>()
 .text._ZN3mcu5FLASH4sizeILNS0_6SectorE30EEEjv
                0x00000000080032c0        0xe build/main.o
                0x00000000080032c0                unsigned int mcu::FLASH::size<(mcu::FLASH::Sector)30>()
 .text._ZN8SizedIntILj2EjEC2Ev
                0x00000000080032ce       0x18 build/main.o
                0x00000000080032ce                SizedInt<2u, unsigned int>::SizedInt()
                0x00000000080032ce                SizedInt<2u, unsigned int>::SizedInt()
 .text._ZN8SizedIntILj8EhEC2Ev
                0x00000000080032e6       0x18 build/main.o
                0x00000000080032e6                SizedInt<8u, unsigned char>::SizedInt()
                0x00000000080032e6                SizedInt<8u, unsigned char>::SizedInt()
 *fill*         0x00000000080032fe        0x2 
 .text._ZN18Flash_updater_implIZ4mainE10Flash_dataJLN3mcu5FLASH6SectorE31ELS3_30EEEC2Ev
                0x0000000008003300       0xd4 build/main.o
 .text._ZN18Flash_updater_implIZ4mainE10Flash_dataJLN3mcu5FLASH6SectorE31ELS3_30EEE7read_toEPS0_
                0x00000000080033d4       0x42 build/main.o
 *fill*         0x0000000008003416        0x2 
 .text._ZN3mcu4GPIO3setILj9EEERS0_NS_9GPIO_bits5MODER4ModeE
                0x0000000008003418       0x38 build/main.o
                0x0000000008003418                mcu::GPIO& mcu::GPIO::set<9u>(mcu::GPIO_bits::MODER::Mode)
 .text._ZN3mcu4GPIO3setILj9EEERS0_NS_9GPIO_bits3AFR2AFE
                0x0000000008003450       0x34 build/main.o
                0x0000000008003450                mcu::GPIO& mcu::GPIO::set<9u>(mcu::GPIO_bits::AFR::AF)
 .text._ZN3mcu4GPIO3setILj10EEERS0_NS_9GPIO_bits5MODER4ModeE
                0x0000000008003484       0x38 build/main.o
                0x0000000008003484                mcu::GPIO& mcu::GPIO::set<10u>(mcu::GPIO_bits::MODER::Mode)
 .text._ZN3mcu4GPIO3setILj10EEERS0_NS_9GPIO_bits3AFR2AFE
                0x00000000080034bc       0x38 build/main.o
                0x00000000080034bc                mcu::GPIO& mcu::GPIO::set<10u>(mcu::GPIO_bits::AFR::AF)
 .text._ZN3mcu4GPIO3setILj8EEERS0_NS_9GPIO_bits5MODER4ModeE
                0x00000000080034f4       0x38 build/main.o
                0x00000000080034f4                mcu::GPIO& mcu::GPIO::set<8u>(mcu::GPIO_bits::MODER::Mode)
 .text._ZNSt5arrayIhLj255EE4dataEv
                0x000000000800352c       0x1a build/main.o
                0x000000000800352c                std::array<unsigned char, 255u>::data()
 *fill*         0x0000000008003546        0x2 
 .text._ZN12Modbus_slaveI7In_regs8Out_regsLj0EE14uart_interruptC2ERS2_
                0x0000000008003548       0x3c build/main.o
                0x0000000008003548                Modbus_slave<In_regs, Out_regs, 0u>::uart_interrupt::uart_interrupt(Modbus_slave<In_regs, Out_regs, 0u>&)
                0x0000000008003548                Modbus_slave<In_regs, Out_regs, 0u>::uart_interrupt::uart_interrupt(Modbus_slave<In_regs, Out_regs, 0u>&)
 .text._ZN12Modbus_slaveI7In_regs8Out_regsLj0EE13dma_interruptC2ERS2_
                0x0000000008003584       0x3c build/main.o
                0x0000000008003584                Modbus_slave<In_regs, Out_regs, 0u>::dma_interrupt::dma_interrupt(Modbus_slave<In_regs, Out_regs, 0u>&)
                0x0000000008003584                Modbus_slave<In_regs, Out_regs, 0u>::dma_interrupt::dma_interrupt(Modbus_slave<In_regs, Out_regs, 0u>&)
 .text._ZN10Net_bufferILj255EE5clearEv
                0x00000000080035c0       0x24 build/main.o
                0x00000000080035c0                Net_buffer<255u>::clear()
 .text._ZN6SensorIZ4mainE10Flash_data12Modbus_slaveI7In_regs8Out_regsLj0EEE4tempEt
                0x00000000080035e4       0x5c build/main.o
 .text._ZN10Net_bufferILj255EE4sizeEv
                0x0000000008003640       0x22 build/main.o
                0x0000000008003640                Net_buffer<255u>::size()
 .text._ZN12Modbus_slaveI7In_regs8Out_regsLj0EEclIZN6SensorIZ4mainE10Flash_dataS2_EclEvEUlT_E_EEvS7_
                0x0000000008003662      0x122 build/main.o
 .text._ZN4HeapILj256EE20operator_multideleteEPv
                0x0000000008003784       0x2c build/main.o
                0x0000000008003784                Heap<256u>::operator_multidelete(void*)
 .text._ZN3mcu4GPIO4initINS_4Pin_ILNS_6PeriphE1ELi0EEELNS_7PinModeE2EEEvv
                0x00000000080037b0       0x1a build/main.o
                0x00000000080037b0                void mcu::GPIO::init<mcu::Pin_<(mcu::Periph)1, 0>, (mcu::PinMode)2>()
 .text._ZN4ListI11ADC_channelE10push_frontERS0_
                0x00000000080037ca       0x3e build/main.o
                0x00000000080037ca                List<ADC_channel>::push_front(ADC_channel&)
 .text._ZN4ListI11ADC_channelE9push_backERS0_
                0x0000000008003808       0x3e build/main.o
                0x0000000008003808                List<ADC_channel>::push_back(ADC_channel&)
 .text._ZNK4ListI11ADC_channelE8IteratorptEv
                0x0000000008003846       0x14 build/main.o
                0x0000000008003846                List<ADC_channel>::Iterator::operator->() const
 .text._ZN9__gnu_cxx5__ops11__pred_iterIZN11ADC_average11add_channelIN3mcu4Pin_ILNS4_6PeriphE1ELi0EEEEER11ADC_channelvEUlRT_E_EENS0_10_Iter_predISA_EESA_
                0x000000000800385a       0x2a build/main.o
                0x000000000800385a                __gnu_cxx::__ops::_Iter_pred<ADC_average::add_channel<mcu::Pin_<(mcu::Periph)1, 0> >()::{lambda(auto:1&)#1}> __gnu_cxx::__ops::__pred_iter<ADC_average::add_channel<mcu::Pin_<(mcu::Periph)1, 0> >()::{lambda(auto:1&)#1}>(ADC_average::add_channel<mcu::Pin_<(mcu::Periph)1, 0> >()::{lambda(auto:1&)#1})
 .text._ZSt9__find_ifIN4ListI11ADC_channelE8IteratorEN9__gnu_cxx5__ops10_Iter_predIZN11ADC_average11add_channelIN3mcu4Pin_ILNS9_6PeriphE1ELi0EEEEERS1_vEUlRT_E_EEESE_SE_SE_T0_
                0x0000000008003884       0x2c build/main.o
                0x0000000008003884                List<ADC_channel>::Iterator std::__find_if<List<ADC_channel>::Iterator, __gnu_cxx::__ops::_Iter_pred<ADC_average::add_channel<mcu::Pin_<(mcu::Periph)1, 0> >()::{lambda(auto:1&)#1}> >(List<ADC_channel>::Iterator, List<ADC_channel>::Iterator, __gnu_cxx::__ops::_Iter_pred<ADC_average::add_channel<mcu::Pin_<(mcu::Periph)1, 0> >()::{lambda(auto:1&)#1}>)
 .text._ZN23Heap_on_stack_allocatedItEnaEj
                0x00000000080038b0       0x24 build/main.o
                0x00000000080038b0                Heap_on_stack_allocated<unsigned short>::operator new[](unsigned int)
 .text._ZN3mcu4GPIO4initINS_4Pin_ILNS_6PeriphE1ELi1EEELNS_7PinModeE2EEEvv
                0x00000000080038d4       0x1a build/main.o
                0x00000000080038d4                void mcu::GPIO::init<mcu::Pin_<(mcu::Periph)1, 1>, (mcu::PinMode)2>()
 .text._ZN9__gnu_cxx5__ops11__pred_iterIZN11ADC_average11add_channelIN3mcu4Pin_ILNS4_6PeriphE1ELi1EEEEER11ADC_channelvEUlRT_E_EENS0_10_Iter_predISA_EESA_
                0x00000000080038ee       0x2a build/main.o
                0x00000000080038ee                __gnu_cxx::__ops::_Iter_pred<ADC_average::add_channel<mcu::Pin_<(mcu::Periph)1, 1> >()::{lambda(auto:1&)#1}> __gnu_cxx::__ops::__pred_iter<ADC_average::add_channel<mcu::Pin_<(mcu::Periph)1, 1> >()::{lambda(auto:1&)#1}>(ADC_average::add_channel<mcu::Pin_<(mcu::Periph)1, 1> >()::{lambda(auto:1&)#1})
 .text._ZSt9__find_ifIN4ListI11ADC_channelE8IteratorEN9__gnu_cxx5__ops10_Iter_predIZN11ADC_average11add_channelIN3mcu4Pin_ILNS9_6PeriphE1ELi1EEEEERS1_vEUlRT_E_EEESE_SE_SE_T0_
                0x0000000008003918       0x2c build/main.o
                0x0000000008003918                List<ADC_channel>::Iterator std::__find_if<List<ADC_channel>::Iterator, __gnu_cxx::__ops::_Iter_pred<ADC_average::add_channel<mcu::Pin_<(mcu::Periph)1, 1> >()::{lambda(auto:1&)#1}> >(List<ADC_channel>::Iterator, List<ADC_channel>::Iterator, __gnu_cxx::__ops::_Iter_pred<ADC_average::add_channel<mcu::Pin_<(mcu::Periph)1, 1> >()::{lambda(auto:1&)#1}>)
 .text._ZN3mcu5FLASH7addressILNS0_6SectorE31EEEjv
                0x0000000008003944       0x10 build/main.o
                0x0000000008003944                unsigned int mcu::FLASH::address<(mcu::FLASH::Sector)31>()
 .text._ZN3mcu5FLASH7addressILNS0_6SectorE30EEEjv
                0x0000000008003954       0x10 build/main.o
                0x0000000008003954                unsigned int mcu::FLASH::address<(mcu::FLASH::Sector)30>()
 .text._ZNSt5arrayI6MemoryLj2EEixEj
                0x0000000008003964       0x20 build/main.o
                0x0000000008003964                std::array<Memory, 2u>::operator[](unsigned int)
 .text._ZN3mcu14make_referenceILNS_6PeriphE26EEENSt9enable_ifIXeqT_LS1_26EERNS_5FLASHEE4typeEv
                0x0000000008003984       0x10 build/main.o
                0x0000000008003984                std::enable_if<((mcu::Periph)26)==((mcu::Periph)26), mcu::FLASH&>::type mcu::make_reference<(mcu::Periph)26>()
 .text._ZZN18Flash_updater_implIZ4mainE10Flash_dataJLN3mcu5FLASH6SectorE31ELS3_30EEE7is_readEvENKUlvE_clEv
                0x0000000008003994       0x34 build/main.o
 .text._ZN18Flash_updater_implIZ4mainE10Flash_dataJLN3mcu5FLASH6SectorE31ELS3_30EEE7is_readEv
                0x00000000080039c8      0x34e build/main.o
 .text._ZNSt14__array_traitsIhLj255EE6_S_ptrERA255_Kh
                0x0000000008003d16       0x12 build/main.o
                0x0000000008003d16                std::__array_traits<unsigned char, 255u>::_S_ptr(unsigned char const (&) [255])
 .text._ZSt5beginIKmLj100EEPT_RAT0__S1_
                0x0000000008003d28       0x12 build/main.o
                0x0000000008003d28                unsigned long const* std::begin<unsigned long const, 100u>(unsigned long const (&) [100u])
 .text._ZSt3endIKmLj100EEPT_RAT0__S1_
                0x0000000008003d3a       0x16 build/main.o
                0x0000000008003d3a                unsigned long const* std::end<unsigned long const, 100u>(unsigned long const (&) [100u])
 .text._ZSt11lower_boundIPKmtSt7greaterImEET_S4_S4_RKT0_T1_
                0x0000000008003d50       0x2c build/main.o
                0x0000000008003d50                unsigned long const* std::lower_bound<unsigned long const*, unsigned short, std::greater<unsigned long> >(unsigned long const*, unsigned long const*, unsigned short const&, std::greater<unsigned long>)
 .text._ZN10UART_sizedILj255EE12is_receivingEv
                0x0000000008003d7c       0x38 build/main.o
                0x0000000008003d7c                UART_sized<255u>::is_receiving()
 .text._ZN10Net_bufferILj255EE5frontEv
                0x0000000008003db4       0x28 build/main.o
                0x0000000008003db4                Net_buffer<255u>::front()
 .text._ZN10Net_bufferILj255EE3endEv
                0x0000000008003ddc       0x2c build/main.o
                0x0000000008003ddc                Net_buffer<255u>::end()
 .text._Z5CRC16IPhEDaT_S1_
                0x0000000008003e08       0x80 build/main.o
                0x0000000008003e08                auto CRC16<unsigned char*>(unsigned char*, unsigned char*)
 .text._ZSt3getILj0EJhhEEONSt13tuple_elementIXT_ESt5tupleIJDpT0_EEE4typeEOS4_
                0x0000000008003e88       0x22 build/main.o
                0x0000000008003e88                std::tuple_element<0u, std::tuple<unsigned char, unsigned char> >::type&& std::get<0u, unsigned char, unsigned char>(std::tuple<unsigned char, unsigned char>&&)
 .text._ZSt7forwardIOhEOT_RNSt16remove_referenceIS1_E4typeE
                0x0000000008003eaa       0x12 build/main.o
                0x0000000008003eaa                unsigned char&& std::forward<unsigned char&&>(std::remove_reference<unsigned char&&>::type&)
 .text._ZSt3getILj0EJhhEERNSt13tuple_elementIXT_ESt5tupleIJDpT0_EEE4typeERS4_
                0x0000000008003ebc       0x1a build/main.o
                0x0000000008003ebc                std::tuple_element<0u, std::tuple<unsigned char, unsigned char> >::type& std::get<0u, unsigned char, unsigned char>(std::tuple<unsigned char, unsigned char>&)
 .text._ZSt12__get_helperILj0EhJhEERT0_RSt11_Tuple_implIXT_EJS0_DpT1_EE
                0x0000000008003ed6       0x1a build/main.o
                0x0000000008003ed6                unsigned char& std::__get_helper<0u, unsigned char, unsigned char>(std::_Tuple_impl<0u, unsigned char, unsigned char>&)
 .text._ZNSt11_Tuple_implILj0EJhhEE7_M_headERS0_
                0x0000000008003ef0       0x1c build/main.o
                0x0000000008003ef0                std::_Tuple_impl<0u, unsigned char, unsigned char>::_M_head(std::_Tuple_impl<0u, unsigned char, unsigned char>&)
 .text._ZNSt10_Head_baseILj0EhLb0EE7_M_headERS0_
                0x0000000008003f0c       0x12 build/main.o
                0x0000000008003f0c                std::_Head_base<0u, unsigned char, false>::_M_head(std::_Head_base<0u, unsigned char, false>&)
 .text._ZSt3getILj1EJhhEEONSt13tuple_elementIXT_ESt5tupleIJDpT0_EEE4typeEOS4_
                0x0000000008003f1e       0x22 build/main.o
                0x0000000008003f1e                std::tuple_element<1u, std::tuple<unsigned char, unsigned char> >::type&& std::get<1u, unsigned char, unsigned char>(std::tuple<unsigned char, unsigned char>&&)
 .text._ZSt3getILj1EJhhEERNSt13tuple_elementIXT_ESt5tupleIJDpT0_EEE4typeERS4_
                0x0000000008003f40       0x1a build/main.o
                0x0000000008003f40                std::tuple_element<1u, std::tuple<unsigned char, unsigned char> >::type& std::get<1u, unsigned char, unsigned char>(std::tuple<unsigned char, unsigned char>&)
 .text._ZSt12__get_helperILj1EhJEERT0_RSt11_Tuple_implIXT_EJS0_DpT1_EE
                0x0000000008003f5a       0x1a build/main.o
                0x0000000008003f5a                unsigned char& std::__get_helper<1u, unsigned char>(std::_Tuple_impl<1u, unsigned char>&)
 .text._ZNSt11_Tuple_implILj1EJhEE7_M_headERS0_
                0x0000000008003f74       0x1a build/main.o
                0x0000000008003f74                std::_Tuple_impl<1u, unsigned char>::_M_head(std::_Tuple_impl<1u, unsigned char>&)
 .text._ZNSt10_Head_baseILj1EhLb0EE7_M_headERS0_
                0x0000000008003f8e       0x12 build/main.o
                0x0000000008003f8e                std::_Head_base<1u, unsigned char, false>::_M_head(std::_Head_base<1u, unsigned char, false>&)
 .text._ZN12Modbus_slaveI7In_regs8Out_regsLj0EE9check_CRCEv
                0x0000000008003fa0       0x92 build/main.o
                0x0000000008003fa0                Modbus_slave<In_regs, Out_regs, 0u>::check_CRC()
 .text._ZN10Net_bufferILj255EE9pop_frontEv
                0x0000000008004032       0x50 build/main.o
                0x0000000008004032                Net_buffer<255u>::pop_front()
 .text._ZN12Modbus_slaveI7In_regs8Out_regsLj0EE9answer_03Ev
                0x0000000008004082      0x106 build/main.o
                0x0000000008004082                Modbus_slave<In_regs, Out_regs, 0u>::answer_03()
 .text._ZZN6SensorIZ4mainE10Flash_data12Modbus_slaveI7In_regs8Out_regsLj0EEEclEvENKUlT_E_clIiEEDaS6_
                0x0000000008004188       0xa8 build/main.o
 .text._ZN12Modbus_slaveI7In_regs8Out_regsLj0EE9answer_16IZN6SensorIZ4mainE10Flash_dataS2_EclEvEUlT_E_EEvS7_
                0x0000000008004230      0x14e build/main.o
 *fill*         0x000000000800437e        0x2 
 .text._ZN12Modbus_slaveI7In_regs8Out_regsLj0EE9answer_05Ev
                0x0000000008004380       0xc0 build/main.o
                0x0000000008004380                Modbus_slave<In_regs, Out_regs, 0u>::answer_05()
 .text._ZN12Modbus_slaveI7In_regs8Out_regsLj0EE12answer_errorE17Modbus_error_code
                0x0000000008004440      0x158 build/main.o
                0x0000000008004440                Modbus_slave<In_regs, Out_regs, 0u>::answer_error(Modbus_error_code)
 .text._ZN4HeapILj256EE10deallocateEPvj
                0x0000000008004598       0x58 build/main.o
                0x0000000008004598                Heap<256u>::deallocate(void*, unsigned int)
 .text._ZN3mcu4GPIO3setILj0EEERS0_NS_9GPIO_bits5MODER4ModeE
                0x00000000080045f0       0x32 build/main.o
                0x00000000080045f0                mcu::GPIO& mcu::GPIO::set<0u>(mcu::GPIO_bits::MODER::Mode)
 .text._ZSt4moveIRZN11ADC_average11add_channelIN3mcu4Pin_ILNS2_6PeriphE1ELi0EEEEER11ADC_channelvEUlRT_E_EONSt16remove_referenceIS8_E4typeEOS8_
                0x0000000008004622       0x12 build/main.o
                0x0000000008004622                std::remove_reference<ADC_average::add_channel<mcu::Pin_<(mcu::Periph)1, 0> >()::{lambda(auto:1&)#1}&>::type&& std::move<ADC_average::add_channel<mcu::Pin_<(mcu::Periph)1, 0> >()::{lambda(auto:1&)#1}&>(ADC_average::add_channel<mcu::Pin_<(mcu::Periph)1, 0> >()::{lambda(auto:1&)#1}&)
 .text._ZN9__gnu_cxx5__ops10_Iter_predIZN11ADC_average11add_channelIN3mcu4Pin_ILNS4_6PeriphE1ELi0EEEEER11ADC_channelvEUlRT_E_EC2ESC_
                0x0000000008004634       0x24 build/main.o
                0x0000000008004634                __gnu_cxx::__ops::_Iter_pred<ADC_average::add_channel<mcu::Pin_<(mcu::Periph)1, 0> >()::{lambda(auto:1&)#1}>::_Iter_pred({lambda(auto:1&)#1})
                0x0000000008004634                __gnu_cxx::__ops::_Iter_pred<ADC_average::add_channel<mcu::Pin_<(mcu::Periph)1, 0> >()::{lambda(auto:1&)#1}>::_Iter_pred({lambda(auto:1&)#1})
 .text._ZSt19__iterator_categoryIN4ListI11ADC_channelE8IteratorEENSt15iterator_traitsIT_E17iterator_categoryERKS5_
                0x0000000008004658       0x10 build/main.o
                0x0000000008004658                std::iterator_traits<List<ADC_channel>::Iterator>::iterator_category std::__iterator_category<List<ADC_channel>::Iterator>(List<ADC_channel>::Iterator const&)
 .text._ZSt9__find_ifIN4ListI11ADC_channelE8IteratorEN9__gnu_cxx5__ops10_Iter_predIZN11ADC_average11add_channelIN3mcu4Pin_ILNS9_6PeriphE1ELi0EEEEERS1_vEUlRT_E_EEESE_SE_SE_T0_St18input_iterator_tag
                0x0000000008004668       0x5e build/main.o
                0x0000000008004668                List<ADC_channel>::Iterator std::__find_if<List<ADC_channel>::Iterator, __gnu_cxx::__ops::_Iter_pred<ADC_average::add_channel<mcu::Pin_<(mcu::Periph)1, 0> >()::{lambda(auto:1&)#1}> >(List<ADC_channel>::Iterator, List<ADC_channel>::Iterator, __gnu_cxx::__ops::_Iter_pred<ADC_average::add_channel<mcu::Pin_<(mcu::Periph)1, 0> >()::{lambda(auto:1&)#1}>, std::input_iterator_tag)
 .text._ZN4HeapILj256EE17operator_multinewEj
                0x00000000080046c6       0x40 build/main.o
                0x00000000080046c6                Heap<256u>::operator_multinew(unsigned int)
 .text._ZN3mcu4GPIO3setILj1EEERS0_NS_9GPIO_bits5MODER4ModeE
                0x0000000008004706       0x34 build/main.o
                0x0000000008004706                mcu::GPIO& mcu::GPIO::set<1u>(mcu::GPIO_bits::MODER::Mode)
 .text._ZSt4moveIRZN11ADC_average11add_channelIN3mcu4Pin_ILNS2_6PeriphE1ELi1EEEEER11ADC_channelvEUlRT_E_EONSt16remove_referenceIS8_E4typeEOS8_
                0x000000000800473a       0x12 build/main.o
                0x000000000800473a                std::remove_reference<ADC_average::add_channel<mcu::Pin_<(mcu::Periph)1, 1> >()::{lambda(auto:1&)#1}&>::type&& std::move<ADC_average::add_channel<mcu::Pin_<(mcu::Periph)1, 1> >()::{lambda(auto:1&)#1}&>(ADC_average::add_channel<mcu::Pin_<(mcu::Periph)1, 1> >()::{lambda(auto:1&)#1}&)
 .text._ZN9__gnu_cxx5__ops10_Iter_predIZN11ADC_average11add_channelIN3mcu4Pin_ILNS4_6PeriphE1ELi1EEEEER11ADC_channelvEUlRT_E_EC2ESC_
                0x000000000800474c       0x24 build/main.o
                0x000000000800474c                __gnu_cxx::__ops::_Iter_pred<ADC_average::add_channel<mcu::Pin_<(mcu::Periph)1, 1> >()::{lambda(auto:1&)#1}>::_Iter_pred({lambda(auto:1&)#1})
                0x000000000800474c                __gnu_cxx::__ops::_Iter_pred<ADC_average::add_channel<mcu::Pin_<(mcu::Periph)1, 1> >()::{lambda(auto:1&)#1}>::_Iter_pred({lambda(auto:1&)#1})
 .text._ZSt9__find_ifIN4ListI11ADC_channelE8IteratorEN9__gnu_cxx5__ops10_Iter_predIZN11ADC_average11add_channelIN3mcu4Pin_ILNS9_6PeriphE1ELi1EEEEERS1_vEUlRT_E_EEESE_SE_SE_T0_St18input_iterator_tag
                0x0000000008004770       0x5e build/main.o
                0x0000000008004770                List<ADC_channel>::Iterator std::__find_if<List<ADC_channel>::Iterator, __gnu_cxx::__ops::_Iter_pred<ADC_average::add_channel<mcu::Pin_<(mcu::Periph)1, 1> >()::{lambda(auto:1&)#1}> >(List<ADC_channel>::Iterator, List<ADC_channel>::Iterator, __gnu_cxx::__ops::_Iter_pred<ADC_average::add_channel<mcu::Pin_<(mcu::Periph)1, 1> >()::{lambda(auto:1&)#1}>, std::input_iterator_tag)
 .text._ZNSt14__array_traitsI6MemoryLj2EE6_S_refERA2_KS0_j
                0x00000000080047ce       0x1a build/main.o
                0x00000000080047ce                std::__array_traits<Memory, 2u>::_S_ref(Memory const (&) [2], unsigned int)
 .text._ZSt5beginIhLj8EEPT_RAT0__S0_
                0x00000000080047e8       0x12 build/main.o
                0x00000000080047e8                unsigned char* std::begin<unsigned char, 8u>(unsigned char (&) [8u])
 .text._ZSt3endIhLj8EEPT_RAT0__S0_
                0x00000000080047fa       0x14 build/main.o
                0x00000000080047fa                unsigned char* std::end<unsigned char, 8u>(unsigned char (&) [8u])
 .text._ZSt4fillIPhiEvT_S1_RKT0_
                0x000000000800480e       0x32 build/main.o
                0x000000000800480e                void std::fill<unsigned char*, int>(unsigned char*, unsigned char*, int const&)
 .text._ZSt5beginIbLj8EEPT_RAT0__S0_
                0x0000000008004840       0x12 build/main.o
                0x0000000008004840                bool* std::begin<bool, 8u>(bool (&) [8u])
 .text._ZSt3endIbLj8EEPT_RAT0__S0_
                0x0000000008004852       0x14 build/main.o
                0x0000000008004852                bool* std::end<bool, 8u>(bool (&) [8u])
 .text._ZSt6all_ofIPbZZN18Flash_updater_implIZ4mainE10Flash_dataJLN3mcu5FLASH6SectorE31ELS5_30EEE7is_readEvENKUlvE_clEvEUlRT_E_EbS8_S8_T0_
                0x0000000008004866       0x2e build/main.o
 .text._ZNKSt5arrayI6MemoryLj2EE4sizeEv
                0x0000000008004894       0x12 build/main.o
                0x0000000008004894                std::array<Memory, 2u>::size() const
 .text._ZSt7find_ifIN6Memory8IteratorEZN18Flash_updater_implIZ4mainE10Flash_dataJLN3mcu5FLASH6SectorE31ELS6_30EEE7is_readEvEUlRT_E0_ES8_S8_S8_T0_
                0x00000000080048a6       0x36 build/main.o
 .text._ZN8SizedIntILj2EjEaSEj
                0x00000000080048dc       0x1c build/main.o
                0x00000000080048dc                SizedInt<2u, unsigned int>::operator=(unsigned int)
 .text._ZNK8SizedIntILj2EjEcvjEv
                0x00000000080048f8       0x14 build/main.o
                0x00000000080048f8                SizedInt<2u, unsigned int>::operator unsigned int() const
 .text._ZSt6any_ofIN6Memory8IteratorEZN18Flash_updater_implIZ4mainE10Flash_dataJLN3mcu5FLASH6SectorE31ELS6_30EEE7is_readEvEUlRT_E1_EbS8_S8_T0_
                0x000000000800490c       0x2c build/main.o
 .text._ZSt5beginIbLj2EEPT_RAT0__S0_
                0x0000000008004938       0x12 build/main.o
                0x0000000008004938                bool* std::begin<bool, 2u>(bool (&) [2u])
 .text._ZSt3endIbLj2EEPT_RAT0__S0_
                0x000000000800494a       0x14 build/main.o
                0x000000000800494a                bool* std::end<bool, 2u>(bool (&) [2u])
 .text._ZSt6any_ofIPbZN18Flash_updater_implIZ4mainE10Flash_dataJLN3mcu5FLASH6SectorE31ELS5_30EEE7is_readEvEUlRT_E2_EbS7_S7_T0_
                0x000000000800495e       0x2c build/main.o
 .text._ZN9__gnu_cxx5__ops15__iter_comp_valISt7greaterImEEENS0_14_Iter_comp_valIT_EES5_
                0x000000000800498a       0x26 build/main.o
                0x000000000800498a                __gnu_cxx::__ops::_Iter_comp_val<std::greater<unsigned long> > __gnu_cxx::__ops::__iter_comp_val<std::greater<unsigned long> >(std::greater<unsigned long>)
 .text._ZSt8distanceIPKmENSt15iterator_traitsIT_E15difference_typeES3_S3_
                0x00000000080049b0       0x2a build/main.o
                0x00000000080049b0                std::iterator_traits<unsigned long const*>::difference_type std::distance<unsigned long const*>(unsigned long const*, unsigned long const*)
 .text._ZSt13__lower_boundIPKmtN9__gnu_cxx5__ops14_Iter_comp_valISt7greaterImEEEET_S8_S8_RKT0_T1_
                0x00000000080049da       0x74 build/main.o
                0x00000000080049da                unsigned long const* std::__lower_bound<unsigned long const*, unsigned short, __gnu_cxx::__ops::_Iter_comp_val<std::greater<unsigned long> > >(unsigned long const*, unsigned long const*, unsigned short const&, __gnu_cxx::__ops::_Iter_comp_val<std::greater<unsigned long> >)
 .text._ZNSt5arrayIhLj255EEixEj
                0x0000000008004a4e       0x20 build/main.o
                0x0000000008004a4e                std::array<unsigned char, 255u>::operator[](unsigned int)
 .text._ZN10Net_bufferILj255EE8pop_backEv
                0x0000000008004a6e       0x54 build/main.o
                0x0000000008004a6e                Net_buffer<255u>::pop_back()
 .text._ZNSt5tupleIJhhEEC2IRhS2_Lb1EEEOT_OT0_
                0x0000000008004ac2       0x36 build/main.o
                0x0000000008004ac2                std::tuple<unsigned char, unsigned char>::tuple<unsigned char&, unsigned char&, true>(unsigned char&, unsigned char&)
                0x0000000008004ac2                std::tuple<unsigned char, unsigned char>::tuple<unsigned char&, unsigned char&, true>(unsigned char&, unsigned char&)
 .text._ZN12Modbus_slaveI7In_regs8Out_regsLj0EE10check_regsEt
                0x0000000008004af8       0x6e build/main.o
                0x0000000008004af8                Modbus_slave<In_regs, Out_regs, 0u>::check_regs(unsigned short)
 .text._ZN10Net_bufferILj255EElsEh
                0x0000000008004b66       0x48 build/main.o
                0x0000000008004b66                Net_buffer<255u>::operator<<(unsigned char)
 .text._ZN10Net_bufferILj255EE8to_bytesEt
                0x0000000008004bae       0x42 build/main.o
                0x0000000008004bae                Net_buffer<255u>::to_bytes(unsigned short)
 .text._ZN10Net_bufferILj255EElsEt
                0x0000000008004bf0       0x5c build/main.o
                0x0000000008004bf0                Net_buffer<255u>::operator<<(unsigned short)
 .text._ZN10UART_sizedILj255EE8transmitEv
                0x0000000008004c4c       0x7a build/main.o
                0x0000000008004c4c                UART_sized<255u>::transmit()
 .text._ZN10Net_bufferILj255EErsERh
                0x0000000008004cc6       0x5c build/main.o
                0x0000000008004cc6                Net_buffer<255u>::operator>>(unsigned char&)
 .text._ZN12Modbus_slaveI7In_regs8Out_regsLj0EE11check_valueEv
                0x0000000008004d22      0x1a2 build/main.o
                0x0000000008004d22                Modbus_slave<In_regs, Out_regs, 0u>::check_value()
 .text._ZN12Modbus_slaveI7In_regs8Out_regsLj0EE9check_regEt
                0x0000000008004ec4       0x38 build/main.o
                0x0000000008004ec4                Modbus_slave<In_regs, Out_regs, 0u>::check_reg(unsigned short)
 .text._ZN10Net_bufferILj255EE10from_bytesEhh
                0x0000000008004efc       0x36 build/main.o
                0x0000000008004efc                Net_buffer<255u>::from_bytes(unsigned char, unsigned char)
 .text._ZN10Net_bufferILj255EErsERt
                0x0000000008004f32       0x6a build/main.o
                0x0000000008004f32                Net_buffer<255u>::operator>>(unsigned short&)
 .text._ZNSt5arrayISt8functionIFvbEELj0EEixEj
                0x0000000008004f9c       0x20 build/main.o
                0x0000000008004f9c                std::array<std::function<void (bool)>, 0u>::operator[](unsigned int)
 .text._ZNKSt8functionIFvbEEcvbEv
                0x0000000008004fbc       0x22 build/main.o
                0x0000000008004fbc                std::function<void (bool)>::operator bool() const
 .text._ZNKSt8functionIFvbEEclEb
                0x0000000008004fde       0x3c build/main.o
                0x0000000008004fde                std::function<void (bool)>::operator()(bool) const
 .text._ZN10Net_bufferILj255EE8set_sizeEj
                0x000000000800501a       0x3a build/main.o
                0x000000000800501a                Net_buffer<255u>::set_size(unsigned int)
 .text._ZN12Modbus_slaveI7In_regs8Out_regsLj0EE12set_high_bitEh
                0x0000000008005054       0x22 build/main.o
                0x0000000008005054                Modbus_slave<In_regs, Out_regs, 0u>::set_high_bit(unsigned char)
 .text._ZNSt5arrayIhLj256EE5beginEv
                0x0000000008005076       0x1a build/main.o
                0x0000000008005076                std::array<unsigned char, 256u>::begin()
 .text._ZZN11ADC_average11add_channelIN3mcu4Pin_ILNS1_6PeriphE1ELi0EEEEER11ADC_channelvENKUlRT_E_clIS5_EEDaS8_
                0x0000000008005090       0x26 build/main.o
                0x0000000008005090                auto ADC_average::add_channel<mcu::Pin_<(mcu::Periph)1, 0> >()::{lambda(auto:1&)#1}::operator()<ADC_channel>(ADC_channel&) const
 .text._ZN9__gnu_cxx5__ops10_Iter_predIZN11ADC_average11add_channelIN3mcu4Pin_ILNS4_6PeriphE1ELi0EEEEER11ADC_channelvEUlRT_E_EclIN4ListIS8_E8IteratorEEEbSA_
                0x00000000080050b6       0x28 build/main.o
                0x00000000080050b6                bool __gnu_cxx::__ops::_Iter_pred<ADC_average::add_channel<mcu::Pin_<(mcu::Periph)1, 0> >()::{lambda(auto:1&)#1}>::operator()<List<ADC_channel>::Iterator>(List<ADC_channel>::Iterator)
 .text._ZN4HeapILj256EE8allocateEj
                0x00000000080050de       0x64 build/main.o
                0x00000000080050de                Heap<256u>::allocate(unsigned int)
 .text._ZZN11ADC_average11add_channelIN3mcu4Pin_ILNS1_6PeriphE1ELi1EEEEER11ADC_channelvENKUlRT_E_clIS5_EEDaS8_
                0x0000000008005142       0x26 build/main.o
                0x0000000008005142                auto ADC_average::add_channel<mcu::Pin_<(mcu::Periph)1, 1> >()::{lambda(auto:1&)#1}::operator()<ADC_channel>(ADC_channel&) const
 .text._ZN9__gnu_cxx5__ops10_Iter_predIZN11ADC_average11add_channelIN3mcu4Pin_ILNS4_6PeriphE1ELi1EEEEER11ADC_channelvEUlRT_E_EclIN4ListIS8_E8IteratorEEEbSA_
                0x0000000008005168       0x28 build/main.o
                0x0000000008005168                bool __gnu_cxx::__ops::_Iter_pred<ADC_average::add_channel<mcu::Pin_<(mcu::Periph)1, 1> >()::{lambda(auto:1&)#1}>::operator()<List<ADC_channel>::Iterator>(List<ADC_channel>::Iterator)
 .text._ZSt12__niter_baseIPhET_S1_
                0x0000000008005190       0x12 build/main.o
                0x0000000008005190                unsigned char* std::__niter_base<unsigned char*>(unsigned char*)
 .text._ZSt8__fill_aIPhiEN9__gnu_cxx11__enable_ifIXsrSt11__is_scalarIT0_E7__valueEvE6__typeET_S8_RKS4_
                0x00000000080051a2       0x32 build/main.o
                0x00000000080051a2                __gnu_cxx::__enable_if<std::__is_scalar<int>::__value, void>::__type std::__fill_a<unsigned char*, int>(unsigned char*, unsigned char*, int const&)
 .text._ZSt11find_if_notIPbZZN18Flash_updater_implIZ4mainE10Flash_dataJLN3mcu5FLASH6SectorE31ELS5_30EEE7is_readEvENKUlvE_clEvEUlRT_E_ES8_S8_S8_T0_
                0x00000000080051d4       0x2a build/main.o
 .text._ZN9__gnu_cxx5__ops11__pred_iterIZN18Flash_updater_implIZ4mainE10Flash_dataJLN3mcu5FLASH6SectorE31ELS6_30EEE7is_readEvEUlRT_E0_EENS0_10_Iter_predIS8_EES8_
                0x00000000080051fe       0x2a build/main.o
 .text._ZSt9__find_ifIN6Memory8IteratorEN9__gnu_cxx5__ops10_Iter_predIZN18Flash_updater_implIZ4mainE10Flash_dataJLN3mcu5FLASH6SectorE31ELS9_30EEE7is_readEvEUlRT_E0_EEESB_SB_SB_T0_
                0x0000000008005228       0x36 build/main.o
 .text._ZSt7none_ofIN6Memory8IteratorEZN18Flash_updater_implIZ4mainE10Flash_dataJLN3mcu5FLASH6SectorE31ELS6_30EEE7is_readEvEUlRT_E1_EbS8_S8_T0_
                0x000000000800525e       0x46 build/main.o
 .text._ZSt7none_ofIPbZN18Flash_updater_implIZ4mainE10Flash_dataJLN3mcu5FLASH6SectorE31ELS5_30EEE7is_readEvEUlRT_E2_EbS7_S7_T0_
                0x00000000080052a4       0x2e build/main.o
 .text._ZSt4moveIRSt7greaterImEEONSt16remove_referenceIT_E4typeEOS4_
                0x00000000080052d2       0x12 build/main.o
                0x00000000080052d2                std::remove_reference<std::greater<unsigned long>&>::type&& std::move<std::greater<unsigned long>&>(std::greater<unsigned long>&)
 .text._ZN9__gnu_cxx5__ops14_Iter_comp_valISt7greaterImEEC2ES3_
                0x00000000080052e4       0x1e build/main.o
                0x00000000080052e4                __gnu_cxx::__ops::_Iter_comp_val<std::greater<unsigned long> >::_Iter_comp_val(std::greater<unsigned long>)
                0x00000000080052e4                __gnu_cxx::__ops::_Iter_comp_val<std::greater<unsigned long> >::_Iter_comp_val(std::greater<unsigned long>)
 .text._ZSt19__iterator_categoryIPKmENSt15iterator_traitsIT_E17iterator_categoryERKS3_
                0x0000000008005302       0x10 build/main.o
                0x0000000008005302                std::iterator_traits<unsigned long const*>::iterator_category std::__iterator_category<unsigned long const*>(unsigned long const* const&)
 .text._ZSt10__distanceIPKmENSt15iterator_traitsIT_E15difference_typeES3_S3_St26random_access_iterator_tag
                0x0000000008005312       0x1e build/main.o
                0x0000000008005312                std::iterator_traits<unsigned long const*>::difference_type std::__distance<unsigned long const*>(unsigned long const*, unsigned long const*, std::random_access_iterator_tag)
 .text._ZSt7advanceIPKmiEvRT_T0_
                0x0000000008005330       0x2a build/main.o
                0x0000000008005330                void std::advance<unsigned long const*, int>(unsigned long const*&, int)
 .text._ZN9__gnu_cxx5__ops14_Iter_comp_valISt7greaterImEEclIPKmKtEEbT_RT0_
                0x000000000800535a       0x2a build/main.o
                0x000000000800535a                bool __gnu_cxx::__ops::_Iter_comp_val<std::greater<unsigned long> >::operator()<unsigned long const*, unsigned short const>(unsigned long const*, unsigned short const&)
 .text._ZNSt14__array_traitsIhLj255EE6_S_refERA255_Khj
                0x0000000008005384       0x18 build/main.o
                0x0000000008005384                std::__array_traits<unsigned char, 255u>::_S_ref(unsigned char const (&) [255], unsigned int)
 .text._ZSt7forwardIRhEOT_RNSt16remove_referenceIS1_E4typeE
                0x000000000800539c       0x12 build/main.o
                0x000000000800539c                unsigned char& std::forward<unsigned char&>(std::remove_reference<unsigned char&>::type&)
 .text._ZNSt11_Tuple_implILj0EJhhEEC2IRhJS2_EvEEOT_DpOT0_
                0x00000000080053ae       0x40 build/main.o
                0x00000000080053ae                std::_Tuple_impl<0u, unsigned char, unsigned char>::_Tuple_impl<unsigned char&, unsigned char&, void>(unsigned char&, unsigned char&)
                0x00000000080053ae                std::_Tuple_impl<0u, unsigned char, unsigned char>::_Tuple_impl<unsigned char&, unsigned char&, void>(unsigned char&, unsigned char&)
 .text._ZNSt5arrayIhLj2EEixEj
                0x00000000080053ee       0x20 build/main.o
                0x00000000080053ee                std::array<unsigned char, 2u>::operator[](unsigned int)
 .text._ZNSt14__array_traitsISt8functionIFvbEELj0EE6_S_refERKNS3_5_TypeEj
                0x000000000800540e       0x14 build/main.o
                0x000000000800540e                std::__array_traits<std::function<void (bool)>, 0u>::_S_ref(std::__array_traits<std::function<void (bool)>, 0u>::_Type const&, unsigned int)
 .text._ZNSt5arrayIhLj256EE4dataEv
                0x0000000008005422       0x1a build/main.o
                0x0000000008005422                std::array<unsigned char, 256u>::data()
 .text._ZN9__gnu_cxx5__ops11__pred_iterIZZN18Flash_updater_implIZ4mainE10Flash_dataJLN3mcu5FLASH6SectorE31ELS6_30EEE7is_readEvENKUlvE_clEvEUlRT_E_EENS0_10_Iter_predIS9_EES9_
                0x000000000800543c       0x26 build/main.o
 .text._ZSt13__find_if_notIPbN9__gnu_cxx5__ops10_Iter_predIZZN18Flash_updater_implIZ4mainE10Flash_dataJLN3mcu5FLASH6SectorE31ELS8_30EEE7is_readEvENKUlvE_clEvEUlRT_E_EEESB_SB_SB_T0_
                0x0000000008005462       0x3a build/main.o
 .text._ZSt4moveIRZN18Flash_updater_implIZ4mainE10Flash_dataJLN3mcu5FLASH6SectorE31ELS4_30EEE7is_readEvEUlRT_E0_EONSt16remove_referenceIS6_E4typeEOS6_
                0x000000000800549c       0x12 build/main.o
 .text._ZN9__gnu_cxx5__ops10_Iter_predIZN18Flash_updater_implIZ4mainE10Flash_dataJLN3mcu5FLASH6SectorE31ELS6_30EEE7is_readEvEUlRT_E0_EC2ESA_
                0x00000000080054ae       0x28 build/main.o
 .text._ZSt19__iterator_categoryIN6Memory8IteratorEENSt15iterator_traitsIT_E17iterator_categoryERKS3_
                0x00000000080054d6       0x10 build/main.o
                0x00000000080054d6                std::iterator_traits<Memory::Iterator>::iterator_category std::__iterator_category<Memory::Iterator>(Memory::Iterator const&)
 .text._ZSt9__find_ifIN6Memory8IteratorEN9__gnu_cxx5__ops10_Iter_predIZN18Flash_updater_implIZ4mainE10Flash_dataJLN3mcu5FLASH6SectorE31ELS9_30EEE7is_readEvEUlRT_E0_EEESB_SB_SB_T0_St18input_iterator_tag
                0x00000000080054e6       0x5e build/main.o
 .text._ZSt7find_ifIN6Memory8IteratorEZN18Flash_updater_implIZ4mainE10Flash_dataJLN3mcu5FLASH6SectorE31ELS6_30EEE7is_readEvEUlRT_E1_ES8_S8_S8_T0_
                0x0000000008005544       0x2a build/main.o
 .text._ZSt7find_ifIPbZN18Flash_updater_implIZ4mainE10Flash_dataJLN3mcu5FLASH6SectorE31ELS5_30EEE7is_readEvEUlRT_E2_ES7_S7_S7_T0_
                0x000000000800556e       0x2a build/main.o
 .text._ZSt9__advanceIPKmiEvRT_T0_St26random_access_iterator_tag
                0x0000000008005598       0x24 build/main.o
                0x0000000008005598                void std::__advance<unsigned long const*, int>(unsigned long const*&, int, std::random_access_iterator_tag)
 .text._ZNKSt7greaterImEclERKmS2_
                0x00000000080055bc       0x24 build/main.o
                0x00000000080055bc                std::greater<unsigned long>::operator()(unsigned long const&, unsigned long const&) const
 .text._ZNSt11_Tuple_implILj1EJhEEC2IRhEEOT_
                0x00000000080055e0       0x28 build/main.o
                0x00000000080055e0                std::_Tuple_impl<1u, unsigned char>::_Tuple_impl<unsigned char&>(unsigned char&)
                0x00000000080055e0                std::_Tuple_impl<1u, unsigned char>::_Tuple_impl<unsigned char&>(unsigned char&)